Archive member included to satisfy reference by file (symbol)

freertos/libfreertos.a(queue.c.obj)
                              CMakeFiles/firmware.dir/firmware.c.obj (xQueueGenericCreate)
freertos/libfreertos.a(tasks.c.obj)
                              CMakeFiles/firmware.dir/firmware.c.obj (xTaskCreate)
freertos/libfreertos.a(timers.c.obj)
                              freertos/libfreertos.a(tasks.c.obj) (xTimerCreateTimerTask)
freertos/libfreertos.a(heap_3.c.obj)
                              freertos/libfreertos.a(queue.c.obj) (pvPortMalloc)
freertos/libfreertos.a(port.c.obj)
                              freertos/libfreertos.a(queue.c.obj) (vPortYield)
freertos/libfreertos.a(portasm.c.obj)
                              freertos/libfreertos.a(port.c.obj) (vRestoreContextOfFirstTask)
freertos/libfreertos.a(event_groups.c.obj)
                              freertos/libfreertos.a(port.c.obj) (xEventGroupCreate)
freertos/libfreertos.a(list.c.obj)
                              freertos/libfreertos.a(queue.c.obj) (vListInitialise)
pwm_lib/libpwm_lib.a(pwm_lib.c.obj)
                              CMakeFiles/firmware.dir/firmware.c.obj (pwm_init_config)
lcd/liblcd.a(lcd.c.obj)       CMakeFiles/firmware.dir/firmware.c.obj (lcd_clear)
HC_SR04/libHC_SR04.a(HC_SR04.c.obj)
                              CMakeFiles/firmware.dir/firmware.c.obj (hc_sr04_init)
ds3231/libds3231.a(ds3231.c.obj)
                              CMakeFiles/firmware.dir/firmware.c.obj (ds3231_get_time)
pid_controller/libpid_controller.a(pid_controller.c.obj)
                              CMakeFiles/firmware.dir/firmware.c.obj (PIDController_Init)
pico_sd_fatfs/libpico_sd_fatfs.a(ff.c.obj)
                              CMakeFiles/firmware.dir/firmware.c.obj (f_mount)
pico_sd_fatfs/libpico_sd_fatfs.a(ffunicode.c.obj)
                              pico_sd_fatfs/libpico_sd_fatfs.a(ff.c.obj) (ff_uni2oem)
pico_sd_fatfs/libpico_sd_fatfs.a(ffsystem.c.obj)
                              pico_sd_fatfs/libpico_sd_fatfs.a(ff.c.obj) (ff_memalloc)
pico_sd_fatfs/libpico_sd_fatfs.a(my_rtc.c.obj)
                              pico_sd_fatfs/libpico_sd_fatfs.a(ff.c.obj) (get_fattime)
pico_sd_fatfs/libpico_sd_fatfs.a(crc.c.obj)
                              pico_sd_fatfs/libpico_sd_fatfs.a(my_rtc.c.obj) (m_Crc7Table)
pico_sd_fatfs/libpico_sd_fatfs.a(f_util.c.obj)
                              CMakeFiles/firmware.dir/firmware.c.obj (FRESULT_str)
pico_sd_fatfs/libpico_sd_fatfs.a(glue.c.obj)
                              pico_sd_fatfs/libpico_sd_fatfs.a(ff.c.obj) (disk_status)
pico_sd_fatfs/libpico_sd_fatfs.a(sd_card.c.obj)
                              pico_sd_fatfs/libpico_sd_fatfs.a(glue.c.obj) (sd_card_detect)
pico_sd_fatfs/libpico_sd_fatfs.a(my_spi.c.obj)
                              pico_sd_fatfs/libpico_sd_fatfs.a(sd_card.c.obj) (my_spi_init)
pico_sd_fatfs/libpico_sd_fatfs.a(sd_card_spi.c.obj)
                              pico_sd_fatfs/libpico_sd_fatfs.a(sd_card.c.obj) (sd_go_idle_state)
pico_sd_fatfs/libpico_sd_fatfs.a(sd_card_sdio.c.obj)
                              pico_sd_fatfs/libpico_sd_fatfs.a(sd_card.c.obj) (rp2040_sdio_get_sd_status)
pico_sd_fatfs/libpico_sd_fatfs.a(rp2040_sdio.c.obj)
                              pico_sd_fatfs/libpico_sd_fatfs.a(sd_card_sdio.c.obj) (rp2040_sdio_command_R1)
pico_sd_fatfs/libpico_sd_fatfs.a(dma_interrupts.c.obj)
                              pico_sd_fatfs/libpico_sd_fatfs.a(rp2040_sdio.c.obj) (dma_irq_add_handler)
pico_sd_fatfs/libpico_sd_fatfs.a(my_debug.c.obj)
                              pico_sd_fatfs/libpico_sd_fatfs.a(sd_card.c.obj) (error_message_printf)
pico_sd_fatfs/libpico_sd_fatfs.a(sd_timeouts.c.obj)
                              pico_sd_fatfs/libpico_sd_fatfs.a(sd_card_spi.c.obj) (sd_timeouts)
pico_sd_fatfs/libpico_sd_fatfs.a(sd_spi.c.obj)
                              pico_sd_fatfs/libpico_sd_fatfs.a(sd_card_spi.c.obj) (sd_spi_go_high_frequency)
pico_sd_fatfs/libpico_sd_fatfs.a(crash.c.obj)
                              pico_sd_fatfs/libpico_sd_fatfs.a(my_debug.c.obj) (capture_assert)
C:/Users/nahue/.pico-sdk/toolchain/14_2_Rel1/bin/../lib/gcc/arm-none-eabi/14.2.1/thumb/v8-m.main+fp/softfp\libm.a(libm_a-wf_sqrt.o)
                              CMakeFiles/firmware.dir/C_/Users/nahue/.pico-sdk/sdk/2.1.1/src/rp2_common/pico_float/float_math.c.obj (sqrtf)
C:/Users/nahue/.pico-sdk/toolchain/14_2_Rel1/bin/../lib/gcc/arm-none-eabi/14.2.1/thumb/v8-m.main+fp/softfp\libm.a(libm_a-ef_sqrt.o)
                              C:/Users/nahue/.pico-sdk/toolchain/14_2_Rel1/bin/../lib/gcc/arm-none-eabi/14.2.1/thumb/v8-m.main+fp/softfp\libm.a(libm_a-wf_sqrt.o) (__ieee754_sqrtf)
C:/Users/nahue/.pico-sdk/toolchain/14_2_Rel1/bin/../lib/gcc/arm-none-eabi/14.2.1/thumb/v8-m.main+fp/softfp\libgcc.a(_arm_addsubdf3.o)
                              CMakeFiles/firmware.dir/firmware.c.obj (__aeabi_f2d)
C:/Users/nahue/.pico-sdk/toolchain/14_2_Rel1/bin/../lib/gcc/arm-none-eabi/14.2.1/thumb/v8-m.main+fp/softfp\libgcc.a(_aeabi_ldivmod.o)
[...]
Memory Configuration

Name             Origin             Length             Attributes
FLASH            0x10000000         0x00400000         xr
RAM              0x20000000         0x00080000         xrw
SCRATCH_X        0x20080000         0x00001000         xrw
SCRATCH_Y        0x20081000         0x00001000         xrw
*default*        0x00000000         0xffffffff

Linker script and memory map

LOAD C:/Users/nahue/.pico-sdk/toolchain/14_2_Rel1/bin/../lib/gcc/arm-none-eabi/14.2.1/thumb/v8-m.main+fp/softfp/crti.o
LOAD C:/Users/nahue/.pico-sdk/toolchain/14_2_Rel1/bin/../lib/gcc/arm-none-eabi/14.2.1/thumb/v8-m.main+fp/softfp/crtbegin.o
LOAD C:/Users/nahue/.pico-sdk/toolchain/14_2_Rel1/bin/../lib/gcc/arm-none-eabi/14.2.1/thumb/v8-m.main+fp/softfp/crt0.o

.flash_begin    0x10000000        0x0
                0x10000000                        __flash_binary_start = .

.text           0x10000000    0x17660
                0x10000000                        __logical_binary_start = .
 *(.vectors)
 .vectors       0x10000000      0x124 CMakeFiles/firmware.dir/C_/Users/nahue/.pico-sdk/sdk/2.1.1/src/rp2_common/pico_crt0/crt0.S.obj
                0x10000000                __vectors
                0x10000000                __VECTOR_TABLE
                0x10000110                isr_invalid
                0x10000110                __default_isrs_start
                0x10000112                NMI_Handler
                0x10000116                SVC_Handler
                0x10000118                PendSV_Handler
                0x1000011a                SysTick_Handler
                0x1000011c                IO_IRQ_BANK0_Handler
                0x1000011c                PLL_SYS_IRQ_Handler
                0x1000011c                PIO0_IRQ_0_Handler
                0x1000011c                USBCTRL_IRQ_Handler
                0x1000011c                SPI1_IRQ_Handler
                0x1000011c                POWMAN_IRQ_POW_Handler
                0x1000011c                DMA_IRQ_2_Handler
                0x1000011c                PIO1_IRQ_1_Handler
                0x1000011c                POWMAN_IRQ_TIMER_Handler
                0x1000011c                DMA_IRQ_1_Handler
                0x1000011c                SIO_IRQ_FIFO_Handler
                0x1000011c                PLL_USB_IRQ_Handler
                0x1000011c                TIMER0_IRQ_2_Handler
                0x1000011c                I2C1_IRQ_Handler
                0x1000011c                IO_IRQ_BANK0_NS_Handler
                0x1000011c                isr_irq48
                0x1000011c                isr_irq49
                0x1000011c                PWM_IRQ_WRAP_0_Handler
                0x1000011c                isr_irq50
                0x1000011c                TIMER1_IRQ_0_Handler
                0x1000011c                isr_irq40
                0x1000011c                SPI0_IRQ_Handler
                0x1000011c                PWM_IRQ_WRAP_1_Handler
                0x1000011c                SIO_IRQ_BELL_Handler
                0x1000011c                isr_irq41
                0x1000011c                OTP_IRQ_Handler
                0x1000011c                TRNG_IRQ_Handler
                0x1000011c                TIMER0_IRQ_1_Handler
                0x1000011c                PIO0_IRQ_1_Handler
                0x1000011c                I2C0_IRQ_Handler
                0x1000011c                SIO_IRQ_FIFO_NS_Handler
                0x1000011c                SIO_IRQ_BELL_NS_Handler
                0x1000011c                SIO_IRQ_MTIMECMP_Handler
                0x1000011c                TIMER1_IRQ_1_Handler
                0x1000011c                UART1_IRQ_Handler
                0x1000011c                __unhandled_user_irq
                0x1000011c                DMA_IRQ_0_Handler
                0x1000011c                CLOCKS_IRQ_Handler
                0x1000011c                PIO1_IRQ_0_Handler
                0x1000011c                PIO2_IRQ_1_Handler
                0x1000011c                PIO2_IRQ_0_Handler
                0x1000011c                isr_irq46
                0x1000011c                ADC_IRQ_FIFO_Handler
                0x1000011c                isr_irq47
                0x1000011c                isr_irq51
                0x1000011c                IO_IRQ_QSPI_Handler
                0x1000011c                TIMER1_IRQ_3_Handler
                0x1000011c                UART0_IRQ_Handler
                0x1000011c                TIMER0_IRQ_0_Handler
                0x1000011c                IO_IRQ_QSPI_NS_Handler
                0x1000011c                __default_isrs_end
                0x1000011c                TIMER0_IRQ_3_Handler
                0x1000011c                TIMER1_IRQ_2_Handler
                0x1000011c                DMA_IRQ_3_Handler
                0x10000122                unhandled_user_irq_num_in_r0
 *(.binary_info_header)
 .binary_info_header
                0x10000124       0x14 CMakeFiles/firmware.dir/C_/Users/nahue/.pico-sdk/sdk/2.1.1/src/rp2_common/pico_crt0/crt0.S.obj
                0x10000138                        __binary_info_header_end = .
 *(.embedded_block)
 .embedded_block
                0x10000138       0x14 CMakeFiles/firmware.dir/C_/Users/nahue/.pico-sdk/sdk/2.1.1/src/rp2_common/pico_crt0/crt0.S.obj
                0x1000014c                        __embedded_block_end = .
 *(.reset)
 .reset         0x1000014c       0xa0 CMakeFiles/firmware.dir/C_/Users/nahue/.pico-sdk/sdk/2.1.1/src/rp2_common/pico_crt0/crt0.S.obj
                0x1000014c                _entry_point
 *(.init)
 .init          0x100001ec        0x4 C:/Users/nahue/.pico-sdk/toolchain/14_2_Rel1/bin/../lib/gcc/arm-none-eabi/14.2.1/thumb/v8-m.main+fp/softfp/crti.o
                0x100001ec                _init
 SORT_BY_NAME(REVERSE(*libgcc.a:cmse_nonsecure_call.o))()
 *(EXCLUDE_FILE(*libm.a: *libc.a:*lib_a-mem*.o *libgcc.a:) .text*)
 .text.register_tm_clones
                0x100001f0       0x28 C:/Users/nahue/.pico-sdk/toolchain/14_2_Rel1/bin/../lib/gcc/arm-none-eabi/14.2.1/thumb/v8-m.main+fp/softfp/crtbegin.o
 .text.frame_dummy
                0x10000218       0x24 C:/Users/nahue/.pico-sdk/toolchain/14_2_Rel1/bin/../lib/gcc/arm-none-eabi/14.2.1/thumb/v8-m.main+fp/softfp/crtbegin.o
 .text.task_hcsr04
                0x1000023c       0x54 CMakeFiles/firmware.dir/firmware.c.obj
                0x1000023c                task_hcsr04
 .text.task_guardiana_leds
                0x10000290       0xf8 CMakeFiles/firmware.dir/firmware.c.obj
                0x10000290                task_guardiana_leds
 .text.task_rtc
                0x10000388       0x78 CMakeFiles/firmware.dir/firmware.c.obj
                0x10000388                task_rtc
 .text.task_pid
                0x10000400      0x15c CMakeFiles/firmware.dir/firmware.c.obj
                0x10000400                task_pid
 .text.task_setpoint_uart
                0x1000055c       0x90 CMakeFiles/firmware.dir/firmware.c.obj
                0x1000055c                task_setpoint_uart
 .text.init_i2c
                0x100005ec       0x3c CMakeFiles/firmware.dir/firmware.c.obj
                0x100005ec                init_i2c
 .text.init_adc
                0x10000628       0x38 CMakeFiles/firmware.dir/firmware.c.obj
                0x10000628                init_adc
 .text.init_lcd
                0x10000660       0x28 CMakeFiles/firmware.dir/firmware.c.obj
                0x10000660                init_lcd
 .text.task_guardiana_lcd
                0x10000688      0x15c CMakeFiles/firmware.dir/firmware.c.obj
                0x10000688                task_guardiana_lcd
 .text.init_leds
                0x100007e4       0x2c CMakeFiles/firmware.dir/firmware.c.obj
                0x100007e4                init_leds
 .text.guardar_sd
                0x10000810       0xa8 CMakeFiles/firmware.dir/firmware.c.obj
                0x10000810                guardar_sd
 .text.task_guardiana_sd
                0x100008b8      0x120 CMakeFiles/firmware.dir/firmware.c.obj
                0x100008b8                task_guardiana_sd
 .text.configuracion_gpio_boton
                0x100009d8       0x20 CMakeFiles/firmware.dir/firmware.c.obj
                0x100009d8                configuracion_gpio_boton
 .text.startup.main
                0x100009f8      0x1c0 CMakeFiles/firmware.dir/firmware.c.obj
                0x100009f8                main
 .text.sd_get_num
                0x10000bb8        0x4 CMakeFiles/firmware.dir/hw_config.c.obj
                0x10000bb8                sd_get_num
 .text.sd_get_by_num
                0x10000bbc       0x10 CMakeFiles/firmware.dir/hw_config.c.obj
                0x10000bbc                sd_get_by_num
 .text.gpio_set_function
                0x10000bcc       0x3c CMakeFiles/firmware.dir/C_/Users/nahue/.pico-sdk/sdk/2.1.1/src/rp2_common/hardware_gpio/gpio.c.obj
                0x10000bcc                gpio_set_function
 .text.gpio_set_pulls
                0x10000c08       0x28 CMakeFiles/firmware.dir/C_/Users/nahue/.pico-sdk/sdk/2.1.1/src/rp2_common/hardware_gpio/gpio.c.obj
                0x10000c08                gpio_set_pulls
 .text.gpio_set_slew_rate
                0x10000c30       0x1c CMakeFiles/firmware.dir/C_/Users/nahue/.pico-sdk/sdk/2.1.1/src/rp2_common/hardware_gpio/gpio.c.obj
                0x10000c30                gpio_set_slew_rate
 .text.gpio_set_drive_strength
                0x10000c4c       0x20 CMakeFiles/firmware.dir/C_/Users/nahue/.pico-sdk/sdk/2.1.1/src/rp2_common/hardware_gpio/gpio.c.obj
                0x10000c4c                gpio_set_drive_strength
 .text.gpio_set_input_enabled
                0x10000c6c       0x20 CMakeFiles/firmware.dir/C_/Users/nahue/.pico-sdk/sdk/2.1.1/src/rp2_common/hardware_gpio/gpio.c.obj
                0x10000c6c                gpio_set_input_enabled
 .text.gpio_init
                0x10000c8c       0x48 CMakeFiles/firmware.dir/C_/Users/nahue/.pico-sdk/sdk/2.1.1/src/rp2_common/hardware_gpio/gpio.c.obj
                0x10000c8c                gpio_init
 .text.gpio_deinit
                0x10000cd4       0x40 CMakeFiles/firmware.dir/C_/Users/nahue/.pico-sdk/sdk/2.1.1/src/rp2_common/hardware_gpio/gpio.c.obj
                0x10000cd4                gpio_deinit
 .text.panic    0x10000d14       0x30 CMakeFiles/firmware.dir/C_/Users/nahue/.pico-sdk/sdk/2.1.1/src/rp2_common/pico_platform_panic/panic.c.obj
                0x10000d14                panic
 .text.hw_claim_lock
                0x10000d44       0x24 CMakeFiles/firmware.dir/C_/Users/nahue/.pico-sdk/sdk/2.1.1/src/common/hardware_claim/claim.c.obj
                0x10000d44                hw_claim_lock
 .text.hw_claim_unlock
                0x10000d68       0x14 CMakeFiles/firmware.dir/C_/Users/nahue/.pico-sdk/sdk/2.1.1/src/common/hardware_claim/claim.c.obj
                0x10000d68                hw_claim_unlock
 .text.hw_claim_or_assert
                0x10000d7c       0x58 CMakeFiles/firmware.dir/C_/Users/nahue/.pico-sdk/sdk/2.1.1/src/common/hardware_claim/claim.c.obj
                0x10000d7c                hw_claim_or_assert
 .text.hw_claim_unused_from_range
                0x10000dd4       0x80 CMakeFiles/firmware.dir/C_/Users/nahue/.pico-sdk/sdk/2.1.1/src/common/hardware_claim/claim.c.obj
                0x10000dd4                hw_claim_unused_from_range
 .text.next_striped_spin_lock_num
                0x10000e54       0x18 CMakeFiles/firmware.dir/C_/Users/nahue/.pico-sdk/sdk/2.1.1/src/rp2_common/hardware_sync/sync.c.obj
                0x10000e54                next_striped_spin_lock_num
 .text.spin_lock_claim_unused
                0x10000e6c       0x20 CMakeFiles/firmware.dir/C_/Users/nahue/.pico-sdk/sdk/2.1.1/src/rp2_common/hardware_sync/sync.c.obj
                0x10000e6c                spin_lock_claim_unused
 .text.spinlock_set_extexclall
                0x10000e8c       0x10 CMakeFiles/firmware.dir/C_/Users/nahue/.pico-sdk/sdk/2.1.1/src/rp2_common/hardware_sync_spin_lock/sync_spin_lock.c.obj
 .text.spin_locks_reset
                0x10000e9c       0x18 CMakeFiles/firmware.dir/C_/Users/nahue/.pico-sdk/sdk/2.1.1/src/rp2_common/hardware_sync_spin_lock/sync_spin_lock.c.obj
                0x10000e9c                spin_locks_reset
 .text.runtime_init_per_core_irq_priorities
                0x10000eb4       0x40 CMakeFiles/firmware.dir/C_/Users/nahue/.pico-sdk/sdk/2.1.1/src/rp2_common/hardware_irq/irq.c.obj
                0x10000eb4                runtime_init_per_core_irq_priorities
 .text.irq_set_enabled
                0x10000ef4       0x2c CMakeFiles/firmware.dir/C_/Users/nahue/.pico-sdk/sdk/2.1.1/src/rp2_common/hardware_irq/irq.c.obj
                0x10000ef4                irq_set_enabled
 .text.irq_is_enabled
                0x10000f20       0x20 CMakeFiles/firmware.dir/C_/Users/nahue/.pico-sdk/sdk/2.1.1/src/rp2_common/hardware_irq/irq.c.obj
                0x10000f20                irq_is_enabled
 .text.irq_set_pending
                0x10000f40       0x18 CMakeFiles/firmware.dir/C_/Users/nahue/.pico-sdk/sdk/2.1.1/src/rp2_common/hardware_irq/irq.c.obj
                0x10000f40                irq_set_pending
 .text.irq_has_shared_handler
                0x10000f58       0x20 CMakeFiles/firmware.dir/C_/Users/nahue/.pico-sdk/sdk/2.1.1/src/rp2_common/hardware_irq/irq.c.obj
                0x10000f58                irq_has_shared_handler
 .text.irq_set_exclusive_handler
                0x10000f78       0x60 CMakeFiles/firmware.dir/C_/Users/nahue/.pico-sdk/sdk/2.1.1/src/rp2_common/hardware_irq/irq.c.obj
                0x10000f78                irq_set_exclusive_handler
 .text.irq_add_shared_handler
                0x10000fd8      0x1e8 CMakeFiles/firmware.dir/C_/Users/nahue/.pico-sdk/sdk/2.1.1/src/rp2_common/hardware_irq/irq.c.obj
                0x10000fd8                irq_add_shared_handler
 .text.irq_add_tail_to_free_list
                0x100011c0       0xbc CMakeFiles/firmware.dir/C_/Users/nahue/.pico-sdk/sdk/2.1.1/src/rp2_common/hardware_irq/irq.c.obj
                0x100011c0                irq_add_tail_to_free_list
 .text.user_irq_claim_unused
                0x1000127c       0x28 CMakeFiles/firmware.dir/C_/Users/nahue/.pico-sdk/sdk/2.1.1/src/rp2_common/hardware_irq/irq.c.obj
                0x1000127c                user_irq_claim_unused
 .text.lock_init
                0x100012a4        0xc CMakeFiles/firmware.dir/C_/Users/nahue/.pico-sdk/sdk/2.1.1/src/common/pico_sync/lock_core.c.obj
                0x100012a4                lock_init
 .text.runtime_init_mutex
                0x100012b0       0x4c CMakeFiles/firmware.dir/C_/Users/nahue/.pico-sdk/sdk/2.1.1/src/common/pico_sync/mutex.c.obj
                0x100012b0                runtime_init_mutex
 .text.mutex_init
                0x100012fc       0x1c CMakeFiles/firmware.dir/C_/Users/nahue/.pico-sdk/sdk/2.1.1/src/common/pico_sync/mutex.c.obj
                0x100012fc                mutex_init
 .text.critical_section_init
                0x10001318       0x1c CMakeFiles/firmware.dir/C_/Users/nahue/.pico-sdk/sdk/2.1.1/src/common/pico_sync/critical_section.c.obj
                0x10001318                critical_section_init
 .text.critical_section_init_with_lock_num
                0x10001334       0x10 CMakeFiles/firmware.dir/C_/Users/nahue/.pico-sdk/sdk/2.1.1/src/common/pico_sync/critical_section.c.obj
                0x10001334                critical_section_init_with_lock_num
 .text.sleep_until_callback
                0x10001344       0x3c CMakeFiles/firmware.dir/C_/Users/nahue/.pico-sdk/sdk/2.1.1/src/common/pico_time/time.c.obj
 .text.alarm_pool_irq_handler
                0x10001380      0x2f0 CMakeFiles/firmware.dir/C_/Users/nahue/.pico-sdk/sdk/2.1.1/src/common/pico_time/time.c.obj
 .text.runtime_init_default_alarm_pool
                0x10001670      0x100 CMakeFiles/firmware.dir/C_/Users/nahue/.pico-sdk/sdk/2.1.1/src/common/pico_time/time.c.obj
                0x10001670                runtime_init_default_alarm_pool
 .text.alarm_pool_get_default
                0x10001770        0x8 CMakeFiles/firmware.dir/C_/Users/nahue/.pico-sdk/sdk/2.1.1/src/common/pico_time/time.c.obj
                0x10001770                alarm_pool_get_default
 .text.alarm_pool_add_alarm_at
                0x10001778       0xdc CMakeFiles/firmware.dir/C_/Users/nahue/.pico-sdk/sdk/2.1.1/src/common/pico_time/time.c.obj
                0x10001778                alarm_pool_add_alarm_at
 .text.alarm_pool_add_alarm_at_force_in_context
                0x10001854       0xc8 CMakeFiles/firmware.dir/C_/Users/nahue/.pico-sdk/sdk/2.1.1/src/common/pico_time/time.c.obj
                0x10001854                alarm_pool_add_alarm_at_force_in_context
 .text.alarm_pool_cancel_alarm
                0x1000191c       0x80 CMakeFiles/firmware.dir/C_/Users/nahue/.pico-sdk/sdk/2.1.1/src/common/pico_time/time.c.obj
                0x1000191c                alarm_pool_cancel_alarm
 .text.alarm_pool_core_num
                0x1000199c        0x4 CMakeFiles/firmware.dir/C_/Users/nahue/.pico-sdk/sdk/2.1.1/src/common/pico_time/time.c.obj
                0x1000199c                alarm_pool_core_num
 .text.sleep_us
                0x100019a0       0xd8 CMakeFiles/firmware.dir/C_/Users/nahue/.pico-sdk/sdk/2.1.1/src/common/pico_time/time.c.obj
                0x100019a0                sleep_us
 .text.sleep_ms
                0x10001a78       0xdc CMakeFiles/firmware.dir/C_/Users/nahue/.pico-sdk/sdk/2.1.1/src/common/pico_time/time.c.obj
                0x10001a78                sleep_ms
 .text.best_effort_wfe_or_timeout
                0x10001b54       0xd4 CMakeFiles/firmware.dir/C_/Users/nahue/.pico-sdk/sdk/2.1.1/src/common/pico_time/time.c.obj
                0x10001b54                best_effort_wfe_or_timeout
 .text.timer_hardware_alarm_claim
                0x10001c28       0x24 CMakeFiles/firmware.dir/C_/Users/nahue/.pico-sdk/sdk/2.1.1/src/rp2_common/hardware_timer/timer.c.obj
                0x10001c28                timer_hardware_alarm_claim
 .text.timer_time_us_64
                0x10001c4c       0x10 CMakeFiles/firmware.dir/C_/Users/nahue/.pico-sdk/sdk/2.1.1/src/rp2_common/hardware_timer/timer.c.obj
                0x10001c4c                timer_time_us_64
 .text.time_us_64
                0x10001c5c       0x14 CMakeFiles/firmware.dir/C_/Users/nahue/.pico-sdk/sdk/2.1.1/src/rp2_common/hardware_timer/timer.c.obj
                0x10001c5c                time_us_64
 .text.busy_wait_us
                0x10001c70       0x5c CMakeFiles/firmware.dir/C_/Users/nahue/.pico-sdk/sdk/2.1.1/src/rp2_common/hardware_timer/timer.c.obj
                0x10001c70                busy_wait_us
 .text.busy_wait_until
                0x10001ccc       0x24 CMakeFiles/firmware.dir/C_/Users/nahue/.pico-sdk/sdk/2.1.1/src/rp2_common/hardware_timer/timer.c.obj
                0x10001ccc                busy_wait_until
 .text.ms_to_timespec
                0x10001cf0       0x20 CMakeFiles/firmware.dir/C_/Users/nahue/.pico-sdk/sdk/2.1.1/src/common/pico_util/datetime.c.obj
                0x10001cf0                ms_to_timespec
 .text.uart_init
                0x10001d10      0x104 CMakeFiles/firmware.dir/C_/Users/nahue/.pico-sdk/sdk/2.1.1/src/rp2_common/hardware_uart/uart.c.obj
                0x10001d10                uart_init
 .text.clock_configure_undivided
                0x10001e14       0xd0 CMakeFiles/firmware.dir/C_/Users/nahue/.pico-sdk/sdk/2.1.1/src/rp2_common/hardware_clocks/clocks.c.obj
                0x10001e14                clock_configure_undivided
 .text.clock_get_hz
                0x10001ee4        0xc CMakeFiles/firmware.dir/C_/Users/nahue/.pico-sdk/sdk/2.1.1/src/rp2_common/hardware_clocks/clocks.c.obj
                0x10001ee4                clock_get_hz
 .text.pll_init
                0x10001ef0       0x8c CMakeFiles/firmware.dir/C_/Users/nahue/.pico-sdk/sdk/2.1.1/src/rp2_common/hardware_pll/pll.c.obj
                0x10001ef0                pll_init
 .text.watchdog_reboot
                0x10001f7c       0x98 CMakeFiles/firmware.dir/C_/Users/nahue/.pico-sdk/sdk/2.1.1/src/rp2_common/hardware_watchdog/watchdog.c.obj
                0x10001f7c                watchdog_reboot
 .text.tick_start
                0x10002014       0x18 CMakeFiles/firmware.dir/C_/Users/nahue/.pico-sdk/sdk/2.1.1/src/rp2_common/hardware_ticks/ticks.c.obj
                0x10002014                tick_start
 .text.rom_reboot.constprop.0.isra.0
                0x1000202c       0x34 CMakeFiles/firmware.dir/C_/Users/nahue/.pico-sdk/sdk/2.1.1/src/rp2_common/pico_bootrom/bootrom.c.obj
 .text.rom_func_lookup
                0x10002060       0x18 CMakeFiles/firmware.dir/C_/Users/nahue/.pico-sdk/sdk/2.1.1/src/rp2_common/pico_bootrom/bootrom.c.obj
                0x10002060                rom_func_lookup
 .text.rom_reset_usb_boot_extra
                0x10002078       0x1c CMakeFiles/firmware.dir/C_/Users/nahue/.pico-sdk/sdk/2.1.1/src/rp2_common/pico_bootrom/bootrom.c.obj
                0x10002078                rom_reset_usb_boot_extra
 .text.runtime_init_bootrom_locking_enable
                0x10002094       0x14 CMakeFiles/firmware.dir/C_/Users/nahue/.pico-sdk/sdk/2.1.1/src/rp2_common/pico_bootrom/bootrom_lock.c.obj
                0x10002094                runtime_init_bootrom_locking_enable
 .text.runtime_init_boot_locks_reset
                0x100020a8       0x1c CMakeFiles/firmware.dir/C_/Users/nahue/.pico-sdk/sdk/2.1.1/src/rp2_common/hardware_boot_lock/boot_lock.c.obj
                0x100020a8                runtime_init_boot_locks_reset
 .text.xosc_init
                0x100020c4       0x30 CMakeFiles/firmware.dir/C_/Users/nahue/.pico-sdk/sdk/2.1.1/src/rp2_common/hardware_xosc/xosc.c.obj
                0x100020c4                xosc_init
 .text.first_per_core_initializer
                0x100020f4        0x4 CMakeFiles/firmware.dir/C_/Users/nahue/.pico-sdk/sdk/2.1.1/src/rp2_common/pico_runtime/runtime.c.obj
 .text.hard_assertion_failure
                0x100020f8        0xc CMakeFiles/firmware.dir/C_/Users/nahue/.pico-sdk/sdk/2.1.1/src/rp2_common/pico_runtime/runtime.c.obj
                0x100020f8                hard_assertion_failure
 .text.runtime_run_initializers
                0x10002104       0x20 CMakeFiles/firmware.dir/C_/Users/nahue/.pico-sdk/sdk/2.1.1/src/rp2_common/pico_runtime/runtime.c.obj
                0x10002104                runtime_run_initializers
 .text.runtime_init_early_resets
                0x10002124       0x34 CMakeFiles/firmware.dir/C_/Users/nahue/.pico-sdk/sdk/2.1.1/src/rp2_common/pico_runtime_init/runtime_init.c.obj
                0x10002124                runtime_init_early_resets
 .text.runtime_init_usb_power_down
                0x10002158       0x1c CMakeFiles/firmware.dir/C_/Users/nahue/.pico-sdk/sdk/2.1.1/src/rp2_common/pico_runtime_init/runtime_init.c.obj
                0x10002158                runtime_init_usb_power_down
 .text.runtime_init_per_core_enable_coprocessors
                0x10002174       0x1c CMakeFiles/firmware.dir/C_/Users/nahue/.pico-sdk/sdk/2.1.1/src/rp2_common/pico_runtime_init/runtime_init.c.obj
                0x10002174                runtime_init_per_core_enable_coprocessors
 .text.runtime_init_post_clock_resets
                0x10002190       0x20 CMakeFiles/firmware.dir/C_/Users/nahue/.pico-sdk/sdk/2.1.1/src/rp2_common/pico_runtime_init/runtime_init.c.obj
                0x10002190                runtime_init_post_clock_resets
 .text.runtime_init_bootrom_reset
                0x100021b0       0x14 CMakeFiles/firmware.dir/C_/Users/nahue/.pico-sdk/sdk/2.1.1/src/rp2_common/pico_runtime_init/runtime_init.c.obj
                0x100021b0                runtime_init_bootrom_reset
 .text.runtime_init_per_core_bootrom_reset
                0x100021c4       0x14 CMakeFiles/firmware.dir/C_/Users/nahue/.pico-sdk/sdk/2.1.1/src/rp2_common/pico_runtime_init/runtime_init.c.obj
                0x100021c4                runtime_init_per_core_bootrom_reset
 .text.runtime_init_spin_locks_reset
                0x100021d8        0x4 CMakeFiles/firmware.dir/C_/Users/nahue/.pico-sdk/sdk/2.1.1/src/rp2_common/pico_runtime_init/runtime_init.c.obj
                0x100021d8                runtime_init_spin_locks_reset
 .text.runtime_init_install_ram_vector_table
                0x100021dc       0x20 CMakeFiles/firmware.dir/C_/Users/nahue/.pico-sdk/sdk/2.1.1/src/rp2_common/pico_runtime_init/runtime_init.c.obj
                0x100021dc                runtime_init_install_ram_vector_table
 .text.runtime_init_clocks
                0x100021fc       0xdc CMakeFiles/firmware.dir/C_/Users/nahue/.pico-sdk/sdk/2.1.1/src/rp2_common/pico_runtime_init/runtime_init_clocks.c.obj
                0x100021fc                runtime_init_clocks
 .text.__rp2350_dcp_engaged_state_save_restore
                0x100022d8       0x3a CMakeFiles/firmware.dir/C_/Users/nahue/.pico-sdk/sdk/2.1.1/src/rp2_common/pico_double/double_aeabi_dcp.S.obj
 *fill*         0x10002312        0x2 
 .text.__wrap___aeabi_dadd
                0x10002314       0x28 CMakeFiles/firmware.dir/C_/Users/nahue/.pico-sdk/sdk/2.1.1/src/rp2_common/pico_double/double_aeabi_dcp.S.obj
                0x1000231c                __wrap___aeabi_dadd
 .text.__wrap___aeabi_dsub
                0x1000233c       0x28 CMakeFiles/firmware.dir/C_/Users/nahue/.pico-sdk/sdk/2.1.1/src/rp2_common/pico_double/double_aeabi_dcp.S.obj
                0x10002344                __wrap___aeabi_dsub
 .text.__wrap___aeabi_dmul
                0x10002364       0x4c CMakeFiles/firmware.dir/C_/Users/nahue/.pico-sdk/sdk/2.1.1/src/rp2_common/pico_double/double_aeabi_dcp.S.obj
                0x1000236c                __wrap___aeabi_dmul
 .text.__wrap___aeabi_ddiv
                0x100023b0       0x9c CMakeFiles/firmware.dir/C_/Users/nahue/.pico-sdk/sdk/2.1.1/src/rp2_common/pico_double/double_aeabi_dcp.S.obj
                0x100023b8                __wrap___aeabi_ddiv
 .text.__wrap___aeabi_d2f
                0x1000244c       0x1c CMakeFiles/firmware.dir/C_/Users/nahue/.pico-sdk/sdk/2.1.1/src/rp2_common/pico_double/double_aeabi_dcp.S.obj
                0x10002454                __wrap___aeabi_d2f
                0x10002454                double2float
 .text.__wrap___aeabi_i2d
                0x10002468       0x24 CMakeFiles/firmware.dir/C_/Users/nahue/.pico-sdk/sdk/2.1.1/src/rp2_common/pico_double/double_aeabi_dcp.S.obj
                0x10002470                int2double
                0x10002470                __wrap___aeabi_i2d
 .text.__wrap___aeabi_ui2d
                0x1000248c       0x24 CMakeFiles/firmware.dir/C_/Users/nahue/.pico-sdk/sdk/2.1.1/src/rp2_common/pico_double/double_aeabi_dcp.S.obj
                0x10002494                uint2double
                0x10002494                __wrap___aeabi_ui2d
 .text.__wrap___aeabi_d2iz
                0x100024b0       0x24 CMakeFiles/firmware.dir/C_/Users/nahue/.pico-sdk/sdk/2.1.1/src/rp2_common/pico_double/double_aeabi_dcp.S.obj
                0x100024b8                double2int_z
                0x100024b8                __wrap___aeabi_d2iz
 .text.__wrap___aeabi_d2uiz
                0x100024d4       0x24 CMakeFiles/firmware.dir/C_/Users/nahue/.pico-sdk/sdk/2.1.1/src/rp2_common/pico_double/double_aeabi_dcp.S.obj
                0x100024dc                double2uint
                0x100024dc                __wrap___aeabi_d2uiz
                0x100024dc                double2uint_z
 .text.__wrap___aeabi_dcmpun
                0x100024f8       0x24 CMakeFiles/firmware.dir/C_/Users/nahue/.pico-sdk/sdk/2.1.1/src/rp2_common/pico_double/double_aeabi_dcp.S.obj
                0x10002500                __wrap___aeabi_dcmpun
 .text.__wrap___aeabi_dcmpeq
                0x1000251c       0x24 CMakeFiles/firmware.dir/C_/Users/nahue/.pico-sdk/sdk/2.1.1/src/rp2_common/pico_double/double_aeabi_dcp.S.obj
                0x10002524                __wrap___aeabi_dcmpeq
 .text.__wrap___aeabi_dcmplt
                0x10002540       0x28 CMakeFiles/firmware.dir/C_/Users/nahue/.pico-sdk/sdk/2.1.1/src/rp2_common/pico_double/double_aeabi_dcp.S.obj
                0x10002548                __wrap___aeabi_dcmplt
 .text.__wrap___aeabi_dcmple
                0x10002568       0x28 CMakeFiles/firmware.dir/C_/Users/nahue/.pico-sdk/sdk/2.1.1/src/rp2_common/pico_double/double_aeabi_dcp.S.obj
                0x10002570                __wrap___aeabi_dcmple
 .text.__wrap___aeabi_dcmpge
                0x10002590       0x28 CMakeFiles/firmware.dir/C_/Users/nahue/.pico-sdk/sdk/2.1.1/src/rp2_common/pico_double/double_aeabi_dcp.S.obj
                0x10002598                __wrap___aeabi_dcmpge
 .text.__wrap___aeabi_dcmpgt
                0x100025b8       0x28 CMakeFiles/firmware.dir/C_/Users/nahue/.pico-sdk/sdk/2.1.1/src/rp2_common/pico_double/double_aeabi_dcp.S.obj
                0x100025c0                __wrap___aeabi_dcmpgt
 .text.__wrap_malloc
                0x100025e0       0x24 CMakeFiles/firmware.dir/C_/Users/nahue/.pico-sdk/sdk/2.1.1/src/rp2_common/pico_malloc/malloc.c.obj
                0x100025e0                __wrap_malloc
 .text.__wrap_realloc
                0x10002604       0x24 CMakeFiles/firmware.dir/C_/Users/nahue/.pico-sdk/sdk/2.1.1/src/rp2_common/pico_malloc/malloc.c.obj
                0x10002604                __wrap_realloc
 .text.__wrap_free
                0x10002628        0x4 CMakeFiles/firmware.dir/C_/Users/nahue/.pico-sdk/sdk/2.1.1/src/rp2_common/pico_malloc/malloc.c.obj
                0x10002628                __wrap_free
 .text._out_buffer
                0x1000262c        0x8 CMakeFiles/firmware.dir/C_/Users/nahue/.pico-sdk/sdk/2.1.1/src/rp2_common/pico_printf/printf.c.obj
 .text._out_null
                0x10002634        0x4 CMakeFiles/firmware.dir/C_/Users/nahue/.pico-sdk/sdk/2.1.1/src/rp2_common/pico_printf/printf.c.obj
 .text._out_rev
                0x10002638       0x9c CMakeFiles/firmware.dir/C_/Users/nahue/.pico-sdk/sdk/2.1.1/src/rp2_common/pico_printf/printf.c.obj
 .text._ntoa_format
                0x100026d4      0x1d4 CMakeFiles/firmware.dir/C_/Users/nahue/.pico-sdk/sdk/2.1.1/src/rp2_common/pico_printf/printf.c.obj
 .text._out_char
                0x100028a8        0x8 CMakeFiles/firmware.dir/C_/Users/nahue/.pico-sdk/sdk/2.1.1/src/rp2_common/pico_printf/printf.c.obj
 .text._out_fct
                0x100028b0        0xc CMakeFiles/firmware.dir/C_/Users/nahue/.pico-sdk/sdk/2.1.1/src/rp2_common/pico_printf/printf.c.obj
 *fill*         0x100028bc        0x4 
 .text._ftoa    0x100028c0      0x4bc CMakeFiles/firmware.dir/C_/Users/nahue/.pico-sdk/sdk/2.1.1/src/rp2_common/pico_printf/printf.c.obj
 *fill*         0x10002d7c        0x4 
 .text._etoa    0x10002d80      0x574 CMakeFiles/firmware.dir/C_/Users/nahue/.pico-sdk/sdk/2.1.1/src/rp2_common/pico_printf/printf.c.obj
 .text._vsnprintf
                0x100032f4      0x9e4 CMakeFiles/firmware.dir/C_/Users/nahue/.pico-sdk/sdk/2.1.1/src/rp2_common/pico_printf/printf.c.obj
 .text.__wrap_sprintf
                0x10003cd8       0x2c CMakeFiles/firmware.dir/C_/Users/nahue/.pico-sdk/sdk/2.1.1/src/rp2_common/pico_printf/printf.c.obj
                0x10003cd8                __wrap_sprintf
 .text.__wrap_snprintf
                0x10003d04       0x2c CMakeFiles/firmware.dir/C_/Users/nahue/.pico-sdk/sdk/2.1.1/src/rp2_common/pico_printf/printf.c.obj
                0x10003d04                __wrap_snprintf
 .text.__wrap_vsnprintf
                0x10003d30       0x24 CMakeFiles/firmware.dir/C_/Users/nahue/.pico-sdk/sdk/2.1.1/src/rp2_common/pico_printf/printf.c.obj
                0x10003d30                __wrap_vsnprintf
 .text.vfctprintf
                0x10003d54       0x28 CMakeFiles/firmware.dir/C_/Users/nahue/.pico-sdk/sdk/2.1.1/src/rp2_common/pico_printf/printf.c.obj
                0x10003d54                vfctprintf
 .text.weak_raw_vprintf
                0x10003d7c       0x30 CMakeFiles/firmware.dir/C_/Users/nahue/.pico-sdk/sdk/2.1.1/src/rp2_common/pico_printf/printf.c.obj
                0x10003d7c                weak_raw_vprintf
 .text._exit    0x10003dac        0x4 CMakeFiles/firmware.dir/C_/Users/nahue/.pico-sdk/sdk/2.1.1/src/rp2_common/pico_clib_interface/newlib_interface.c.obj
                0x10003dac                _exit
 .text._sbrk    0x10003db0       0x2c CMakeFiles/firmware.dir/C_/Users/nahue/.pico-sdk/sdk/2.1.1/src/rp2_common/pico_clib_interface/newlib_interface.c.obj
                0x10003db0                _sbrk
 .text.exit     0x10003ddc        0x8 CMakeFiles/firmware.dir/C_/Users/nahue/.pico-sdk/sdk/2.1.1/src/rp2_common/pico_clib_interface/newlib_interface.c.obj
                0x10003ddc                exit
 .text.runtime_init
                0x10003de4       0x24 CMakeFiles/firmware.dir/C_/Users/nahue/.pico-sdk/sdk/2.1.1/src/rp2_common/pico_clib_interface/newlib_interface.c.obj
                0x10003de4                runtime_init
 .text.stdio_out_chars_no_crlf
                0x10003e08        0x8 CMakeFiles/firmware.dir/C_/Users/nahue/.pico-sdk/sdk/2.1.1/src/rp2_common/pico_stdio/stdio.c.obj
 .text.stdio_out_chars_crlf
                0x10003e10       0xb0 CMakeFiles/firmware.dir/C_/Users/nahue/.pico-sdk/sdk/2.1.1/src/rp2_common/pico_stdio/stdio.c.obj
 .text.stdio_buffered_printer
                0x10003ec0       0x60 CMakeFiles/firmware.dir/C_/Users/nahue/.pico-sdk/sdk/2.1.1/src/rp2_common/pico_stdio/stdio.c.obj
 .text.stdio_put_string
                0x10003f20       0xec CMakeFiles/firmware.dir/C_/Users/nahue/.pico-sdk/sdk/2.1.1/src/rp2_common/pico_stdio/stdio.c.obj
                0x10003f20                stdio_put_string
 .text.stdio_set_driver_enabled
                0x1000400c       0x28 CMakeFiles/firmware.dir/C_/Users/nahue/.pico-sdk/sdk/2.1.1/src/rp2_common/pico_stdio/stdio.c.obj
                0x1000400c                stdio_set_driver_enabled
 .text.stdio_init_all
                0x10004034        0x4 CMakeFiles/firmware.dir/C_/Users/nahue/.pico-sdk/sdk/2.1.1/src/rp2_common/pico_stdio/stdio.c.obj
                0x10004034                stdio_init_all
 .text.__wrap_putchar
                0x10004038       0x84 CMakeFiles/firmware.dir/C_/Users/nahue/.pico-sdk/sdk/2.1.1/src/rp2_common/pico_stdio/stdio.c.obj
                0x10004038                __wrap_putchar
                0x10004038                stdio_putchar
 .text.__wrap_puts
                0x100040bc       0x3c CMakeFiles/firmware.dir/C_/Users/nahue/.pico-sdk/sdk/2.1.1/src/rp2_common/pico_stdio/stdio.c.obj
                0x100040bc                stdio_puts
                0x100040bc                __wrap_puts
 .text.__wrap_vprintf
                0x100040f8       0xc4 CMakeFiles/firmware.dir/C_/Users/nahue/.pico-sdk/sdk/2.1.1/src/rp2_common/pico_stdio/stdio.c.obj
                0x100040f8                stdio_vprintf
                0x100040f8                __wrap_vprintf
 .text.__wrap_printf
                0x100041bc       0x1c CMakeFiles/firmware.dir/C_/Users/nahue/.pico-sdk/sdk/2.1.1/src/rp2_common/pico_stdio/stdio.c.obj
                0x100041bc                __wrap_printf
                0x100041bc                stdio_printf
 .text.resetd_init
                0x100041d8        0x4 CMakeFiles/firmware.dir/C_/Users/nahue/.pico-sdk/sdk/2.1.1/src/rp2_common/pico_stdio_usb/reset_interface.c.obj
 .text.resetd_reset
                0x100041dc        0xc CMakeFiles/firmware.dir/C_/Users/nahue/.pico-sdk/sdk/2.1.1/src/rp2_common/pico_stdio_usb/reset_interface.c.obj
 .text.resetd_open
                0x100041e8       0x28 CMakeFiles/firmware.dir/C_/Users/nahue/.pico-sdk/sdk/2.1.1/src/rp2_common/pico_stdio_usb/reset_interface.c.obj
 .text.resetd_xfer_cb
                0x10004210        0x4 CMakeFiles/firmware.dir/C_/Users/nahue/.pico-sdk/sdk/2.1.1/src/rp2_common/pico_stdio_usb/reset_interface.c.obj
 .text.resetd_control_xfer_cb
                0x10004214       0x50 CMakeFiles/firmware.dir/C_/Users/nahue/.pico-sdk/sdk/2.1.1/src/rp2_common/pico_stdio_usb/reset_interface.c.obj
 .text.tud_descriptor_bos_cb
                0x10004264        0x8 CMakeFiles/firmware.dir/C_/Users/nahue/.pico-sdk/sdk/2.1.1/src/rp2_common/pico_stdio_usb/reset_interface.c.obj
                0x10004264                tud_descriptor_bos_cb
 .text.tud_vendor_control_xfer_cb
                0x1000426c       0x28 CMakeFiles/firmware.dir/C_/Users/nahue/.pico-sdk/sdk/2.1.1/src/rp2_common/pico_stdio_usb/reset_interface.c.obj
                0x1000426c                tud_vendor_control_xfer_cb
 .text.usbd_app_driver_get_cb
                0x10004294       0x10 CMakeFiles/firmware.dir/C_/Users/nahue/.pico-sdk/sdk/2.1.1/src/rp2_common/pico_stdio_usb/reset_interface.c.obj
                0x10004294                usbd_app_driver_get_cb
 .text.tud_cdc_line_coding_cb
                0x100042a4       0x18 CMakeFiles/firmware.dir/C_/Users/nahue/.pico-sdk/sdk/2.1.1/src/rp2_common/pico_stdio_usb/reset_interface.c.obj
                0x100042a4                tud_cdc_line_coding_cb
 .text.stdio_usb_set_chars_available_callback
                0x100042bc       0x14 CMakeFiles/firmware.dir/C_/Users/nahue/.pico-sdk/sdk/2.1.1/src/rp2_common/pico_stdio_usb/stdio_usb.c.obj
                0x100042bc                stdio_usb_set_chars_available_callback
 .text.timer_task
                0x100042d0       0x70 CMakeFiles/firmware.dir/C_/Users/nahue/.pico-sdk/sdk/2.1.1/src/rp2_common/pico_stdio_usb/stdio_usb.c.obj
 .text.usb_irq  0x10004340        0xc CMakeFiles/firmware.dir/C_/Users/nahue/.pico-sdk/sdk/2.1.1/src/rp2_common/pico_stdio_usb/stdio_usb.c.obj
 .text.stdio_usb_in_chars
                0x1000434c       0x88 CMakeFiles/firmware.dir/C_/Users/nahue/.pico-sdk/sdk/2.1.1/src/rp2_common/pico_stdio_usb/stdio_usb.c.obj
                0x1000434c                stdio_usb_in_chars
 .text.stdio_usb_out_flush
                0x100043d4       0x54 CMakeFiles/firmware.dir/C_/Users/nahue/.pico-sdk/sdk/2.1.1/src/rp2_common/pico_stdio_usb/stdio_usb.c.obj
 .text.stdio_usb_out_chars
                0x10004428       0xf4 CMakeFiles/firmware.dir/C_/Users/nahue/.pico-sdk/sdk/2.1.1/src/rp2_common/pico_stdio_usb/stdio_usb.c.obj
 .text.low_priority_worker_irq
                0x1000451c       0xd8 CMakeFiles/firmware.dir/C_/Users/nahue/.pico-sdk/sdk/2.1.1/src/rp2_common/pico_stdio_usb/stdio_usb.c.obj
 .text.stdio_usb_init
                0x100045f4       0xe8 CMakeFiles/firmware.dir/C_/Users/nahue/.pico-sdk/sdk/2.1.1/src/rp2_common/pico_stdio_usb/stdio_usb.c.obj
                0x100045f4                stdio_usb_init
 .text.tud_descriptor_device_cb
                0x100046dc        0x8 CMakeFiles/firmware.dir/C_/Users/nahue/.pico-sdk/sdk/2.1.1/src/rp2_common/pico_stdio_usb/stdio_usb_descriptors.c.obj
                0x100046dc                tud_descriptor_device_cb
 .text.tud_descriptor_configuration_cb
                0x100046e4        0x8 CMakeFiles/firmware.dir/C_/Users/nahue/.pico-sdk/sdk/2.1.1/src/rp2_common/pico_stdio_usb/stdio_usb_descriptors.c.obj
                0x100046e4                tud_descriptor_configuration_cb
 .text.tud_descriptor_string_cb
                0x100046ec       0x70 CMakeFiles/firmware.dir/C_/Users/nahue/.pico-sdk/sdk/2.1.1/src/rp2_common/pico_stdio_usb/stdio_usb_descriptors.c.obj
                0x100046ec                tud_descriptor_string_cb
 .text.startup._retrieve_unique_id_on_boot
                0x1000475c       0x30 CMakeFiles/firmware.dir/C_/Users/nahue/.pico-sdk/sdk/2.1.1/src/rp2_common/pico_unique_id/unique_id.c.obj
 .text.pico_get_unique_board_id_string
                0x1000478c      0x184 CMakeFiles/firmware.dir/C_/Users/nahue/.pico-sdk/sdk/2.1.1/src/rp2_common/pico_unique_id/unique_id.c.obj
                0x1000478c                pico_get_unique_board_id_string
 .text.dcd_init
                0x10004910       0x8c CMakeFiles/firmware.dir/C_/Users/nahue/.pico-sdk/sdk/2.1.1/lib/tinyusb/src/portable/raspberrypi/rp2040/dcd_rp2040.c.obj
                0x10004910                dcd_init
 .text.dcd_int_enable
                0x1000499c        0x8 CMakeFiles/firmware.dir/C_/Users/nahue/.pico-sdk/sdk/2.1.1/lib/tinyusb/src/portable/raspberrypi/rp2040/dcd_rp2040.c.obj
                0x1000499c                dcd_int_enable
 .text.dcd_set_address
                0x100049a4       0x10 CMakeFiles/firmware.dir/C_/Users/nahue/.pico-sdk/sdk/2.1.1/lib/tinyusb/src/portable/raspberrypi/rp2040/dcd_rp2040.c.obj
                0x100049a4                dcd_set_address
 .text.dcd_sof_enable
                0x100049b4       0x1c CMakeFiles/firmware.dir/C_/Users/nahue/.pico-sdk/sdk/2.1.1/lib/tinyusb/src/portable/raspberrypi/rp2040/dcd_rp2040.c.obj
                0x100049b4                dcd_sof_enable
 .text.dcd_edpt0_status_complete
                0x100049d0       0x1c CMakeFiles/firmware.dir/C_/Users/nahue/.pico-sdk/sdk/2.1.1/lib/tinyusb/src/portable/raspberrypi/rp2040/dcd_rp2040.c.obj
                0x100049d0                dcd_edpt0_status_complete
 .text.dcd_edpt_open
                0x100049ec      0x104 CMakeFiles/firmware.dir/C_/Users/nahue/.pico-sdk/sdk/2.1.1/lib/tinyusb/src/portable/raspberrypi/rp2040/dcd_rp2040.c.obj
                0x100049ec                dcd_edpt_open
 .text.dcd_edpt_close_all
                0x10004af0        0x4 CMakeFiles/firmware.dir/C_/Users/nahue/.pico-sdk/sdk/2.1.1/lib/tinyusb/src/portable/raspberrypi/rp2040/dcd_rp2040.c.obj
                0x10004af0                dcd_edpt_close_all
 .text.dcd_edpt_xfer
                0x10004af4       0x28 CMakeFiles/firmware.dir/C_/Users/nahue/.pico-sdk/sdk/2.1.1/lib/tinyusb/src/portable/raspberrypi/rp2040/dcd_rp2040.c.obj
                0x10004af4                dcd_edpt_xfer
 .text.dcd_edpt_stall
                0x10004b1c       0x30 CMakeFiles/firmware.dir/C_/Users/nahue/.pico-sdk/sdk/2.1.1/lib/tinyusb/src/portable/raspberrypi/rp2040/dcd_rp2040.c.obj
                0x10004b1c                dcd_edpt_stall
 .text.dcd_edpt_clear_stall
                0x10004b4c       0x24 CMakeFiles/firmware.dir/C_/Users/nahue/.pico-sdk/sdk/2.1.1/lib/tinyusb/src/portable/raspberrypi/rp2040/dcd_rp2040.c.obj
                0x10004b4c                dcd_edpt_clear_stall
 .text.rp2040_usb_init
                0x10004b70       0x40 CMakeFiles/firmware.dir/C_/Users/nahue/.pico-sdk/sdk/2.1.1/lib/tinyusb/src/portable/raspberrypi/rp2040/rp2040_usb.c.obj
                0x10004b70                rp2040_usb_init
 .text.hw_endpoint_xfer_start
                0x10004bb0       0x40 CMakeFiles/firmware.dir/C_/Users/nahue/.pico-sdk/sdk/2.1.1/lib/tinyusb/src/portable/raspberrypi/rp2040/rp2040_usb.c.obj
                0x10004bb0                hw_endpoint_xfer_start
 .text.configuration_reset
                0x10004bf0       0x8c CMakeFiles/firmware.dir/C_/Users/nahue/.pico-sdk/sdk/2.1.1/lib/tinyusb/src/device/usbd.c.obj
 .text.tud_event_hook_cb
                0x10004c7c        0x4 CMakeFiles/firmware.dir/C_/Users/nahue/.pico-sdk/sdk/2.1.1/lib/tinyusb/src/device/usbd.c.obj
                0x10004c7c                tud_event_hook_cb
 .text.tud_sof_cb
                0x10004c80        0x4 CMakeFiles/firmware.dir/C_/Users/nahue/.pico-sdk/sdk/2.1.1/lib/tinyusb/src/device/usbd.c.obj
                0x10004c80                tud_sof_cb
 .text.tud_descriptor_device_qualifier_cb
                0x10004c84        0x4 CMakeFiles/firmware.dir/C_/Users/nahue/.pico-sdk/sdk/2.1.1/lib/tinyusb/src/device/usbd.c.obj
                0x10004c84                tud_descriptor_device_qualifier_cb
 .text.tud_descriptor_other_speed_configuration_cb
                0x10004c88        0x4 CMakeFiles/firmware.dir/C_/Users/nahue/.pico-sdk/sdk/2.1.1/lib/tinyusb/src/device/usbd.c.obj
                0x10004c88                tud_descriptor_other_speed_configuration_cb
 .text.tud_mount_cb
                0x10004c8c        0x4 CMakeFiles/firmware.dir/C_/Users/nahue/.pico-sdk/sdk/2.1.1/lib/tinyusb/src/device/usbd.c.obj
                0x10004c8c                tud_mount_cb
 .text.tud_umount_cb
                0x10004c90        0x4 CMakeFiles/firmware.dir/C_/Users/nahue/.pico-sdk/sdk/2.1.1/lib/tinyusb/src/device/usbd.c.obj
                0x10004c90                tud_umount_cb
 .text.tud_suspend_cb
                0x10004c94        0x4 CMakeFiles/firmware.dir/C_/Users/nahue/.pico-sdk/sdk/2.1.1/lib/tinyusb/src/device/usbd.c.obj
                0x10004c94                tud_suspend_cb
 .text.tud_resume_cb
                0x10004c98        0x4 CMakeFiles/firmware.dir/C_/Users/nahue/.pico-sdk/sdk/2.1.1/lib/tinyusb/src/device/usbd.c.obj
                0x10004c98                tud_resume_cb
 .text.tud_mounted
                0x10004c9c       0x10 CMakeFiles/firmware.dir/C_/Users/nahue/.pico-sdk/sdk/2.1.1/lib/tinyusb/src/device/usbd.c.obj
                0x10004c9c                tud_mounted
 .text.tud_suspended
                0x10004cac       0x10 CMakeFiles/firmware.dir/C_/Users/nahue/.pico-sdk/sdk/2.1.1/lib/tinyusb/src/device/usbd.c.obj
                0x10004cac                tud_suspended
 .text.tud_rhport_init
                0x10004cbc       0xf4 CMakeFiles/firmware.dir/C_/Users/nahue/.pico-sdk/sdk/2.1.1/lib/tinyusb/src/device/usbd.c.obj
                0x10004cbc                tud_rhport_init
 .text.tud_task_ext
                0x10004db0      0x784 CMakeFiles/firmware.dir/C_/Users/nahue/.pico-sdk/sdk/2.1.1/lib/tinyusb/src/device/usbd.c.obj
                0x10004db0                tud_task_ext
 .text.usbd_open_edpt_pair
                0x10005534       0x9c CMakeFiles/firmware.dir/C_/Users/nahue/.pico-sdk/sdk/2.1.1/lib/tinyusb/src/device/usbd.c.obj
                0x10005534                usbd_open_edpt_pair
 .text.usbd_edpt_open
                0x100055d0       0x44 CMakeFiles/firmware.dir/C_/Users/nahue/.pico-sdk/sdk/2.1.1/lib/tinyusb/src/device/usbd.c.obj
                0x100055d0                usbd_edpt_open
 .text.usbd_edpt_claim
                0x10005614       0x24 CMakeFiles/firmware.dir/C_/Users/nahue/.pico-sdk/sdk/2.1.1/lib/tinyusb/src/device/usbd.c.obj
                0x10005614                usbd_edpt_claim
 .text.usbd_edpt_release
                0x10005638       0x24 CMakeFiles/firmware.dir/C_/Users/nahue/.pico-sdk/sdk/2.1.1/lib/tinyusb/src/device/usbd.c.obj
                0x10005638                usbd_edpt_release
 .text.usbd_edpt_xfer
                0x1000565c       0x70 CMakeFiles/firmware.dir/C_/Users/nahue/.pico-sdk/sdk/2.1.1/lib/tinyusb/src/device/usbd.c.obj
                0x1000565c                usbd_edpt_xfer
 .text.tud_control_status
                0x100056cc       0x34 CMakeFiles/firmware.dir/C_/Users/nahue/.pico-sdk/sdk/2.1.1/lib/tinyusb/src/device/usbd_control.c.obj
                0x100056cc                tud_control_status
 .text.tud_control_xfer
                0x10005700       0xb0 CMakeFiles/firmware.dir/C_/Users/nahue/.pico-sdk/sdk/2.1.1/lib/tinyusb/src/device/usbd_control.c.obj
                0x10005700                tud_control_xfer
 .text.usbd_control_reset
                0x100057b0       0x14 CMakeFiles/firmware.dir/C_/Users/nahue/.pico-sdk/sdk/2.1.1/lib/tinyusb/src/device/usbd_control.c.obj
                0x100057b0                usbd_control_reset
 .text.usbd_control_set_complete_callback
                0x100057c4        0xc CMakeFiles/firmware.dir/C_/Users/nahue/.pico-sdk/sdk/2.1.1/lib/tinyusb/src/device/usbd_control.c.obj
                0x100057c4                usbd_control_set_complete_callback
 .text.usbd_control_set_request
                0x100057d0       0x1c CMakeFiles/firmware.dir/C_/Users/nahue/.pico-sdk/sdk/2.1.1/lib/tinyusb/src/device/usbd_control.c.obj
                0x100057d0                usbd_control_set_request
 .text.usbd_control_xfer_cb
                0x100057ec      0x100 CMakeFiles/firmware.dir/C_/Users/nahue/.pico-sdk/sdk/2.1.1/lib/tinyusb/src/device/usbd_control.c.obj
                0x100057ec                usbd_control_xfer_cb
 .text._prep_out_transaction.isra.0
                0x100058ec       0x74 CMakeFiles/firmware.dir/C_/Users/nahue/.pico-sdk/sdk/2.1.1/lib/tinyusb/src/class/cdc/cdc_device.c.obj
 .text.tud_cdc_n_connected
                0x10005960       0x2c CMakeFiles/firmware.dir/C_/Users/nahue/.pico-sdk/sdk/2.1.1/lib/tinyusb/src/class/cdc/cdc_device.c.obj
                0x10005960                tud_cdc_n_connected
 .text.tud_cdc_n_available
                0x1000598c       0x14 CMakeFiles/firmware.dir/C_/Users/nahue/.pico-sdk/sdk/2.1.1/lib/tinyusb/src/class/cdc/cdc_device.c.obj
                0x1000598c                tud_cdc_n_available
 .text.tud_cdc_n_read
                0x100059a0       0x90 CMakeFiles/firmware.dir/C_/Users/nahue/.pico-sdk/sdk/2.1.1/lib/tinyusb/src/class/cdc/cdc_device.c.obj
                0x100059a0                tud_cdc_n_read
 .text.tud_cdc_n_write_flush
                0x10005a30       0x8c CMakeFiles/firmware.dir/C_/Users/nahue/.pico-sdk/sdk/2.1.1/lib/tinyusb/src/class/cdc/cdc_device.c.obj
                0x10005a30                tud_cdc_n_write_flush
 .text.tud_cdc_n_write
                0x10005abc       0x40 CMakeFiles/firmware.dir/C_/Users/nahue/.pico-sdk/sdk/2.1.1/lib/tinyusb/src/class/cdc/cdc_device.c.obj
                0x10005abc                tud_cdc_n_write
 .text.tud_cdc_n_write_available
                0x10005afc       0x14 CMakeFiles/firmware.dir/C_/Users/nahue/.pico-sdk/sdk/2.1.1/lib/tinyusb/src/class/cdc/cdc_device.c.obj
                0x10005afc                tud_cdc_n_write_available
 .text.cdcd_init
                0x10005b10       0x70 CMakeFiles/firmware.dir/C_/Users/nahue/.pico-sdk/sdk/2.1.1/lib/tinyusb/src/class/cdc/cdc_device.c.obj
                0x10005b10                cdcd_init
 .text.cdcd_deinit
                0x10005b80       0x30 CMakeFiles/firmware.dir/C_/Users/nahue/.pico-sdk/sdk/2.1.1/lib/tinyusb/src/class/cdc/cdc_device.c.obj
                0x10005b80                cdcd_deinit
 .text.cdcd_reset
                0x10005bb0       0x4c CMakeFiles/firmware.dir/C_/Users/nahue/.pico-sdk/sdk/2.1.1/lib/tinyusb/src/class/cdc/cdc_device.c.obj
                0x10005bb0                cdcd_reset
 .text.cdcd_open
                0x10005bfc       0xc0 CMakeFiles/firmware.dir/C_/Users/nahue/.pico-sdk/sdk/2.1.1/lib/tinyusb/src/class/cdc/cdc_device.c.obj
                0x10005bfc                cdcd_open
 .text.cdcd_control_xfer_cb
                0x10005cbc       0xc0 CMakeFiles/firmware.dir/C_/Users/nahue/.pico-sdk/sdk/2.1.1/lib/tinyusb/src/class/cdc/cdc_device.c.obj
                0x10005cbc                cdcd_control_xfer_cb
 .text.cdcd_xfer_cb
                0x10005d7c       0xf8 CMakeFiles/firmware.dir/C_/Users/nahue/.pico-sdk/sdk/2.1.1/lib/tinyusb/src/class/cdc/cdc_device.c.obj
                0x10005d7c                cdcd_xfer_cb
 .text.vendord_init
                0x10005e74       0x5c CMakeFiles/firmware.dir/C_/Users/nahue/.pico-sdk/sdk/2.1.1/lib/tinyusb/src/class/vendor/vendor_device.c.obj
                0x10005e74                vendord_init
 .text.vendord_deinit
                0x10005ed0       0x1c CMakeFiles/firmware.dir/C_/Users/nahue/.pico-sdk/sdk/2.1.1/lib/tinyusb/src/class/vendor/vendor_device.c.obj
                0x10005ed0                vendord_deinit
 .text.vendord_reset
                0x10005eec       0x24 CMakeFiles/firmware.dir/C_/Users/nahue/.pico-sdk/sdk/2.1.1/lib/tinyusb/src/class/vendor/vendor_device.c.obj
                0x10005eec                vendord_reset
 .text.vendord_open
                0x10005f10       0xf4 CMakeFiles/firmware.dir/C_/Users/nahue/.pico-sdk/sdk/2.1.1/lib/tinyusb/src/class/vendor/vendor_device.c.obj
                0x10005f10                vendord_open
 .text.vendord_xfer_cb
                0x10006004       0x88 CMakeFiles/firmware.dir/C_/Users/nahue/.pico-sdk/sdk/2.1.1/lib/tinyusb/src/class/vendor/vendor_device.c.obj
                0x10006004                vendord_xfer_cb
 .text.tusb_rhport_init
                0x1000608c       0x64 CMakeFiles/firmware.dir/C_/Users/nahue/.pico-sdk/sdk/2.1.1/lib/tinyusb/src/tusb.c.obj
                0x1000608c                tusb_rhport_init
 .text.tu_edpt_claim
                0x100060f0       0x54 CMakeFiles/firmware.dir/C_/Users/nahue/.pico-sdk/sdk/2.1.1/lib/tinyusb/src/tusb.c.obj
                0x100060f0                tu_edpt_claim
 .text.tu_edpt_release
                0x10006144       0x38 CMakeFiles/firmware.dir/C_/Users/nahue/.pico-sdk/sdk/2.1.1/lib/tinyusb/src/tusb.c.obj
                0x10006144                tu_edpt_release
 .text.tu_edpt_validate
                0x1000617c       0x60 CMakeFiles/firmware.dir/C_/Users/nahue/.pico-sdk/sdk/2.1.1/lib/tinyusb/src/tusb.c.obj
                0x1000617c                tu_edpt_validate
 .text.tu_edpt_bind_driver
                0x100061dc       0x58 CMakeFiles/firmware.dir/C_/Users/nahue/.pico-sdk/sdk/2.1.1/lib/tinyusb/src/tusb.c.obj
                0x100061dc                tu_edpt_bind_driver
 .text.tu_edpt_stream_init
                0x10006234       0x58 CMakeFiles/firmware.dir/C_/Users/nahue/.pico-sdk/sdk/2.1.1/lib/tinyusb/src/tusb.c.obj
                0x10006234                tu_edpt_stream_init
 .text.tu_edpt_stream_deinit
                0x1000628c        0x4 CMakeFiles/firmware.dir/C_/Users/nahue/.pico-sdk/sdk/2.1.1/lib/tinyusb/src/tusb.c.obj
                0x1000628c                tu_edpt_stream_deinit
 .text.tu_edpt_stream_write_zlp_if_needed
                0x10006290       0x68 CMakeFiles/firmware.dir/C_/Users/nahue/.pico-sdk/sdk/2.1.1/lib/tinyusb/src/tusb.c.obj
                0x10006290                tu_edpt_stream_write_zlp_if_needed
 .text.tu_edpt_stream_write_xfer
                0x100062f8       0x70 CMakeFiles/firmware.dir/C_/Users/nahue/.pico-sdk/sdk/2.1.1/lib/tinyusb/src/tusb.c.obj
                0x100062f8                tu_edpt_stream_write_xfer
 .text.tu_edpt_stream_read_xfer
                0x10006368       0xc8 CMakeFiles/firmware.dir/C_/Users/nahue/.pico-sdk/sdk/2.1.1/lib/tinyusb/src/tusb.c.obj
                0x10006368                tu_edpt_stream_read_xfer
 .text.tu_fifo_config
                0x10006430       0x60 CMakeFiles/firmware.dir/C_/Users/nahue/.pico-sdk/sdk/2.1.1/lib/tinyusb/src/common/tusb_fifo.c.obj
                0x10006430                tu_fifo_config
 .text.tu_fifo_count
                0x10006490       0x20 CMakeFiles/firmware.dir/C_/Users/nahue/.pico-sdk/sdk/2.1.1/lib/tinyusb/src/common/tusb_fifo.c.obj
                0x10006490                tu_fifo_count
 .text.tu_fifo_empty
                0x100064b0       0x14 CMakeFiles/firmware.dir/C_/Users/nahue/.pico-sdk/sdk/2.1.1/lib/tinyusb/src/common/tusb_fifo.c.obj
                0x100064b0                tu_fifo_empty
 .text.tu_fifo_remaining
                0x100064c4       0x24 CMakeFiles/firmware.dir/C_/Users/nahue/.pico-sdk/sdk/2.1.1/lib/tinyusb/src/common/tusb_fifo.c.obj
                0x100064c4                tu_fifo_remaining
 .text.tu_fifo_read
                0x100064e8       0x94 CMakeFiles/firmware.dir/C_/Users/nahue/.pico-sdk/sdk/2.1.1/lib/tinyusb/src/common/tusb_fifo.c.obj
                0x100064e8                tu_fifo_read
 .text.tu_fifo_read_n
                0x1000657c       0xd8 CMakeFiles/firmware.dir/C_/Users/nahue/.pico-sdk/sdk/2.1.1/lib/tinyusb/src/common/tusb_fifo.c.obj
                0x1000657c                tu_fifo_read_n
 .text.tu_fifo_write
                0x10006654       0xa4 CMakeFiles/firmware.dir/C_/Users/nahue/.pico-sdk/sdk/2.1.1/lib/tinyusb/src/common/tusb_fifo.c.obj
                0x10006654                tu_fifo_write
 .text.tu_fifo_write_n
                0x100066f8      0x15c CMakeFiles/firmware.dir/C_/Users/nahue/.pico-sdk/sdk/2.1.1/lib/tinyusb/src/common/tusb_fifo.c.obj
                0x100066f8                tu_fifo_write_n
 .text.tu_fifo_clear
                0x10006854       0x38 CMakeFiles/firmware.dir/C_/Users/nahue/.pico-sdk/sdk/2.1.1/lib/tinyusb/src/common/tusb_fifo.c.obj
                0x10006854                tu_fifo_clear
 .text.tu_fifo_set_overwritable
                0x1000688c       0x3c CMakeFiles/firmware.dir/C_/Users/nahue/.pico-sdk/sdk/2.1.1/lib/tinyusb/src/common/tusb_fifo.c.obj
                0x1000688c                tu_fifo_set_overwritable
 .text.exception_set_exclusive_handler
                0x100068c8       0x4c CMakeFiles/firmware.dir/C_/Users/nahue/.pico-sdk/sdk/2.1.1/src/rp2_common/hardware_exception/exception.c.obj
                0x100068c8                exception_set_exclusive_handler
 .text.i2c_read_blocking_internal.constprop.0
                0x10006914       0x70 CMakeFiles/firmware.dir/C_/Users/nahue/.pico-sdk/sdk/2.1.1/src/rp2_common/hardware_i2c/i2c.c.obj
 .text.i2c_write_blocking_internal.constprop.0
                0x10006984       0x9c CMakeFiles/firmware.dir/C_/Users/nahue/.pico-sdk/sdk/2.1.1/src/rp2_common/hardware_i2c/i2c.c.obj
 .text.i2c_set_baudrate
                0x10006a20       0xa4 CMakeFiles/firmware.dir/C_/Users/nahue/.pico-sdk/sdk/2.1.1/src/rp2_common/hardware_i2c/i2c.c.obj
                0x10006a20                i2c_set_baudrate
 .text.i2c_init
                0x10006ac4       0x4c CMakeFiles/firmware.dir/C_/Users/nahue/.pico-sdk/sdk/2.1.1/src/rp2_common/hardware_i2c/i2c.c.obj
                0x10006ac4                i2c_init
 .text.i2c_write_blocking
                0x10006b10       0x10 CMakeFiles/firmware.dir/C_/Users/nahue/.pico-sdk/sdk/2.1.1/src/rp2_common/hardware_i2c/i2c.c.obj
                0x10006b10                i2c_write_blocking
 .text.i2c_read_blocking
                0x10006b20       0x10 CMakeFiles/firmware.dir/C_/Users/nahue/.pico-sdk/sdk/2.1.1/src/rp2_common/hardware_i2c/i2c.c.obj
                0x10006b20                i2c_read_blocking
 .text.adc_init
                0x10006b30       0x30 CMakeFiles/firmware.dir/C_/Users/nahue/.pico-sdk/sdk/2.1.1/src/rp2_common/hardware_adc/adc.c.obj
                0x10006b30                adc_init
 .text.pio_claim_unused_sm
                0x10006b60       0x38 CMakeFiles/firmware.dir/C_/Users/nahue/.pico-sdk/sdk/2.1.1/src/rp2_common/hardware_pio/pio.c.obj
                0x10006b60                pio_claim_unused_sm
 .text.pio_add_program
                0x10006b98       0xf4 CMakeFiles/firmware.dir/C_/Users/nahue/.pico-sdk/sdk/2.1.1/src/rp2_common/hardware_pio/pio.c.obj
                0x10006b98                pio_add_program
 .text.pio_clear_instruction_memory
                0x10006c8c       0x34 CMakeFiles/firmware.dir/C_/Users/nahue/.pico-sdk/sdk/2.1.1/src/rp2_common/hardware_pio/pio.c.obj
                0x10006c8c                pio_clear_instruction_memory
 .text.pio_sm_set_consecutive_pindirs
                0x10006cc0       0x8c CMakeFiles/firmware.dir/C_/Users/nahue/.pico-sdk/sdk/2.1.1/src/rp2_common/hardware_pio/pio.c.obj
                0x10006cc0                pio_sm_set_consecutive_pindirs
 .text.pio_sm_init
                0x10006d4c       0xa8 CMakeFiles/firmware.dir/C_/Users/nahue/.pico-sdk/sdk/2.1.1/src/rp2_common/hardware_pio/pio.c.obj
                0x10006d4c                pio_sm_init
 .text.dma_channel_claim
                0x10006df4       0x14 CMakeFiles/firmware.dir/C_/Users/nahue/.pico-sdk/sdk/2.1.1/src/rp2_common/hardware_dma/dma.c.obj
                0x10006df4                dma_channel_claim
 .text.dma_claim_unused_channel
                0x10006e08       0x20 CMakeFiles/firmware.dir/C_/Users/nahue/.pico-sdk/sdk/2.1.1/src/rp2_common/hardware_dma/dma.c.obj
                0x10006e08                dma_claim_unused_channel
 .text.spi_init
                0x10006e28       0xf4 CMakeFiles/firmware.dir/C_/Users/nahue/.pico-sdk/sdk/2.1.1/src/rp2_common/hardware_spi/spi.c.obj
                0x10006e28                spi_init
 .text.spi_set_baudrate
                0x10006f1c       0x98 CMakeFiles/firmware.dir/C_/Users/nahue/.pico-sdk/sdk/2.1.1/src/rp2_common/hardware_spi/spi.c.obj
                0x10006f1c                spi_set_baudrate
 .text.spi_get_baudrate
                0x10006fb4       0x1c CMakeFiles/firmware.dir/C_/Users/nahue/.pico-sdk/sdk/2.1.1/src/rp2_common/hardware_spi/spi.c.obj
                0x10006fb4                spi_get_baudrate
 .text.startup.SystemInit
                0x10006fd0       0x14 CMakeFiles/firmware.dir/C_/Users/nahue/.pico-sdk/sdk/2.1.1/src/rp2_common/cmsis/stub/CMSIS/Device/RP2350/Source/system_RP2350.c.obj
                0x10006fd0                SystemInit
 .text.aon_timer_get_time
                0x10006fe4       0x14 CMakeFiles/firmware.dir/C_/Users/nahue/.pico-sdk/sdk/2.1.1/src/rp2_common/pico_aon_timer/aon_timer.c.obj
                0x10006fe4                aon_timer_get_time
 .text.aon_timer_is_running
                0x10006ff8       0x10 CMakeFiles/firmware.dir/C_/Users/nahue/.pico-sdk/sdk/2.1.1/src/rp2_common/pico_aon_timer/aon_timer.c.obj
                0x10006ff8                aon_timer_is_running
 .text.powman_timer_get_ms
                0x10007008       0x14 CMakeFiles/firmware.dir/C_/Users/nahue/.pico-sdk/sdk/2.1.1/src/rp2_common/hardware_powman/powman.c.obj
                0x10007008                powman_timer_get_ms
 .text.prvCopyDataToQueue
                0x1000701c       0x78 freertos/libfreertos.a(queue.c.obj)
 .text.xQueueGenericCreate
                0x10007094       0x78 freertos/libfreertos.a(queue.c.obj)
                0x10007094                xQueueGenericCreate
 .text.xQueueGenericSend
                0x1000710c      0x280 freertos/libfreertos.a(queue.c.obj)
                0x1000710c                xQueueGenericSend
 .text.xQueueCreateMutex
                0x1000738c       0x68 freertos/libfreertos.a(queue.c.obj)
                0x1000738c                xQueueCreateMutex
 .text.xQueueReceive
                0x100073f4      0x288 freertos/libfreertos.a(queue.c.obj)
                0x100073f4                xQueueReceive
 .text.xQueueSemaphoreTake
                0x1000767c      0x2c0 freertos/libfreertos.a(queue.c.obj)
                0x1000767c                xQueueSemaphoreTake
 .text.xQueuePeek
                0x1000793c      0x284 freertos/libfreertos.a(queue.c.obj)
                0x1000793c                xQueuePeek
 .text.vQueueAddToRegistry
                0x10007bc0      0x180 freertos/libfreertos.a(queue.c.obj)
                0x10007bc0                vQueueAddToRegistry
 .text.vQueueWaitForMessageRestricted
                0x10007d40       0xc8 freertos/libfreertos.a(queue.c.obj)
                0x10007d40                vQueueWaitForMessageRestricted
 .text.prvAddNewTaskToReadyList
                0x10007e08      0x118 freertos/libfreertos.a(tasks.c.obj)
 .text.prvIdleTask
                0x10007f20       0x5c freertos/libfreertos.a(tasks.c.obj)
 .text.xTaskIncrementTick.part.0
                0x10007f7c      0x15c freertos/libfreertos.a(tasks.c.obj)
 .text.xTaskCreate
                0x100080d8      0x104 freertos/libfreertos.a(tasks.c.obj)
                0x100080d8                xTaskCreate
 .text.vTaskStartScheduler
                0x100081dc       0xc0 freertos/libfreertos.a(tasks.c.obj)
                0x100081dc                vTaskStartScheduler
 .text.vTaskSuspendAll
                0x1000829c       0x10 freertos/libfreertos.a(tasks.c.obj)
                0x1000829c                vTaskSuspendAll
 .text.xTaskResumeAll
                0x100082ac      0x180 freertos/libfreertos.a(tasks.c.obj)
                0x100082ac                xTaskResumeAll
 .text.vTaskDelay
                0x1000842c       0x84 freertos/libfreertos.a(tasks.c.obj)
                0x1000842c                vTaskDelay
 .text.xTaskGetTickCount
                0x100084b0        0xc freertos/libfreertos.a(tasks.c.obj)
                0x100084b0                xTaskGetTickCount
 .text.xTaskIncrementTick
                0x100084bc       0x20 freertos/libfreertos.a(tasks.c.obj)
                0x100084bc                xTaskIncrementTick
 .text.vTaskSwitchContext
                0x100084dc       0xa4 freertos/libfreertos.a(tasks.c.obj)
                0x100084dc                vTaskSwitchContext
 .text.vTaskPlaceOnEventList
                0x10008580       0x98 freertos/libfreertos.a(tasks.c.obj)
                0x10008580                vTaskPlaceOnEventList
 .text.vTaskPlaceOnEventListRestricted
                0x10008618       0xcc freertos/libfreertos.a(tasks.c.obj)
                0x10008618                vTaskPlaceOnEventListRestricted
 .text.xTaskRemoveFromEventList
                0x100086e4       0xd0 freertos/libfreertos.a(tasks.c.obj)
                0x100086e4                xTaskRemoveFromEventList
 .text.vTaskInternalSetTimeOutState
                0x100087b4       0x18 freertos/libfreertos.a(tasks.c.obj)
                0x100087b4                vTaskInternalSetTimeOutState
 .text.xTaskCheckForTimeOut
                0x100087cc       0x60 freertos/libfreertos.a(tasks.c.obj)
                0x100087cc                xTaskCheckForTimeOut
 .text.vTaskMissedYield
                0x1000882c        0xc freertos/libfreertos.a(tasks.c.obj)
                0x1000882c                vTaskMissedYield
 .text.xTaskPriorityInherit
                0x10008838       0x90 freertos/libfreertos.a(tasks.c.obj)
                0x10008838                xTaskPriorityInherit
 .text.xTaskPriorityDisinherit
                0x100088c8       0x6c freertos/libfreertos.a(tasks.c.obj)
                0x100088c8                xTaskPriorityDisinherit
 .text.vTaskPriorityDisinheritAfterTimeout
                0x10008934       0x78 freertos/libfreertos.a(tasks.c.obj)
                0x10008934                vTaskPriorityDisinheritAfterTimeout
 .text.pvTaskIncrementMutexHeldCount
                0x100089ac       0x14 freertos/libfreertos.a(tasks.c.obj)
                0x100089ac                pvTaskIncrementMutexHeldCount
 .text.prvTimerTask
                0x100089c0      0x350 freertos/libfreertos.a(timers.c.obj)
 .text.xTimerCreateTimerTask
                0x10008d10       0x84 freertos/libfreertos.a(timers.c.obj)
                0x10008d10                xTimerCreateTimerTask
 .text.pvPortMalloc
                0x10008d94       0x18 freertos/libfreertos.a(heap_3.c.obj)
                0x10008d94                pvPortMalloc
 .text.vPortFree
                0x10008dac       0x1c freertos/libfreertos.a(heap_3.c.obj)
                0x10008dac                vPortFree
 .text.prvTaskExitError
                0x10008dc8       0x18 freertos/libfreertos.a(port.c.obj)
 .text.isr_systick
                0x10008de0       0x24 freertos/libfreertos.a(port.c.obj)
                0x10008de0                isr_systick
 .text.vPortSetupTimerInterrupt
                0x10008e04       0x2c freertos/libfreertos.a(port.c.obj)
                0x10008e04                vPortSetupTimerInterrupt
 .text.vPortYield
                0x10008e30       0x18 freertos/libfreertos.a(port.c.obj)
                0x10008e30                vPortYield
 .text.vPortEnterCritical
                0x10008e48       0x1c freertos/libfreertos.a(port.c.obj)
                0x10008e48                vPortEnterCritical
 .text.vPortExitCritical
                0x10008e64       0x18 freertos/libfreertos.a(port.c.obj)
                0x10008e64                vPortExitCritical
 .text.vPortSVCHandler_C
                0x10008e7c       0x2c freertos/libfreertos.a(port.c.obj)
                0x10008e7c                vPortSVCHandler_C
 .text.pxPortInitialiseStack
                0x10008ea8       0x78 freertos/libfreertos.a(port.c.obj)
                0x10008ea8                pxPortInitialiseStack
 .text.xPortStartScheduler
                0x10008f20       0xdc freertos/libfreertos.a(port.c.obj)
                0x10008f20                xPortStartScheduler
 .text.startup.prvRuntimeInitializer
                0x10008ffc       0x24 freertos/libfreertos.a(port.c.obj)
 .text.vRestoreContextOfFirstTask
                0x10009020       0x2c freertos/libfreertos.a(portasm.c.obj)
                0x10009020                vRestoreContextOfFirstTask
 .text.vStartFirstTask
                0x1000904c       0x10 freertos/libfreertos.a(portasm.c.obj)
                0x1000904c                vStartFirstTask
 .text.ulSetInterruptMask
                0x1000905c       0x18 freertos/libfreertos.a(portasm.c.obj)
                0x1000905c                ulSetInterruptMask
 .text.vClearInterruptMask
                0x10009074       0x10 freertos/libfreertos.a(portasm.c.obj)
                0x10009074                vClearInterruptMask
 .text.isr_pendsv
                0x10009084       0x80 freertos/libfreertos.a(portasm.c.obj)
                0x10009084                isr_pendsv
 .text.isr_svcall
                0x10009104       0x18 freertos/libfreertos.a(portasm.c.obj)
                0x10009104                isr_svcall
 .text.xEventGroupCreate
                0x1000911c       0x1c freertos/libfreertos.a(event_groups.c.obj)
                0x1000911c                xEventGroupCreate
 .text.vListInitialise
                0x10009138       0x18 freertos/libfreertos.a(list.c.obj)
                0x10009138                vListInitialise
 .text.vListInitialiseItem
                0x10009150        0x8 freertos/libfreertos.a(list.c.obj)
                0x10009150                vListInitialiseItem
 .text.vListInsert
                0x10009158       0x30 freertos/libfreertos.a(list.c.obj)
                0x10009158                vListInsert
 .text.uxListRemove
                0x10009188       0x28 freertos/libfreertos.a(list.c.obj)
                0x10009188                uxListRemove
 .text.pwm_init_config
                0x100091b0       0x84 pwm_lib/libpwm_lib.a(pwm_lib.c.obj)
                0x100091b0                pwm_init_config
 .text.pwm_set_level
                0x10009234       0x44 pwm_lib/libpwm_lib.a(pwm_lib.c.obj)
                0x10009234                pwm_set_level
 .text.lcd_send_byte
                0x10009278      0x100 lcd/liblcd.a(lcd.c.obj)
 .text.lcd_clear
                0x10009378        0x8 lcd/liblcd.a(lcd.c.obj)
                0x10009378                lcd_clear
 .text.lcd_set_cursor
                0x10009380       0x30 lcd/liblcd.a(lcd.c.obj)
                0x10009380                lcd_set_cursor
 .text.lcd_string
                0x100093b0       0x18 lcd/liblcd.a(lcd.c.obj)
                0x100093b0                lcd_string
 .text.lcd_init
                0x100093c8       0x5c lcd/liblcd.a(lcd.c.obj)
                0x100093c8                lcd_init
 .text.hc_sr04_init
                0x10009424       0x30 HC_SR04/libHC_SR04.a(HC_SR04.c.obj)
                0x10009424                hc_sr04_init
 *fill*         0x10009454        0x4 
 .text.hc_sr04_get_distance_cm
                0x10009458       0xe0 HC_SR04/libHC_SR04.a(HC_SR04.c.obj)
                0x10009458                hc_sr04_get_distance_cm
 .text.ds3231_get_time
                0x10009538       0xdc ds3231/libds3231.a(ds3231.c.obj)
                0x10009538                ds3231_get_time
 .text.PIDController_Init
                0x10009614       0x10 pid_controller/libpid_controller.a(pid_controller.c.obj)
                0x10009614                PIDController_Init
 .text.PIDController_Update
                0x10009624       0xf8 pid_controller/libpid_controller.a(pid_controller.c.obj)
                0x10009624                PIDController_Update
 .text.tchar2uni
                0x1000971c      0x100 pico_sd_fatfs/libpico_sd_fatfs.a(ff.c.obj)
 .text.inc_share
                0x1000981c      0x35c pico_sd_fatfs/libpico_sd_fatfs.a(ff.c.obj)
 .text.dir_clear
                0x10009b78      0x158 pico_sd_fatfs/libpico_sd_fatfs.a(ff.c.obj)
 .text.init_alloc_info.isra.0
                0x10009cd0       0x24 pico_sd_fatfs/libpico_sd_fatfs.a(ff.c.obj)
 .text.move_window
                0x10009cf4       0x98 pico_sd_fatfs/libpico_sd_fatfs.a(ff.c.obj)
 .text.find_bitmap
                0x10009d8c       0xbc pico_sd_fatfs/libpico_sd_fatfs.a(ff.c.obj)
 .text.put_fat.part.0
                0x10009e48      0x12c pico_sd_fatfs/libpico_sd_fatfs.a(ff.c.obj)
 .text.get_fat  0x10009f74      0x144 pico_sd_fatfs/libpico_sd_fatfs.a(ff.c.obj)
 .text.dir_next.constprop.0
                0x1000a0b8       0xa0 pico_sd_fatfs/libpico_sd_fatfs.a(ff.c.obj)
 .text.sync_fs  0x1000a158       0xd0 pico_sd_fatfs/libpico_sd_fatfs.a(ff.c.obj)
 .text.check_fs
                0x1000a228      0x134 pico_sd_fatfs/libpico_sd_fatfs.a(ff.c.obj)
 .text.mount_volume
                0x1000a35c      0x6c4 pico_sd_fatfs/libpico_sd_fatfs.a(ff.c.obj)
 .text.load_xdir
                0x1000aa20      0x1f4 pico_sd_fatfs/libpico_sd_fatfs.a(ff.c.obj)
 .text.dir_read.constprop.0
                0x1000ac14      0x44c pico_sd_fatfs/libpico_sd_fatfs.a(ff.c.obj)
 .text.dir_sdi  0x1000b060      0x238 pico_sd_fatfs/libpico_sd_fatfs.a(ff.c.obj)
 .text.store_xdir
                0x1000b298      0x1ec pico_sd_fatfs/libpico_sd_fatfs.a(ff.c.obj)
 .text.dir_find
                0x1000b484      0x3f8 pico_sd_fatfs/libpico_sd_fatfs.a(ff.c.obj)
 .text.follow_path
                0x1000b87c      0x550 pico_sd_fatfs/libpico_sd_fatfs.a(ff.c.obj)
 .text.create_chain
                0x1000bdcc      0x39c pico_sd_fatfs/libpico_sd_fatfs.a(ff.c.obj)
 .text.dir_alloc
                0x1000c168      0x1d0 pico_sd_fatfs/libpico_sd_fatfs.a(ff.c.obj)
 .text.dir_register
                0x1000c338      0x928 pico_sd_fatfs/libpico_sd_fatfs.a(ff.c.obj)
 .text.remove_chain
                0x1000cc60      0x30c pico_sd_fatfs/libpico_sd_fatfs.a(ff.c.obj)
 .text.f_mount  0x1000cf6c      0x150 pico_sd_fatfs/libpico_sd_fatfs.a(ff.c.obj)
                0x1000cf6c                f_mount
 *fill*         0x1000d0bc        0x4 
 .text.f_open   0x1000d0c0      0x744 pico_sd_fatfs/libpico_sd_fatfs.a(ff.c.obj)
                0x1000d0c0                f_open
 .text.f_write  0x1000d804      0x294 pico_sd_fatfs/libpico_sd_fatfs.a(ff.c.obj)
                0x1000d804                f_write
 .text.putc_bfd
                0x1000da98      0x14c pico_sd_fatfs/libpico_sd_fatfs.a(ff.c.obj)
 .text.putc_bfd.constprop.0
                0x1000dbe4       0x4c pico_sd_fatfs/libpico_sd_fatfs.a(ff.c.obj)
 .text.f_sync   0x1000dc30      0x23c pico_sd_fatfs/libpico_sd_fatfs.a(ff.c.obj)
                0x1000dc30                f_sync
 .text.f_close  0x1000de6c       0x68 pico_sd_fatfs/libpico_sd_fatfs.a(ff.c.obj)
                0x1000de6c                f_close
 *fill*         0x1000ded4        0x4 
 .text.f_printf
                0x1000ded8      0xd8c pico_sd_fatfs/libpico_sd_fatfs.a(ff.c.obj)
                0x1000ded8                f_printf
 .text.ff_uni2oem
                0x1000ec64       0x38 pico_sd_fatfs/libpico_sd_fatfs.a(ffunicode.c.obj)
                0x1000ec64                ff_uni2oem
 .text.ff_wtoupper
                0x1000ec9c       0xa4 pico_sd_fatfs/libpico_sd_fatfs.a(ffunicode.c.obj)
                0x1000ec9c                ff_wtoupper
 .text.ff_memalloc
                0x1000ed40        0x4 pico_sd_fatfs/libpico_sd_fatfs.a(ffsystem.c.obj)
                0x1000ed40                ff_memalloc
 .text.ff_memfree
                0x1000ed44        0x4 pico_sd_fatfs/libpico_sd_fatfs.a(ffsystem.c.obj)
                0x1000ed44                ff_memfree
 .text.get_fattime
                0x1000ed48       0x58 pico_sd_fatfs/libpico_sd_fatfs.a(my_rtc.c.obj)
                0x1000ed48                get_fattime
 .text.crc16ibm_3740_word.constprop.0
                0x1000eda0      0x19c pico_sd_fatfs/libpico_sd_fatfs.a(crc.c.obj)
 .text.crc16    0x1000ef3c        0x4 pico_sd_fatfs/libpico_sd_fatfs.a(crc.c.obj)
                0x1000ef3c                crc16
 .text.FRESULT_str
                0x1000ef40       0x18 pico_sd_fatfs/libpico_sd_fatfs.a(f_util.c.obj)
                0x1000ef40                FRESULT_str
 .text.disk_status
                0x1000ef58       0x18 pico_sd_fatfs/libpico_sd_fatfs.a(glue.c.obj)
                0x1000ef58                disk_status
 .text.disk_initialize
                0x1000ef70       0x3c pico_sd_fatfs/libpico_sd_fatfs.a(glue.c.obj)
                0x1000ef70                disk_initialize
 .text.disk_read
                0x1000efac       0x68 pico_sd_fatfs/libpico_sd_fatfs.a(glue.c.obj)
                0x1000efac                disk_read
 .text.disk_write
                0x1000f014       0x68 pico_sd_fatfs/libpico_sd_fatfs.a(glue.c.obj)
                0x1000f014                disk_write
 .text.disk_ioctl
                0x1000f07c       0x40 pico_sd_fatfs/libpico_sd_fatfs.a(glue.c.obj)
                0x1000f07c                disk_ioctl
 .text.sd_lock  0x1000f0bc        0x8 pico_sd_fatfs/libpico_sd_fatfs.a(sd_card.c.obj)
                0x1000f0bc                sd_lock
 .text.sd_unlock
                0x1000f0c4        0x8 pico_sd_fatfs/libpico_sd_fatfs.a(sd_card.c.obj)
                0x1000f0c4                sd_unlock
 .text.sd_card_detect
                0x1000f0cc       0x50 pico_sd_fatfs/libpico_sd_fatfs.a(sd_card.c.obj)
                0x1000f0cc                sd_card_detect
 .text.sd_get_drive_prefix
                0x1000f11c       0x10 pico_sd_fatfs/libpico_sd_fatfs.a(sd_card.c.obj)
                0x1000f11c                sd_get_drive_prefix
 .text.sd_init_driver
                0x1000f12c       0xd8 pico_sd_fatfs/libpico_sd_fatfs.a(sd_card.c.obj)
                0x1000f12c                sd_init_driver
 .text.spi_transfer_start
                0x1000f204       0x78 pico_sd_fatfs/libpico_sd_fatfs.a(my_spi.c.obj)
                0x1000f204                spi_transfer_start
 .text.calculate_transfer_time_ms
                0x1000f27c       0x54 pico_sd_fatfs/libpico_sd_fatfs.a(my_spi.c.obj)
                0x1000f27c                calculate_transfer_time_ms
 .text.my_spi_init
                0x1000f2d0      0x1f0 pico_sd_fatfs/libpico_sd_fatfs.a(my_spi.c.obj)
                0x1000f2d0                my_spi_init
 .text.sd_deinit
                0x1000f4c0       0x2c pico_sd_fatfs/libpico_sd_fatfs.a(sd_card_spi.c.obj)
 .text.crc7.constprop.0
                0x1000f4ec       0x30 pico_sd_fatfs/libpico_sd_fatfs.a(sd_card_spi.c.obj)
 .text.sd_wait_ready
                0x1000f51c       0xa0 pico_sd_fatfs/libpico_sd_fatfs.a(sd_card_spi.c.obj)
 .text.read_bytes
                0x1000f5bc      0x16c pico_sd_fatfs/libpico_sd_fatfs.a(sd_card_spi.c.obj)
 .text.sd_cmd_spi
                0x1000f728      0x168 pico_sd_fatfs/libpico_sd_fatfs.a(sd_card_spi.c.obj)
 .text.sd_spi_test_com
                0x1000f890      0x17c pico_sd_fatfs/libpico_sd_fatfs.a(sd_card_spi.c.obj)
 .text.in_sd_go_idle_state
                0x1000fa0c      0x148 pico_sd_fatfs/libpico_sd_fatfs.a(sd_card_spi.c.obj)
 .text.send_block.constprop.0
                0x1000fb54      0x1e4 pico_sd_fatfs/libpico_sd_fatfs.a(sd_card_spi.c.obj)
 .text.in_sd_spi_sectors
                0x1000fd38      0x100 pico_sd_fatfs/libpico_sd_fatfs.a(sd_card_spi.c.obj)
 .text.sd_spi_sectors
                0x1000fe38       0xf4 pico_sd_fatfs/libpico_sd_fatfs.a(sd_card_spi.c.obj)
                0x1000fe38                sd_spi_sectors
 .text.sd_cmd.constprop.0
                0x1000ff2c      0x370 pico_sd_fatfs/libpico_sd_fatfs.a(sd_card_spi.c.obj)
 .text.stop_wr_tran
                0x1001029c       0x78 pico_sd_fatfs/libpico_sd_fatfs.a(sd_card_spi.c.obj)
 .text.sd_sync  0x10010314      0x104 pico_sd_fatfs/libpico_sd_fatfs.a(sd_card_spi.c.obj)
 .text.sd_read_blocks
                0x10010418      0x4b0 pico_sd_fatfs/libpico_sd_fatfs.a(sd_card_spi.c.obj)
 .text.sd_write_blocks
                0x100108c8      0x380 pico_sd_fatfs/libpico_sd_fatfs.a(sd_card_spi.c.obj)
 .text.sd_card_spi_init
                0x10010c48      0x5e8 pico_sd_fatfs/libpico_sd_fatfs.a(sd_card_spi.c.obj)
                0x10010c48                sd_card_spi_init
 .text.sd_go_idle_state
                0x10011230       0x8c pico_sd_fatfs/libpico_sd_fatfs.a(sd_card_spi.c.obj)
                0x10011230                sd_go_idle_state
 .text.sd_spi_ctor
                0x100112bc       0x74 pico_sd_fatfs/libpico_sd_fatfs.a(sd_card_spi.c.obj)
                0x100112bc                sd_spi_ctor
 .text.sd_sdio_deinit
                0x10011330       0xd4 pico_sd_fatfs/libpico_sd_fatfs.a(sd_card_sdio.c.obj)
 .text.sd_sdio_test_com
                0x10011404       0x8c pico_sd_fatfs/libpico_sd_fatfs.a(sd_card_sdio.c.obj)
 .text.logSDError.isra.0
                0x10011490       0x40 pico_sd_fatfs/libpico_sd_fatfs.a(sd_card_sdio.c.obj)
 .text.sd_sdio_sectorCount
                0x100114d0       0xe0 pico_sd_fatfs/libpico_sd_fatfs.a(sd_card_sdio.c.obj)
                0x100114d0                sd_sdio_sectorCount
 .text.sd_sdio_begin
                0x100115b0      0x42c pico_sd_fatfs/libpico_sd_fatfs.a(sd_card_sdio.c.obj)
                0x100115b0                sd_sdio_begin
 .text.sd_sdio_init
                0x100119dc       0xf4 pico_sd_fatfs/libpico_sd_fatfs.a(sd_card_sdio.c.obj)
 .text.sd_sdio_stopTransmission
                0x10011ad0       0xcc pico_sd_fatfs/libpico_sd_fatfs.a(sd_card_sdio.c.obj)
                0x10011ad0                sd_sdio_stopTransmission
 .text.sd_sync  0x10011b9c       0x34 pico_sd_fatfs/libpico_sd_fatfs.a(sd_card_sdio.c.obj)
 .text.sd_sdio_writeSector
                0x10011bd0      0x114 pico_sd_fatfs/libpico_sd_fatfs.a(sd_card_sdio.c.obj)
                0x10011bd0                sd_sdio_writeSector
 .text.sd_sdio_writeSectors
                0x10011ce4      0x174 pico_sd_fatfs/libpico_sd_fatfs.a(sd_card_sdio.c.obj)
                0x10011ce4                sd_sdio_writeSectors
 .text.sd_sdio_write_blocks
                0x10011e58       0x40 pico_sd_fatfs/libpico_sd_fatfs.a(sd_card_sdio.c.obj)
 .text.sd_sdio_readSector
                0x10011e98      0x120 pico_sd_fatfs/libpico_sd_fatfs.a(sd_card_sdio.c.obj)
                0x10011e98                sd_sdio_readSector
 .text.sd_sdio_readSectors
                0x10011fb8      0x144 pico_sd_fatfs/libpico_sd_fatfs.a(sd_card_sdio.c.obj)
                0x10011fb8                sd_sdio_readSectors
 .text.sd_sdio_read_blocks
                0x100120fc       0x40 pico_sd_fatfs/libpico_sd_fatfs.a(sd_card_sdio.c.obj)
 .text.sd_sdio_ctor
                0x1001213c       0x6c pico_sd_fatfs/libpico_sd_fatfs.a(sd_card_sdio.c.obj)
                0x1001213c                sd_sdio_ctor
 .text.sdio_start_next_block_tx
                0x100121a8      0x144 pico_sd_fatfs/libpico_sd_fatfs.a(rp2040_sdio.c.obj)
 .text.rp2040_sdio_stop.isra.0
                0x100122ec       0x80 pico_sd_fatfs/libpico_sd_fatfs.a(rp2040_sdio.c.obj)
 .text.sdio_send_command.isra.0
                0x1001236c       0x70 pico_sd_fatfs/libpico_sd_fatfs.a(rp2040_sdio.c.obj)
 .text.sdio_crc16_4bit_checksum
                0x100123dc       0xa4 pico_sd_fatfs/libpico_sd_fatfs.a(rp2040_sdio.c.obj)
                0x100123dc                sdio_crc16_4bit_checksum
 .text.rp2040_sdio_command_R1
                0x10012480      0x14c pico_sd_fatfs/libpico_sd_fatfs.a(rp2040_sdio.c.obj)
                0x10012480                rp2040_sdio_command_R1
 .text.rp2040_sdio_command_R2
                0x100125cc      0x218 pico_sd_fatfs/libpico_sd_fatfs.a(rp2040_sdio.c.obj)
                0x100125cc                rp2040_sdio_command_R2
 .text.rp2040_sdio_command_R3
                0x100127e4       0x9c pico_sd_fatfs/libpico_sd_fatfs.a(rp2040_sdio.c.obj)
                0x100127e4                rp2040_sdio_command_R3
 .text.rp2040_sdio_rx_start
                0x10012880      0x184 pico_sd_fatfs/libpico_sd_fatfs.a(rp2040_sdio.c.obj)
                0x10012880                rp2040_sdio_rx_start
 .text.rp2040_sdio_rx_poll
                0x10012a04      0x1a8 pico_sd_fatfs/libpico_sd_fatfs.a(rp2040_sdio.c.obj)
                0x10012a04                rp2040_sdio_rx_poll
 .text.rp2040_sdio_tx_start
                0x10012bac       0x78 pico_sd_fatfs/libpico_sd_fatfs.a(rp2040_sdio.c.obj)
                0x10012bac                rp2040_sdio_tx_start
 .text.rp2040_sdio_tx_poll
                0x10012c24       0x80 pico_sd_fatfs/libpico_sd_fatfs.a(rp2040_sdio.c.obj)
                0x10012c24                rp2040_sdio_tx_poll
 *fill*         0x10012ca4        0x4 
 .text.rp2040_sdio_init
                0x10012ca8      0x3f0 pico_sd_fatfs/libpico_sd_fatfs.a(rp2040_sdio.c.obj)
                0x10012ca8                rp2040_sdio_init
 .text.dma_irq_add_handler
                0x10013098       0x90 pico_sd_fatfs/libpico_sd_fatfs.a(dma_interrupts.c.obj)
                0x10013098                dma_irq_add_handler
 .text.put_out_error_message
                0x10013128        0x4 pico_sd_fatfs/libpico_sd_fatfs.a(my_debug.c.obj)
                0x10013128                put_out_error_message
 .text.error_message_printf
                0x1001312c       0x3c pico_sd_fatfs/libpico_sd_fatfs.a(my_debug.c.obj)
                0x1001312c                error_message_printf
 .text.sd_spi_go_high_frequency
                0x10013168        0xc pico_sd_fatfs/libpico_sd_fatfs.a(sd_spi.c.obj)
                0x10013168                sd_spi_go_high_frequency
 .text.sd_spi_go_low_frequency
                0x10013174       0x10 pico_sd_fatfs/libpico_sd_fatfs.a(sd_spi.c.obj)
                0x10013174                sd_spi_go_low_frequency
 .text.sd_spi_send_initializing_sequence
                0x10013184       0x70 pico_sd_fatfs/libpico_sd_fatfs.a(sd_spi.c.obj)
                0x10013184                sd_spi_send_initializing_sequence
 .text.__NVIC_SystemReset
                0x100131f4       0x24 pico_sd_fatfs/libpico_sd_fatfs.a(crash.c.obj)
 .text.crc7.constprop.0
                0x10013218       0x24 pico_sd_fatfs/libpico_sd_fatfs.a(crash.c.obj)
 .text.Hardfault_HandlerC
                0x1001323c       0x60 pico_sd_fatfs/libpico_sd_fatfs.a(crash.c.obj)
                0x1001323c                Hardfault_HandlerC
 .text.HardFault_Handler
                0x1001329c       0x1c pico_sd_fatfs/libpico_sd_fatfs.a(crash.c.obj)
                0x1001329c                HardFault_Handler
 .text.malloc   0x100132b8       0x10 C:/Users/nahue/.pico-sdk/toolchain/14_2_Rel1/bin/../lib/gcc/arm-none-eabi/14.2.1/thumb/v8-m.main+fp/softfp\libg.a(libc_a-malloc.o)
                0x100132b8                malloc
 .text.free     0x100132c8       0x10 C:/Users/nahue/.pico-sdk/toolchain/14_2_Rel1/bin/../lib/gcc/arm-none-eabi/14.2.1/thumb/v8-m.main+fp/softfp\libg.a(libc_a-malloc.o)
                0x100132c8                free
 .text._malloc_r
                0x100132d8      0x578 C:/Users/nahue/.pico-sdk/toolchain/14_2_Rel1/bin/../lib/gcc/arm-none-eabi/14.2.1/thumb/v8-m.main+fp/softfp\libg.a(libc_a-mallocr.o)
                0x100132d8                _malloc_r
 .text.__malloc_lock
                0x10013850        0xc C:/Users/nahue/.pico-sdk/toolchain/14_2_Rel1/bin/../lib/gcc/arm-none-eabi/14.2.1/thumb/v8-m.main+fp/softfp\libg.a(libc_a-mlock.o)
                0x10013850                __malloc_lock
 .text.__malloc_unlock
                0x1001385c        0xc C:/Users/nahue/.pico-sdk/toolchain/14_2_Rel1/bin/../lib/gcc/arm-none-eabi/14.2.1/thumb/v8-m.main+fp/softfp\libg.a(libc_a-mlock.o)
                0x1001385c                __malloc_unlock
 .text.realloc  0x10013868       0x10 C:/Users/nahue/.pico-sdk/toolchain/14_2_Rel1/bin/../lib/gcc/arm-none-eabi/14.2.1/thumb/v8-m.main+fp/softfp\libg.a(libc_a-realloc.o)
                0x10013868                realloc
 .text._realloc_r
                0x10013878      0x374 C:/Users/nahue/.pico-sdk/toolchain/14_2_Rel1/bin/../lib/gcc/arm-none-eabi/14.2.1/thumb/v8-m.main+fp/softfp\libg.a(libc_a-reallocr.o)
                0x10013878                _realloc_r
 .text._strtol_l.part.0
                0x10013bec      0x1c8 C:/Users/nahue/.pico-sdk/toolchain/14_2_Rel1/bin/../lib/gcc/arm-none-eabi/14.2.1/thumb/v8-m.main+fp/softfp\libg.a(libc_a-strtol.o)
 .text._strtol_r
                0x10013db4       0x1c C:/Users/nahue/.pico-sdk/toolchain/14_2_Rel1/bin/../lib/gcc/arm-none-eabi/14.2.1/thumb/v8-m.main+fp/softfp\libg.a(libc_a-strtol.o)
                0x10013db4                _strtol_r
 .text.memcmp   0x10013dd0       0x5c C:/Users/nahue/.pico-sdk/toolchain/14_2_Rel1/bin/../lib/gcc/arm-none-eabi/14.2.1/thumb/v8-m.main+fp/softfp\libg.a(libc_a-memcmp.o)
                0x10013dd0                memcmp
 .text.memmove  0x10013e2c       0xfc C:/Users/nahue/.pico-sdk/toolchain/14_2_Rel1/bin/../lib/gcc/arm-none-eabi/14.2.1/thumb/v8-m.main+fp/softfp\libg.a(libc_a-memmove.o)
                0x10013e2c                memmove
 .text.memset   0x10013f28       0x9c C:/Users/nahue/.pico-sdk/toolchain/14_2_Rel1/bin/../lib/gcc/arm-none-eabi/14.2.1/thumb/v8-m.main+fp/softfp\libg.a(libc_a-memset.o)
                0x10013f28                memset
 .text.strchr   0x10013fc4       0xd0 C:/Users/nahue/.pico-sdk/toolchain/14_2_Rel1/bin/../lib/gcc/arm-none-eabi/14.2.1/thumb/v8-m.main+fp/softfp\libg.a(libc_a-strchr.o)
                0x10013fc4                strchr
 .text.localtime_r
                0x10014094      0x244 C:/Users/nahue/.pico-sdk/toolchain/14_2_Rel1/bin/../lib/gcc/arm-none-eabi/14.2.1/thumb/v8-m.main+fp/softfp\libg.a(libc_a-lcltime_r.o)
                0x10014094                localtime_r
 .text.__tzcalc_limits
                0x100142d8      0x1ac C:/Users/nahue/.pico-sdk/toolchain/14_2_Rel1/bin/../lib/gcc/arm-none-eabi/14.2.1/thumb/v8-m.main+fp/softfp\libg.a(libc_a-tzcalc_limits.o)
                0x100142d8                __tzcalc_limits
 .text.__tz_lock
                0x10014484        0xc C:/Users/nahue/.pico-sdk/toolchain/14_2_Rel1/bin/../lib/gcc/arm-none-eabi/14.2.1/thumb/v8-m.main+fp/softfp\libg.a(libc_a-tzlock.o)
                0x10014484                __tz_lock
 .text.__tz_unlock
                0x10014490        0xc C:/Users/nahue/.pico-sdk/toolchain/14_2_Rel1/bin/../lib/gcc/arm-none-eabi/14.2.1/thumb/v8-m.main+fp/softfp\libg.a(libc_a-tzlock.o)
                0x10014490                __tz_unlock
 .text._tzset_unlocked
                0x1001449c        0xc C:/Users/nahue/.pico-sdk/toolchain/14_2_Rel1/bin/../lib/gcc/arm-none-eabi/14.2.1/thumb/v8-m.main+fp/softfp\libg.a(libc_a-tzset.o)
                0x1001449c                _tzset_unlocked
 .text._tzset_unlocked_r
                0x100144a8      0x48c C:/Users/nahue/.pico-sdk/toolchain/14_2_Rel1/bin/../lib/gcc/arm-none-eabi/14.2.1/thumb/v8-m.main+fp/softfp\libg.a(libc_a-tzset_r.o)
                0x100144a8                _tzset_unlocked_r
 .text._sbrk_r  0x10014934       0x24 C:/Users/nahue/.pico-sdk/toolchain/14_2_Rel1/bin/../lib/gcc/arm-none-eabi/14.2.1/thumb/v8-m.main+fp/softfp\libg.a(libc_a-sbrkr.o)
                0x10014934                _sbrk_r
 .text.__errno  0x10014958        0xc C:/Users/nahue/.pico-sdk/toolchain/14_2_Rel1/bin/../lib/gcc/arm-none-eabi/14.2.1/thumb/v8-m.main+fp/softfp\libg.a(libc_a-errno.o)
                0x10014958                __errno
 .text.__retarget_lock_acquire
                0x10014964        0x4 C:/Users/nahue/.pico-sdk/toolchain/14_2_Rel1/bin/../lib/gcc/arm-none-eabi/14.2.1/thumb/v8-m.main+fp/softfp\libg.a(libc_a-lock.o)
                0x10014964                __retarget_lock_acquire
 .text.__retarget_lock_acquire_recursive
                0x10014968        0x4 C:/Users/nahue/.pico-sdk/toolchain/14_2_Rel1/bin/../lib/gcc/arm-none-eabi/14.2.1/thumb/v8-m.main+fp/softfp\libg.a(libc_a-lock.o)
                0x10014968                __retarget_lock_acquire_recursive
 .text.__retarget_lock_release
                0x1001496c        0x4 C:/Users/nahue/.pico-sdk/toolchain/14_2_Rel1/bin/../lib/gcc/arm-none-eabi/14.2.1/thumb/v8-m.main+fp/softfp\libg.a(libc_a-lock.o)
                0x1001496c                __retarget_lock_release
 .text.__retarget_lock_release_recursive
                0x10014970        0x4 C:/Users/nahue/.pico-sdk/toolchain/14_2_Rel1/bin/../lib/gcc/arm-none-eabi/14.2.1/thumb/v8-m.main+fp/softfp\libg.a(libc_a-lock.o)
                0x10014970                __retarget_lock_release_recursive
 .text.sysconf  0x10014974       0x1c C:/Users/nahue/.pico-sdk/toolchain/14_2_Rel1/bin/../lib/gcc/arm-none-eabi/14.2.1/thumb/v8-m.main+fp/softfp\libg.a(libc_a-sysconf.o)
                0x10014974                sysconf
 .text          0x10014990      0x1bc C:/Users/nahue/.pico-sdk/toolchain/14_2_Rel1/bin/../lib/gcc/arm-none-eabi/14.2.1/thumb/v8-m.main+fp/softfp\libg.a(libc_a-strcmp.o)
                0x10014990                strcmp
 .text.strcpy   0x10014b4c       0xbc C:/Users/nahue/.pico-sdk/toolchain/14_2_Rel1/bin/../lib/gcc/arm-none-eabi/14.2.1/thumb/v8-m.main+fp/softfp\libg.a(libc_a-strcpy.o)
                0x10014b4c                strcpy
 .text          0x10014c08       0xec C:/Users/nahue/.pico-sdk/toolchain/14_2_Rel1/bin/../lib/gcc/arm-none-eabi/14.2.1/thumb/v8-m.main+fp/softfp\libg.a(libc_a-memcpy.o)
                0x10014c08                memcpy
 .text.strlen   0x10014cf4       0x5c C:/Users/nahue/.pico-sdk/toolchain/14_2_Rel1/bin/../lib/gcc/arm-none-eabi/14.2.1/thumb/v8-m.main+fp/softfp\libg.a(libc_a-strlen-stub.o)
                0x10014cf4                strlen
 .text._malloc_trim_r
                0x10014d50       0xb8 C:/Users/nahue/.pico-sdk/toolchain/14_2_Rel1/bin/../lib/gcc/arm-none-eabi/14.2.1/thumb/v8-m.main+fp/softfp\libg.a(libc_a-freer.o)
                0x10014d50                _malloc_trim_r
 .text._free_r  0x10014e08      0x1e8 C:/Users/nahue/.pico-sdk/toolchain/14_2_Rel1/bin/../lib/gcc/arm-none-eabi/14.2.1/thumb/v8-m.main+fp/softfp\libg.a(libc_a-freer.o)
                0x10014e08                _free_r
 .text._findenv_r
                0x10014ff0       0x80 C:/Users/nahue/.pico-sdk/toolchain/14_2_Rel1/bin/../lib/gcc/arm-none-eabi/14.2.1/thumb/v8-m.main+fp/softfp\libg.a(libc_a-getenv_r.o)
                0x10014ff0                _findenv_r
 .text._getenv_r
                0x10015070       0x10 C:/Users/nahue/.pico-sdk/toolchain/14_2_Rel1/bin/../lib/gcc/arm-none-eabi/14.2.1/thumb/v8-m.main+fp/softfp\libg.a(libc_a-getenv_r.o)
                0x10015070                _getenv_r
 .text._strtoul_l.isra.0
                0x10015080      0x128 C:/Users/nahue/.pico-sdk/toolchain/14_2_Rel1/bin/../lib/gcc/arm-none-eabi/14.2.1/thumb/v8-m.main+fp/softfp\libg.a(libc_a-strtoul.o)
 .text._strtoul_r
                0x100151a8        0x4 C:/Users/nahue/.pico-sdk/toolchain/14_2_Rel1/bin/../lib/gcc/arm-none-eabi/14.2.1/thumb/v8-m.main+fp/softfp\libg.a(libc_a-strtoul.o)
                0x100151a8                _strtoul_r
 .text.strtoul  0x100151ac       0x18 C:/Users/nahue/.pico-sdk/toolchain/14_2_Rel1/bin/../lib/gcc/arm-none-eabi/14.2.1/thumb/v8-m.main+fp/softfp\libg.a(libc_a-strtoul.o)
                0x100151ac                strtoul
 .text.siscanf  0x100151c4       0x58 C:/Users/nahue/.pico-sdk/toolchain/14_2_Rel1/bin/../lib/gcc/arm-none-eabi/14.2.1/thumb/v8-m.main+fp/softfp\libg.a(libc_a-siscanf.o)
                0x100151c4                siscanf
 .text._sungetc_r
                0x1001521c       0x7c C:/Users/nahue/.pico-sdk/toolchain/14_2_Rel1/bin/../lib/gcc/arm-none-eabi/14.2.1/thumb/v8-m.main+fp/softfp\libg.a(libc_a-svfiscanf.o)