Archive member included to satisfy reference by file (symbol)

freertos/libfreertos.a(queue.c.obj)
                              CMakeFiles/firmware.dir/firmware.c.obj (xQueueGenericCreate)
freertos/libfreertos.a(tasks.c.obj)
                              CMakeFiles/firmware.dir/firmware.c.obj (xTaskCreate)
freertos/libfreertos.a(timers.c.obj)
                              freertos/libfreertos.a(tasks.c.obj) (xTimerCreateTimerTask)
freertos/libfreertos.a(heap_3.c.obj)
                              freertos/libfreertos.a(queue.c.obj) (pvPortMalloc)
freertos/libfreertos.a(port.c.obj)
                              freertos/libfreertos.a(queue.c.obj) (vPortYield)
freertos/libfreertos.a(portasm.c.obj)
                              freertos/libfreertos.a(port.c.obj) (vRestoreContextOfFirstTask)
freertos/libfreertos.a(event_groups.c.obj)
                              freertos/libfreertos.a(port.c.obj) (xEventGroupCreate)
freertos/libfreertos.a(list.c.obj)
                              freertos/libfreertos.a(queue.c.obj) (vListInitialise)
pwm_lib/libpwm_lib.a(pwm_lib.c.obj)
                              CMakeFiles/firmware.dir/firmware.c.obj (pwm_init_config)
lcd/liblcd.a(lcd.c.obj)       CMakeFiles/firmware.dir/firmware.c.obj (lcd_clear)
HC_SR04/libHC_SR04.a(HC_SR04.c.obj)
                              CMakeFiles/firmware.dir/firmware.c.obj (hc_sr04_init)
ds3231/libds3231.a(ds3231.c.obj)
                              CMakeFiles/firmware.dir/firmware.c.obj (ds3231_get_time)
pid_controller/libpid_controller.a(pid_controller.c.obj)
                              CMakeFiles/firmware.dir/firmware.c.obj (PIDController_Init)
pico_sd_fatfs/libpico_sd_fatfs.a(ff.c.obj)
                              CMakeFiles/firmware.dir/firmware.c.obj (f_mount)
pico_sd_fatfs/libpico_sd_fatfs.a(ffunicode.c.obj)
                              pico_sd_fatfs/libpico_sd_fatfs.a(ff.c.obj) (ff_uni2oem)
pico_sd_fatfs/libpico_sd_fatfs.a(ffsystem.c.obj)
                              pico_sd_fatfs/libpico_sd_fatfs.a(ff.c.obj) (ff_memalloc)
pico_sd_fatfs/libpico_sd_fatfs.a(my_rtc.c.obj)
                              pico_sd_fatfs/libpico_sd_fatfs.a(ff.c.obj) (get_fattime)
pico_sd_fatfs/libpico_sd_fatfs.a(crc.c.obj)
                              pico_sd_fatfs/libpico_sd_fatfs.a(my_rtc.c.obj) (m_Crc7Table)
pico_sd_fatfs/libpico_sd_fatfs.a(f_util.c.obj)
                              CMakeFiles/firmware.dir/firmware.c.obj (FRESULT_str)
pico_sd_fatfs/libpico_sd_fatfs.a(glue.c.obj)
                              pico_sd_fatfs/libpico_sd_fatfs.a(ff.c.obj) (disk_status)
pico_sd_fatfs/libpico_sd_fatfs.a(sd_card.c.obj)
                              pico_sd_fatfs/libpico_sd_fatfs.a(glue.c.obj) (sd_card_detect)
pico_sd_fatfs/libpico_sd_fatfs.a(my_spi.c.obj)
                              pico_sd_fatfs/libpico_sd_fatfs.a(sd_card.c.obj) (my_spi_init)
pico_sd_fatfs/libpico_sd_fatfs.a(sd_card_spi.c.obj)
                              pico_sd_fatfs/libpico_sd_fatfs.a(sd_card.c.obj) (sd_go_idle_state)
pico_sd_fatfs/libpico_sd_fatfs.a(sd_card_sdio.c.obj)
                              pico_sd_fatfs/libpico_sd_fatfs.a(sd_card.c.obj) (rp2040_sdio_get_sd_status)
pico_sd_fatfs/libpico_sd_fatfs.a(rp2040_sdio.c.obj)
                              pico_sd_fatfs/libpico_sd_fatfs.a(sd_card_sdio.c.obj) (rp2040_sdio_command_R1)
pico_sd_fatfs/libpico_sd_fatfs.a(dma_interrupts.c.obj)
                              pico_sd_fatfs/libpico_sd_fatfs.a(rp2040_sdio.c.obj) (dma_irq_add_handler)
pico_sd_fatfs/libpico_sd_fatfs.a(my_debug.c.obj)
                              pico_sd_fatfs/libpico_sd_fatfs.a(sd_card.c.obj) (error_message_printf)
pico_sd_fatfs/libpico_sd_fatfs.a(sd_timeouts.c.obj)
                              pico_sd_fatfs/libpico_sd_fatfs.a(sd_card_spi.c.obj) (sd_timeouts)
pico_sd_fatfs/libpico_sd_fatfs.a(sd_spi.c.obj)
                              pico_sd_fatfs/libpico_sd_fatfs.a(sd_card_spi.c.obj) (sd_spi_go_high_frequency)
pico_sd_fatfs/libpico_sd_fatfs.a(crash.c.obj)
                              pico_sd_fatfs/libpico_sd_fatfs.a(my_debug.c.obj) (capture_assert)
C:/Users/nahue/.pico-sdk/toolchain/14_2_Rel1/bin/../lib/gcc/arm-none-eabi/14.2.1/thumb/v8-m.main+fp/softfp\libm.a(libm_a-wf_sqrt.o)
                              CMakeFiles/firmware.dir/C_/Users/nahue/.pico-sdk/sdk/2.1.1/src/rp2_common/pico_float/float_math.c.obj (sqrtf)
C:/Users/nahue/.pico-sdk/toolchain/14_2_Rel1/bin/../lib/gcc/arm-none-eabi/14.2.1/thumb/v8-m.main+fp/softfp\libm.a(libm_a-ef_sqrt.o)
                              C:/Users/nahue/.pico-sdk/toolchain/14_2_Rel1/bin/../lib/gcc/arm-none-eabi/14.2.1/thumb/v8-m.main+fp/softfp\libm.a(libm_a-wf_sqrt.o) (__ieee754_sqrtf)
C:/Users/nahue/.pico-sdk/toolchain/14_2_Rel1/bin/../lib/gcc/arm-none-eabi/14.2.1/thumb/v8-m.main+fp/softfp\libgcc.a(_arm_addsubdf3.o)
                              CMakeFiles/firmware.dir/firmware.c.obj (__aeabi_f2d)
C:/Users/nahue/.pico-sdk/toolchain/14_2_Rel1/bin/../lib/gcc/arm-none-eabi/14.2.1/thumb/v8-m.main+fp/softfp\libgcc.a(_aeabi_ldivmod.o)
[...]
Memory Configuration

Name             Origin             Length             Attributes
FLASH            0x10000000         0x00400000         xr
RAM              0x20000000         0x00080000         xrw
SCRATCH_X        0x20080000         0x00001000         xrw
SCRATCH_Y        0x20081000         0x00001000         xrw
*default*        0x00000000         0xffffffff

Linker script and memory map

LOAD C:/Users/nahue/.pico-sdk/toolchain/14_2_Rel1/bin/../lib/gcc/arm-none-eabi/14.2.1/thumb/v8-m.main+fp/softfp/crti.o
LOAD C:/Users/nahue/.pico-sdk/toolchain/14_2_Rel1/bin/../lib/gcc/arm-none-eabi/14.2.1/thumb/v8-m.main+fp/softfp/crtbegin.o
LOAD C:/Users/nahue/.pico-sdk/toolchain/14_2_Rel1/bin/../lib/gcc/arm-none-eabi/14.2.1/thumb/v8-m.main+fp/softfp/crt0.o

.flash_begin    0x10000000        0x0
                0x10000000                        __flash_binary_start = .

.text           0x10000000     0xa0a0
                0x10000000                        __logical_binary_start = .
 *(.vectors)
 .vectors       0x10000000      0x124 CMakeFiles/firmware.dir/C_/Users/nahue/.pico-sdk/sdk/2.1.1/src/rp2_common/pico_crt0/crt0.S.obj
                0x10000000                __vectors
                0x10000000                __VECTOR_TABLE
                0x10000110                isr_invalid
                0x10000110                __default_isrs_start
                0x10000112                NMI_Handler
                0x10000116                SVC_Handler
                0x10000118                PendSV_Handler
                0x1000011a                SysTick_Handler
                0x1000011c                IO_IRQ_BANK0_Handler
                0x1000011c                PLL_SYS_IRQ_Handler
                0x1000011c                PIO0_IRQ_0_Handler
                0x1000011c                USBCTRL_IRQ_Handler
                0x1000011c                SPI1_IRQ_Handler
                0x1000011c                POWMAN_IRQ_POW_Handler
                0x1000011c                DMA_IRQ_2_Handler
                0x1000011c                PIO1_IRQ_1_Handler
                0x1000011c                POWMAN_IRQ_TIMER_Handler
                0x1000011c                DMA_IRQ_1_Handler
                0x1000011c                SIO_IRQ_FIFO_Handler
                0x1000011c                PLL_USB_IRQ_Handler
                0x1000011c                TIMER0_IRQ_2_Handler
                0x1000011c                I2C1_IRQ_Handler
                0x1000011c                IO_IRQ_BANK0_NS_Handler
                0x1000011c                isr_irq48
                0x1000011c                isr_irq49
                0x1000011c                PWM_IRQ_WRAP_0_Handler
                0x1000011c                isr_irq50
                0x1000011c                TIMER1_IRQ_0_Handler
                0x1000011c                isr_irq40
                0x1000011c                SPI0_IRQ_Handler
                0x1000011c                PWM_IRQ_WRAP_1_Handler
                0x1000011c                SIO_IRQ_BELL_Handler
                0x1000011c                isr_irq41
                0x1000011c                OTP_IRQ_Handler
                0x1000011c                TRNG_IRQ_Handler
                0x1000011c                TIMER0_IRQ_1_Handler
                0x1000011c                PIO0_IRQ_1_Handler
                0x1000011c                I2C0_IRQ_Handler
                0x1000011c                SIO_IRQ_FIFO_NS_Handler
                0x1000011c                SIO_IRQ_BELL_NS_Handler
                0x1000011c                SIO_IRQ_MTIMECMP_Handler
                0x1000011c                TIMER1_IRQ_1_Handler
                0x1000011c                UART1_IRQ_Handler
                0x1000011c                __unhandled_user_irq
                0x1000011c                DMA_IRQ_0_Handler
                0x1000011c                CLOCKS_IRQ_Handler
                0x1000011c                PIO1_IRQ_0_Handler
                0x1000011c                PIO2_IRQ_1_Handler
                0x1000011c                PIO2_IRQ_0_Handler
                0x1000011c                isr_irq46
                0x1000011c                ADC_IRQ_FIFO_Handler
                0x1000011c                isr_irq47
                0x1000011c                isr_irq51
                0x1000011c                IO_IRQ_QSPI_Handler
                0x1000011c                TIMER1_IRQ_3_Handler
                0x1000011c                UART0_IRQ_Handler
                0x1000011c                TIMER0_IRQ_0_Handler
                0x1000011c                IO_IRQ_QSPI_NS_Handler
                0x1000011c                __default_isrs_end
                0x1000011c                TIMER0_IRQ_3_Handler
                0x1000011c                TIMER1_IRQ_2_Handler
                0x1000011c                DMA_IRQ_3_Handler
                0x10000122                unhandled_user_irq_num_in_r0
 *(.binary_info_header)
 .binary_info_header
                0x10000124       0x14 CMakeFiles/firmware.dir/C_/Users/nahue/.pico-sdk/sdk/2.1.1/src/rp2_common/pico_crt0/crt0.S.obj
                0x10000138                        __binary_info_header_end = .
 *(.embedded_block)
 .embedded_block
                0x10000138       0x14 CMakeFiles/firmware.dir/C_/Users/nahue/.pico-sdk/sdk/2.1.1/src/rp2_common/pico_crt0/crt0.S.obj
                0x1000014c                        __embedded_block_end = .
 *(.reset)
 .reset         0x1000014c       0xa0 CMakeFiles/firmware.dir/C_/Users/nahue/.pico-sdk/sdk/2.1.1/src/rp2_common/pico_crt0/crt0.S.obj
                0x1000014c                _entry_point
 *(.init)
 .init          0x100001ec        0x4 C:/Users/nahue/.pico-sdk/toolchain/14_2_Rel1/bin/../lib/gcc/arm-none-eabi/14.2.1/thumb/v8-m.main+fp/softfp/crti.o
                0x100001ec                _init
 SORT_BY_NAME(REVERSE(*libgcc.a:cmse_nonsecure_call.o))()
 *(EXCLUDE_FILE(*libm.a: *libc.a:*lib_a-mem*.o *libgcc.a:) .text*)
 .text.register_tm_clones
                0x100001f0       0x28 C:/Users/nahue/.pico-sdk/toolchain/14_2_Rel1/bin/../lib/gcc/arm-none-eabi/14.2.1/thumb/v8-m.main+fp/softfp/crtbegin.o
 .text.frame_dummy
                0x10000218       0x24 C:/Users/nahue/.pico-sdk/toolchain/14_2_Rel1/bin/../lib/gcc/arm-none-eabi/14.2.1/thumb/v8-m.main+fp/softfp/crtbegin.o
 .text.task_hcsr04
                0x1000023c       0x44 CMakeFiles/firmware.dir/firmware.c.obj
                0x1000023c                task_hcsr04
 .text.task_guardiana_leds
                0x10000280       0xe0 CMakeFiles/firmware.dir/firmware.c.obj
                0x10000280                task_guardiana_leds
 .text.task_rtc
                0x10000360       0x78 CMakeFiles/firmware.dir/firmware.c.obj
                0x10000360                task_rtc
 .text.task_pid
                0x100003d8      0x15c CMakeFiles/firmware.dir/firmware.c.obj
                0x100003d8                task_pid
 .text.init_i2c
                0x10000534       0x3c CMakeFiles/firmware.dir/firmware.c.obj
                0x10000534                init_i2c
 .text.init_adc
                0x10000570       0x38 CMakeFiles/firmware.dir/firmware.c.obj
                0x10000570                init_adc
 .text.init_lcd
                0x100005a8       0x28 CMakeFiles/firmware.dir/firmware.c.obj
                0x100005a8                init_lcd
 .text.task_guardiana_lcd
                0x100005d0      0x15c CMakeFiles/firmware.dir/firmware.c.obj
                0x100005d0                task_guardiana_lcd
 .text.init_leds
                0x1000072c       0x2c CMakeFiles/firmware.dir/firmware.c.obj
                0x1000072c                init_leds
 .text.procesar_comando_uart
                0x10000758      0x1d4 CMakeFiles/firmware.dir/firmware.c.obj
                0x10000758                procesar_comando_uart
 .text.task_setpoint_uart
                0x1000092c      0x288 CMakeFiles/firmware.dir/firmware.c.obj
                0x1000092c                task_setpoint_uart
 .text.configuracion_gpio_boton
                0x10000bb4       0x20 CMakeFiles/firmware.dir/firmware.c.obj
                0x10000bb4                configuracion_gpio_boton
 .text.startup.main
                0x10000bd4      0x1a0 CMakeFiles/firmware.dir/firmware.c.obj
                0x10000bd4                main
 .text.gpio_set_function
                0x10000d74       0x3c CMakeFiles/firmware.dir/C_/Users/nahue/.pico-sdk/sdk/2.1.1/src/rp2_common/hardware_gpio/gpio.c.obj
                0x10000d74                gpio_set_function
 .text.gpio_set_pulls
                0x10000db0       0x28 CMakeFiles/firmware.dir/C_/Users/nahue/.pico-sdk/sdk/2.1.1/src/rp2_common/hardware_gpio/gpio.c.obj
                0x10000db0                gpio_set_pulls
 .text.gpio_set_input_enabled
                0x10000dd8       0x20 CMakeFiles/firmware.dir/C_/Users/nahue/.pico-sdk/sdk/2.1.1/src/rp2_common/hardware_gpio/gpio.c.obj
                0x10000dd8                gpio_set_input_enabled
 .text.gpio_init
                0x10000df8       0x48 CMakeFiles/firmware.dir/C_/Users/nahue/.pico-sdk/sdk/2.1.1/src/rp2_common/hardware_gpio/gpio.c.obj
                0x10000df8                gpio_init
 .text.panic    0x10000e40       0x30 CMakeFiles/firmware.dir/C_/Users/nahue/.pico-sdk/sdk/2.1.1/src/rp2_common/pico_platform_panic/panic.c.obj
                0x10000e40                panic
 .text.hw_claim_or_assert
                0x10000e70       0x58 CMakeFiles/firmware.dir/C_/Users/nahue/.pico-sdk/sdk/2.1.1/src/common/hardware_claim/claim.c.obj
                0x10000e70                hw_claim_or_assert
 .text.hw_claim_unused_from_range
                0x10000ec8       0x80 CMakeFiles/firmware.dir/C_/Users/nahue/.pico-sdk/sdk/2.1.1/src/common/hardware_claim/claim.c.obj
                0x10000ec8                hw_claim_unused_from_range
 .text.next_striped_spin_lock_num
                0x10000f48       0x18 CMakeFiles/firmware.dir/C_/Users/nahue/.pico-sdk/sdk/2.1.1/src/rp2_common/hardware_sync/sync.c.obj
                0x10000f48                next_striped_spin_lock_num
 .text.spin_lock_claim_unused
                0x10000f60       0x20 CMakeFiles/firmware.dir/C_/Users/nahue/.pico-sdk/sdk/2.1.1/src/rp2_common/hardware_sync/sync.c.obj
                0x10000f60                spin_lock_claim_unused
 .text.spinlock_set_extexclall
                0x10000f80       0x10 CMakeFiles/firmware.dir/C_/Users/nahue/.pico-sdk/sdk/2.1.1/src/rp2_common/hardware_sync_spin_lock/sync_spin_lock.c.obj
 .text.spin_locks_reset
                0x10000f90       0x18 CMakeFiles/firmware.dir/C_/Users/nahue/.pico-sdk/sdk/2.1.1/src/rp2_common/hardware_sync_spin_lock/sync_spin_lock.c.obj
                0x10000f90                spin_locks_reset
 .text.runtime_init_per_core_irq_priorities
                0x10000fa8       0x40 CMakeFiles/firmware.dir/C_/Users/nahue/.pico-sdk/sdk/2.1.1/src/rp2_common/hardware_irq/irq.c.obj
                0x10000fa8                runtime_init_per_core_irq_priorities
 .text.irq_set_enabled
                0x10000fe8       0x2c CMakeFiles/firmware.dir/C_/Users/nahue/.pico-sdk/sdk/2.1.1/src/rp2_common/hardware_irq/irq.c.obj
                0x10000fe8                irq_set_enabled
 .text.irq_is_enabled
                0x10001014       0x20 CMakeFiles/firmware.dir/C_/Users/nahue/.pico-sdk/sdk/2.1.1/src/rp2_common/hardware_irq/irq.c.obj
                0x10001014                irq_is_enabled
 .text.irq_set_pending
                0x10001034       0x18 CMakeFiles/firmware.dir/C_/Users/nahue/.pico-sdk/sdk/2.1.1/src/rp2_common/hardware_irq/irq.c.obj
                0x10001034                irq_set_pending
 .text.irq_has_shared_handler
                0x1000104c       0x20 CMakeFiles/firmware.dir/C_/Users/nahue/.pico-sdk/sdk/2.1.1/src/rp2_common/hardware_irq/irq.c.obj
                0x1000104c                irq_has_shared_handler
 .text.irq_set_exclusive_handler
                0x1000106c       0x60 CMakeFiles/firmware.dir/C_/Users/nahue/.pico-sdk/sdk/2.1.1/src/rp2_common/hardware_irq/irq.c.obj
                0x1000106c                irq_set_exclusive_handler
 .text.irq_add_shared_handler
                0x100010cc      0x1e8 CMakeFiles/firmware.dir/C_/Users/nahue/.pico-sdk/sdk/2.1.1/src/rp2_common/hardware_irq/irq.c.obj
                0x100010cc                irq_add_shared_handler
 .text.irq_add_tail_to_free_list
                0x100012b4       0xbc CMakeFiles/firmware.dir/C_/Users/nahue/.pico-sdk/sdk/2.1.1/src/rp2_common/hardware_irq/irq.c.obj
                0x100012b4                irq_add_tail_to_free_list
 .text.user_irq_claim_unused
                0x10001370       0x28 CMakeFiles/firmware.dir/C_/Users/nahue/.pico-sdk/sdk/2.1.1/src/rp2_common/hardware_irq/irq.c.obj
                0x10001370                user_irq_claim_unused
 .text.lock_init
                0x10001398        0xc CMakeFiles/firmware.dir/C_/Users/nahue/.pico-sdk/sdk/2.1.1/src/common/pico_sync/lock_core.c.obj
                0x10001398                lock_init
 .text.runtime_init_mutex
                0x100013a4       0x4c CMakeFiles/firmware.dir/C_/Users/nahue/.pico-sdk/sdk/2.1.1/src/common/pico_sync/mutex.c.obj
                0x100013a4                runtime_init_mutex
 .text.mutex_init
                0x100013f0       0x1c CMakeFiles/firmware.dir/C_/Users/nahue/.pico-sdk/sdk/2.1.1/src/common/pico_sync/mutex.c.obj
                0x100013f0                mutex_init
 .text.critical_section_init
                0x1000140c       0x1c CMakeFiles/firmware.dir/C_/Users/nahue/.pico-sdk/sdk/2.1.1/src/common/pico_sync/critical_section.c.obj
                0x1000140c                critical_section_init
 .text.critical_section_init_with_lock_num
                0x10001428       0x10 CMakeFiles/firmware.dir/C_/Users/nahue/.pico-sdk/sdk/2.1.1/src/common/pico_sync/critical_section.c.obj
                0x10001428                critical_section_init_with_lock_num
 .text.sleep_until_callback
                0x10001438       0x3c CMakeFiles/firmware.dir/C_/Users/nahue/.pico-sdk/sdk/2.1.1/src/common/pico_time/time.c.obj
 *fill*         0x10001474        0x4 
 .text.alarm_pool_irq_handler
                0x10001478      0x2f0 CMakeFiles/firmware.dir/C_/Users/nahue/.pico-sdk/sdk/2.1.1/src/common/pico_time/time.c.obj
 .text.runtime_init_default_alarm_pool
                0x10001768      0x100 CMakeFiles/firmware.dir/C_/Users/nahue/.pico-sdk/sdk/2.1.1/src/common/pico_time/time.c.obj
                0x10001768                runtime_init_default_alarm_pool
 .text.alarm_pool_get_default
                0x10001868        0x8 CMakeFiles/firmware.dir/C_/Users/nahue/.pico-sdk/sdk/2.1.1/src/common/pico_time/time.c.obj
                0x10001868                alarm_pool_get_default
 .text.alarm_pool_add_alarm_at
                0x10001870       0xdc CMakeFiles/firmware.dir/C_/Users/nahue/.pico-sdk/sdk/2.1.1/src/common/pico_time/time.c.obj
                0x10001870                alarm_pool_add_alarm_at
 .text.alarm_pool_add_alarm_at_force_in_context
                0x1000194c       0xc8 CMakeFiles/firmware.dir/C_/Users/nahue/.pico-sdk/sdk/2.1.1/src/common/pico_time/time.c.obj
                0x1000194c                alarm_pool_add_alarm_at_force_in_context
 .text.alarm_pool_cancel_alarm
                0x10001a14       0x80 CMakeFiles/firmware.dir/C_/Users/nahue/.pico-sdk/sdk/2.1.1/src/common/pico_time/time.c.obj
                0x10001a14                alarm_pool_cancel_alarm
 .text.alarm_pool_core_num
                0x10001a94        0x4 CMakeFiles/firmware.dir/C_/Users/nahue/.pico-sdk/sdk/2.1.1/src/common/pico_time/time.c.obj
                0x10001a94                alarm_pool_core_num
 .text.sleep_us
                0x10001a98       0xd8 CMakeFiles/firmware.dir/C_/Users/nahue/.pico-sdk/sdk/2.1.1/src/common/pico_time/time.c.obj
                0x10001a98                sleep_us
 .text.best_effort_wfe_or_timeout
                0x10001b70       0xd4 CMakeFiles/firmware.dir/C_/Users/nahue/.pico-sdk/sdk/2.1.1/src/common/pico_time/time.c.obj
                0x10001b70                best_effort_wfe_or_timeout
 .text.timer_hardware_alarm_claim
                0x10001c44       0x24 CMakeFiles/firmware.dir/C_/Users/nahue/.pico-sdk/sdk/2.1.1/src/rp2_common/hardware_timer/timer.c.obj
                0x10001c44                timer_hardware_alarm_claim
 .text.timer_time_us_64
                0x10001c68       0x10 CMakeFiles/firmware.dir/C_/Users/nahue/.pico-sdk/sdk/2.1.1/src/rp2_common/hardware_timer/timer.c.obj
                0x10001c68                timer_time_us_64
 .text.time_us_64
                0x10001c78       0x14 CMakeFiles/firmware.dir/C_/Users/nahue/.pico-sdk/sdk/2.1.1/src/rp2_common/hardware_timer/timer.c.obj
                0x10001c78                time_us_64
 .text.busy_wait_us
                0x10001c8c       0x5c CMakeFiles/firmware.dir/C_/Users/nahue/.pico-sdk/sdk/2.1.1/src/rp2_common/hardware_timer/timer.c.obj
                0x10001c8c                busy_wait_us
 .text.busy_wait_until
                0x10001ce8       0x24 CMakeFiles/firmware.dir/C_/Users/nahue/.pico-sdk/sdk/2.1.1/src/rp2_common/hardware_timer/timer.c.obj
                0x10001ce8                busy_wait_until
 .text.uart_init
                0x10001d0c      0x104 CMakeFiles/firmware.dir/C_/Users/nahue/.pico-sdk/sdk/2.1.1/src/rp2_common/hardware_uart/uart.c.obj
                0x10001d0c                uart_init
 .text.clock_configure_undivided
                0x10001e10       0xd0 CMakeFiles/firmware.dir/C_/Users/nahue/.pico-sdk/sdk/2.1.1/src/rp2_common/hardware_clocks/clocks.c.obj
                0x10001e10                clock_configure_undivided
 .text.clock_get_hz
                0x10001ee0        0xc CMakeFiles/firmware.dir/C_/Users/nahue/.pico-sdk/sdk/2.1.1/src/rp2_common/hardware_clocks/clocks.c.obj
                0x10001ee0                clock_get_hz
 .text.pll_init
                0x10001eec       0x8c CMakeFiles/firmware.dir/C_/Users/nahue/.pico-sdk/sdk/2.1.1/src/rp2_common/hardware_pll/pll.c.obj
                0x10001eec                pll_init
 .text.watchdog_reboot
                0x10001f78       0x98 CMakeFiles/firmware.dir/C_/Users/nahue/.pico-sdk/sdk/2.1.1/src/rp2_common/hardware_watchdog/watchdog.c.obj
                0x10001f78                watchdog_reboot
 .text.tick_start
                0x10002010       0x18 CMakeFiles/firmware.dir/C_/Users/nahue/.pico-sdk/sdk/2.1.1/src/rp2_common/hardware_ticks/ticks.c.obj
                0x10002010                tick_start
 .text.rom_reboot.constprop.0.isra.0
                0x10002028       0x34 CMakeFiles/firmware.dir/C_/Users/nahue/.pico-sdk/sdk/2.1.1/src/rp2_common/pico_bootrom/bootrom.c.obj
 .text.rom_func_lookup
                0x1000205c       0x18 CMakeFiles/firmware.dir/C_/Users/nahue/.pico-sdk/sdk/2.1.1/src/rp2_common/pico_bootrom/bootrom.c.obj
                0x1000205c                rom_func_lookup
 .text.rom_reset_usb_boot_extra
                0x10002074       0x1c CMakeFiles/firmware.dir/C_/Users/nahue/.pico-sdk/sdk/2.1.1/src/rp2_common/pico_bootrom/bootrom.c.obj
                0x10002074                rom_reset_usb_boot_extra
 .text.runtime_init_bootrom_locking_enable
                0x10002090       0x14 CMakeFiles/firmware.dir/C_/Users/nahue/.pico-sdk/sdk/2.1.1/src/rp2_common/pico_bootrom/bootrom_lock.c.obj
                0x10002090                runtime_init_bootrom_locking_enable
 .text.runtime_init_boot_locks_reset
                0x100020a4       0x1c CMakeFiles/firmware.dir/C_/Users/nahue/.pico-sdk/sdk/2.1.1/src/rp2_common/hardware_boot_lock/boot_lock.c.obj
                0x100020a4                runtime_init_boot_locks_reset
 .text.xosc_init
                0x100020c0       0x30 CMakeFiles/firmware.dir/C_/Users/nahue/.pico-sdk/sdk/2.1.1/src/rp2_common/hardware_xosc/xosc.c.obj
                0x100020c0                xosc_init
 .text.first_per_core_initializer
                0x100020f0        0x4 CMakeFiles/firmware.dir/C_/Users/nahue/.pico-sdk/sdk/2.1.1/src/rp2_common/pico_runtime/runtime.c.obj
 .text.hard_assertion_failure
                0x100020f4        0xc CMakeFiles/firmware.dir/C_/Users/nahue/.pico-sdk/sdk/2.1.1/src/rp2_common/pico_runtime/runtime.c.obj
                0x100020f4                hard_assertion_failure
 .text.runtime_run_initializers
                0x10002100       0x20 CMakeFiles/firmware.dir/C_/Users/nahue/.pico-sdk/sdk/2.1.1/src/rp2_common/pico_runtime/runtime.c.obj
                0x10002100                runtime_run_initializers
 .text.runtime_init_early_resets
                0x10002120       0x34 CMakeFiles/firmware.dir/C_/Users/nahue/.pico-sdk/sdk/2.1.1/src/rp2_common/pico_runtime_init/runtime_init.c.obj
                0x10002120                runtime_init_early_resets
 .text.runtime_init_usb_power_down
                0x10002154       0x1c CMakeFiles/firmware.dir/C_/Users/nahue/.pico-sdk/sdk/2.1.1/src/rp2_common/pico_runtime_init/runtime_init.c.obj
                0x10002154                runtime_init_usb_power_down
 .text.runtime_init_per_core_enable_coprocessors
                0x10002170       0x1c CMakeFiles/firmware.dir/C_/Users/nahue/.pico-sdk/sdk/2.1.1/src/rp2_common/pico_runtime_init/runtime_init.c.obj
                0x10002170                runtime_init_per_core_enable_coprocessors
 .text.runtime_init_post_clock_resets
                0x1000218c       0x20 CMakeFiles/firmware.dir/C_/Users/nahue/.pico-sdk/sdk/2.1.1/src/rp2_common/pico_runtime_init/runtime_init.c.obj
                0x1000218c                runtime_init_post_clock_resets
 .text.runtime_init_bootrom_reset
                0x100021ac       0x14 CMakeFiles/firmware.dir/C_/Users/nahue/.pico-sdk/sdk/2.1.1/src/rp2_common/pico_runtime_init/runtime_init.c.obj
                0x100021ac                runtime_init_bootrom_reset
 .text.runtime_init_per_core_bootrom_reset
                0x100021c0       0x14 CMakeFiles/firmware.dir/C_/Users/nahue/.pico-sdk/sdk/2.1.1/src/rp2_common/pico_runtime_init/runtime_init.c.obj
                0x100021c0                runtime_init_per_core_bootrom_reset
 .text.runtime_init_spin_locks_reset
                0x100021d4        0x4 CMakeFiles/firmware.dir/C_/Users/nahue/.pico-sdk/sdk/2.1.1/src/rp2_common/pico_runtime_init/runtime_init.c.obj
                0x100021d4                runtime_init_spin_locks_reset
 .text.runtime_init_install_ram_vector_table
                0x100021d8       0x20 CMakeFiles/firmware.dir/C_/Users/nahue/.pico-sdk/sdk/2.1.1/src/rp2_common/pico_runtime_init/runtime_init.c.obj
                0x100021d8                runtime_init_install_ram_vector_table
 .text.runtime_init_clocks
                0x100021f8       0xdc CMakeFiles/firmware.dir/C_/Users/nahue/.pico-sdk/sdk/2.1.1/src/rp2_common/pico_runtime_init/runtime_init_clocks.c.obj
                0x100021f8                runtime_init_clocks
 .text.__rp2350_dcp_engaged_state_save_restore
                0x100022d4       0x3a CMakeFiles/firmware.dir/C_/Users/nahue/.pico-sdk/sdk/2.1.1/src/rp2_common/pico_double/double_aeabi_dcp.S.obj
 *fill*         0x1000230e        0x2 
 .text.__wrap___aeabi_dadd
                0x10002310       0x28 CMakeFiles/firmware.dir/C_/Users/nahue/.pico-sdk/sdk/2.1.1/src/rp2_common/pico_double/double_aeabi_dcp.S.obj
                0x10002318                __wrap___aeabi_dadd
 .text.__wrap___aeabi_dsub
                0x10002338       0x28 CMakeFiles/firmware.dir/C_/Users/nahue/.pico-sdk/sdk/2.1.1/src/rp2_common/pico_double/double_aeabi_dcp.S.obj
                0x10002340                __wrap___aeabi_dsub
 .text.__wrap___aeabi_dmul
                0x10002360       0x4c CMakeFiles/firmware.dir/C_/Users/nahue/.pico-sdk/sdk/2.1.1/src/rp2_common/pico_double/double_aeabi_dcp.S.obj
                0x10002368                __wrap___aeabi_dmul
 .text.__wrap___aeabi_ddiv
                0x100023ac       0x9c CMakeFiles/firmware.dir/C_/Users/nahue/.pico-sdk/sdk/2.1.1/src/rp2_common/pico_double/double_aeabi_dcp.S.obj
                0x100023b4                __wrap___aeabi_ddiv
 .text.__wrap___aeabi_d2f
                0x10002448       0x1c CMakeFiles/firmware.dir/C_/Users/nahue/.pico-sdk/sdk/2.1.1/src/rp2_common/pico_double/double_aeabi_dcp.S.obj
                0x10002450                __wrap___aeabi_d2f
                0x10002450                double2float
 .text.__wrap___aeabi_i2d
                0x10002464       0x24 CMakeFiles/firmware.dir/C_/Users/nahue/.pico-sdk/sdk/2.1.1/src/rp2_common/pico_double/double_aeabi_dcp.S.obj
                0x1000246c                int2double
                0x1000246c                __wrap___aeabi_i2d
 .text.__wrap___aeabi_ui2d
                0x10002488       0x24 CMakeFiles/firmware.dir/C_/Users/nahue/.pico-sdk/sdk/2.1.1/src/rp2_common/pico_double/double_aeabi_dcp.S.obj
                0x10002490                uint2double
                0x10002490                __wrap___aeabi_ui2d
 .text.__wrap___aeabi_d2iz
                0x100024ac       0x24 CMakeFiles/firmware.dir/C_/Users/nahue/.pico-sdk/sdk/2.1.1/src/rp2_common/pico_double/double_aeabi_dcp.S.obj
                0x100024b4                double2int_z
                0x100024b4                __wrap___aeabi_d2iz
 .text.__wrap___aeabi_d2uiz
                0x100024d0       0x24 CMakeFiles/firmware.dir/C_/Users/nahue/.pico-sdk/sdk/2.1.1/src/rp2_common/pico_double/double_aeabi_dcp.S.obj
                0x100024d8                double2uint
                0x100024d8                __wrap___aeabi_d2uiz
                0x100024d8                double2uint_z
 .text.__wrap___aeabi_dcmpun
                0x100024f4       0x24 CMakeFiles/firmware.dir/C_/Users/nahue/.pico-sdk/sdk/2.1.1/src/rp2_common/pico_double/double_aeabi_dcp.S.obj
                0x100024fc                __wrap___aeabi_dcmpun
 .text.__wrap___aeabi_dcmplt
                0x10002518       0x28 CMakeFiles/firmware.dir/C_/Users/nahue/.pico-sdk/sdk/2.1.1/src/rp2_common/pico_double/double_aeabi_dcp.S.obj
                0x10002520                __wrap___aeabi_dcmplt
 .text.__wrap___aeabi_dcmple
                0x10002540       0x28 CMakeFiles/firmware.dir/C_/Users/nahue/.pico-sdk/sdk/2.1.1/src/rp2_common/pico_double/double_aeabi_dcp.S.obj
                0x10002548                __wrap___aeabi_dcmple
 .text.__wrap___aeabi_dcmpge
                0x10002568       0x28 CMakeFiles/firmware.dir/C_/Users/nahue/.pico-sdk/sdk/2.1.1/src/rp2_common/pico_double/double_aeabi_dcp.S.obj
                0x10002570                __wrap___aeabi_dcmpge
 .text.__wrap___aeabi_dcmpgt
                0x10002590       0x28 CMakeFiles/firmware.dir/C_/Users/nahue/.pico-sdk/sdk/2.1.1/src/rp2_common/pico_double/double_aeabi_dcp.S.obj
                0x10002598                __wrap___aeabi_dcmpgt
 .text.__wrap_malloc
                0x100025b8       0x24 CMakeFiles/firmware.dir/C_/Users/nahue/.pico-sdk/sdk/2.1.1/src/rp2_common/pico_malloc/malloc.c.obj
                0x100025b8                __wrap_malloc
 .text.__wrap_free
                0x100025dc        0x4 CMakeFiles/firmware.dir/C_/Users/nahue/.pico-sdk/sdk/2.1.1/src/rp2_common/pico_malloc/malloc.c.obj
                0x100025dc                __wrap_free
 .text._out_buffer
                0x100025e0        0x8 CMakeFiles/firmware.dir/C_/Users/nahue/.pico-sdk/sdk/2.1.1/src/rp2_common/pico_printf/printf.c.obj
 .text._out_null
                0x100025e8        0x4 CMakeFiles/firmware.dir/C_/Users/nahue/.pico-sdk/sdk/2.1.1/src/rp2_common/pico_printf/printf.c.obj
 .text._out_rev
                0x100025ec       0x9c CMakeFiles/firmware.dir/C_/Users/nahue/.pico-sdk/sdk/2.1.1/src/rp2_common/pico_printf/printf.c.obj
 .text._ntoa_format
                0x10002688      0x1d4 CMakeFiles/firmware.dir/C_/Users/nahue/.pico-sdk/sdk/2.1.1/src/rp2_common/pico_printf/printf.c.obj
 .text._out_char
                0x1000285c        0x8 CMakeFiles/firmware.dir/C_/Users/nahue/.pico-sdk/sdk/2.1.1/src/rp2_common/pico_printf/printf.c.obj
 .text._out_fct
                0x10002864        0xc CMakeFiles/firmware.dir/C_/Users/nahue/.pico-sdk/sdk/2.1.1/src/rp2_common/pico_printf/printf.c.obj
 .text._ftoa    0x10002870      0x4bc CMakeFiles/firmware.dir/C_/Users/nahue/.pico-sdk/sdk/2.1.1/src/rp2_common/pico_printf/printf.c.obj
 *fill*         0x10002d2c        0x4 
 .text._etoa    0x10002d30      0x574 CMakeFiles/firmware.dir/C_/Users/nahue/.pico-sdk/sdk/2.1.1/src/rp2_common/pico_printf/printf.c.obj
 .text._vsnprintf
                0x100032a4      0x9e4 CMakeFiles/firmware.dir/C_/Users/nahue/.pico-sdk/sdk/2.1.1/src/rp2_common/pico_printf/printf.c.obj
 .text.__wrap_sprintf
                0x10003c88       0x2c CMakeFiles/firmware.dir/C_/Users/nahue/.pico-sdk/sdk/2.1.1/src/rp2_common/pico_printf/printf.c.obj
                0x10003c88                __wrap_sprintf
 .text.vfctprintf
                0x10003cb4       0x28 CMakeFiles/firmware.dir/C_/Users/nahue/.pico-sdk/sdk/2.1.1/src/rp2_common/pico_printf/printf.c.obj
                0x10003cb4                vfctprintf
 .text.weak_raw_vprintf
                0x10003cdc       0x30 CMakeFiles/firmware.dir/C_/Users/nahue/.pico-sdk/sdk/2.1.1/src/rp2_common/pico_printf/printf.c.obj
                0x10003cdc                weak_raw_vprintf
 .text._exit    0x10003d0c        0x4 CMakeFiles/firmware.dir/C_/Users/nahue/.pico-sdk/sdk/2.1.1/src/rp2_common/pico_clib_interface/newlib_interface.c.obj
                0x10003d0c                _exit
 .text._sbrk    0x10003d10       0x2c CMakeFiles/firmware.dir/C_/Users/nahue/.pico-sdk/sdk/2.1.1/src/rp2_common/pico_clib_interface/newlib_interface.c.obj
                0x10003d10                _sbrk
 .text.exit     0x10003d3c        0x8 CMakeFiles/firmware.dir/C_/Users/nahue/.pico-sdk/sdk/2.1.1/src/rp2_common/pico_clib_interface/newlib_interface.c.obj
                0x10003d3c                exit
 .text.runtime_init
                0x10003d44       0x24 CMakeFiles/firmware.dir/C_/Users/nahue/.pico-sdk/sdk/2.1.1/src/rp2_common/pico_clib_interface/newlib_interface.c.obj
                0x10003d44                runtime_init
 .text.stdio_out_chars_no_crlf
                0x10003d68        0x8 CMakeFiles/firmware.dir/C_/Users/nahue/.pico-sdk/sdk/2.1.1/src/rp2_common/pico_stdio/stdio.c.obj
 .text.stdio_out_chars_crlf
                0x10003d70       0xb0 CMakeFiles/firmware.dir/C_/Users/nahue/.pico-sdk/sdk/2.1.1/src/rp2_common/pico_stdio/stdio.c.obj
 .text.stdio_buffered_printer
                0x10003e20       0x60 CMakeFiles/firmware.dir/C_/Users/nahue/.pico-sdk/sdk/2.1.1/src/rp2_common/pico_stdio/stdio.c.obj
 .text.stdio_put_string
                0x10003e80       0xec CMakeFiles/firmware.dir/C_/Users/nahue/.pico-sdk/sdk/2.1.1/src/rp2_common/pico_stdio/stdio.c.obj
                0x10003e80                stdio_put_string
 .text.stdio_set_driver_enabled
                0x10003f6c       0x28 CMakeFiles/firmware.dir/C_/Users/nahue/.pico-sdk/sdk/2.1.1/src/rp2_common/pico_stdio/stdio.c.obj
                0x10003f6c                stdio_set_driver_enabled
 .text.stdio_init_all
                0x10003f94        0x4 CMakeFiles/firmware.dir/C_/Users/nahue/.pico-sdk/sdk/2.1.1/src/rp2_common/pico_stdio/stdio.c.obj
                0x10003f94                stdio_init_all
 .text.__wrap_putchar
                0x10003f98       0x84 CMakeFiles/firmware.dir/C_/Users/nahue/.pico-sdk/sdk/2.1.1/src/rp2_common/pico_stdio/stdio.c.obj
                0x10003f98                __wrap_putchar
                0x10003f98                stdio_putchar
 .text.__wrap_puts
                0x1000401c       0x3c CMakeFiles/firmware.dir/C_/Users/nahue/.pico-sdk/sdk/2.1.1/src/rp2_common/pico_stdio/stdio.c.obj
                0x1000401c                stdio_puts
                0x1000401c                __wrap_puts
 .text.__wrap_vprintf
                0x10004058       0xc4 CMakeFiles/firmware.dir/C_/Users/nahue/.pico-sdk/sdk/2.1.1/src/rp2_common/pico_stdio/stdio.c.obj
                0x10004058                stdio_vprintf
                0x10004058                __wrap_vprintf
 .text.__wrap_printf
                0x1000411c       0x1c CMakeFiles/firmware.dir/C_/Users/nahue/.pico-sdk/sdk/2.1.1/src/rp2_common/pico_stdio/stdio.c.obj
                0x1000411c                __wrap_printf
                0x1000411c                stdio_printf
 .text.resetd_init
                0x10004138        0x4 CMakeFiles/firmware.dir/C_/Users/nahue/.pico-sdk/sdk/2.1.1/src/rp2_common/pico_stdio_usb/reset_interface.c.obj
 .text.resetd_reset
                0x1000413c        0xc CMakeFiles/firmware.dir/C_/Users/nahue/.pico-sdk/sdk/2.1.1/src/rp2_common/pico_stdio_usb/reset_interface.c.obj
 .text.resetd_open
                0x10004148       0x28 CMakeFiles/firmware.dir/C_/Users/nahue/.pico-sdk/sdk/2.1.1/src/rp2_common/pico_stdio_usb/reset_interface.c.obj
 .text.resetd_xfer_cb
                0x10004170        0x4 CMakeFiles/firmware.dir/C_/Users/nahue/.pico-sdk/sdk/2.1.1/src/rp2_common/pico_stdio_usb/reset_interface.c.obj
 .text.resetd_control_xfer_cb
                0x10004174       0x50 CMakeFiles/firmware.dir/C_/Users/nahue/.pico-sdk/sdk/2.1.1/src/rp2_common/pico_stdio_usb/reset_interface.c.obj
 .text.tud_descriptor_bos_cb
                0x100041c4        0x8 CMakeFiles/firmware.dir/C_/Users/nahue/.pico-sdk/sdk/2.1.1/src/rp2_common/pico_stdio_usb/reset_interface.c.obj
                0x100041c4                tud_descriptor_bos_cb
 .text.tud_vendor_control_xfer_cb
                0x100041cc       0x28 CMakeFiles/firmware.dir/C_/Users/nahue/.pico-sdk/sdk/2.1.1/src/rp2_common/pico_stdio_usb/reset_interface.c.obj
                0x100041cc                tud_vendor_control_xfer_cb
 .text.usbd_app_driver_get_cb
                0x100041f4       0x10 CMakeFiles/firmware.dir/C_/Users/nahue/.pico-sdk/sdk/2.1.1/src/rp2_common/pico_stdio_usb/reset_interface.c.obj
                0x100041f4                usbd_app_driver_get_cb
 .text.tud_cdc_line_coding_cb
                0x10004204       0x18 CMakeFiles/firmware.dir/C_/Users/nahue/.pico-sdk/sdk/2.1.1/src/rp2_common/pico_stdio_usb/reset_interface.c.obj
                0x10004204                tud_cdc_line_coding_cb
 .text.stdio_usb_set_chars_available_callback
                0x1000421c       0x14 CMakeFiles/firmware.dir/C_/Users/nahue/.pico-sdk/sdk/2.1.1/src/rp2_common/pico_stdio_usb/stdio_usb.c.obj
                0x1000421c                stdio_usb_set_chars_available_callback
 .text.timer_task
                0x10004230       0x70 CMakeFiles/firmware.dir/C_/Users/nahue/.pico-sdk/sdk/2.1.1/src/rp2_common/pico_stdio_usb/stdio_usb.c.obj
 .text.usb_irq  0x100042a0        0xc CMakeFiles/firmware.dir/C_/Users/nahue/.pico-sdk/sdk/2.1.1/src/rp2_common/pico_stdio_usb/stdio_usb.c.obj
 .text.stdio_usb_in_chars
                0x100042ac       0x88 CMakeFiles/firmware.dir/C_/Users/nahue/.pico-sdk/sdk/2.1.1/src/rp2_common/pico_stdio_usb/stdio_usb.c.obj
                0x100042ac                stdio_usb_in_chars
 .text.stdio_usb_out_flush
                0x10004334       0x54 CMakeFiles/firmware.dir/C_/Users/nahue/.pico-sdk/sdk/2.1.1/src/rp2_common/pico_stdio_usb/stdio_usb.c.obj
 .text.stdio_usb_out_chars
                0x10004388       0xf4 CMakeFiles/firmware.dir/C_/Users/nahue/.pico-sdk/sdk/2.1.1/src/rp2_common/pico_stdio_usb/stdio_usb.c.obj
 .text.low_priority_worker_irq
                0x1000447c       0xd8 CMakeFiles/firmware.dir/C_/Users/nahue/.pico-sdk/sdk/2.1.1/src/rp2_common/pico_stdio_usb/stdio_usb.c.obj
 .text.stdio_usb_init
                0x10004554       0xe8 CMakeFiles/firmware.dir/C_/Users/nahue/.pico-sdk/sdk/2.1.1/src/rp2_common/pico_stdio_usb/stdio_usb.c.obj
                0x10004554                stdio_usb_init
 .text.tud_descriptor_device_cb
                0x1000463c        0x8 CMakeFiles/firmware.dir/C_/Users/nahue/.pico-sdk/sdk/2.1.1/src/rp2_common/pico_stdio_usb/stdio_usb_descriptors.c.obj
                0x1000463c                tud_descriptor_device_cb
 .text.tud_descriptor_configuration_cb
                0x10004644        0x8 CMakeFiles/firmware.dir/C_/Users/nahue/.pico-sdk/sdk/2.1.1/src/rp2_common/pico_stdio_usb/stdio_usb_descriptors.c.obj
                0x10004644                tud_descriptor_configuration_cb
 .text.tud_descriptor_string_cb
                0x1000464c       0x70 CMakeFiles/firmware.dir/C_/Users/nahue/.pico-sdk/sdk/2.1.1/src/rp2_common/pico_stdio_usb/stdio_usb_descriptors.c.obj
                0x1000464c                tud_descriptor_string_cb
 .text.startup._retrieve_unique_id_on_boot
                0x100046bc       0x30 CMakeFiles/firmware.dir/C_/Users/nahue/.pico-sdk/sdk/2.1.1/src/rp2_common/pico_unique_id/unique_id.c.obj
 .text.pico_get_unique_board_id_string
                0x100046ec      0x184 CMakeFiles/firmware.dir/C_/Users/nahue/.pico-sdk/sdk/2.1.1/src/rp2_common/pico_unique_id/unique_id.c.obj
                0x100046ec                pico_get_unique_board_id_string
 .text.dcd_init
                0x10004870       0x8c CMakeFiles/firmware.dir/C_/Users/nahue/.pico-sdk/sdk/2.1.1/lib/tinyusb/src/portable/raspberrypi/rp2040/dcd_rp2040.c.obj
                0x10004870                dcd_init
 .text.dcd_int_enable
                0x100048fc        0x8 CMakeFiles/firmware.dir/C_/Users/nahue/.pico-sdk/sdk/2.1.1/lib/tinyusb/src/portable/raspberrypi/rp2040/dcd_rp2040.c.obj
                0x100048fc                dcd_int_enable
 .text.dcd_set_address
                0x10004904       0x10 CMakeFiles/firmware.dir/C_/Users/nahue/.pico-sdk/sdk/2.1.1/lib/tinyusb/src/portable/raspberrypi/rp2040/dcd_rp2040.c.obj
                0x10004904                dcd_set_address
 .text.dcd_sof_enable
                0x10004914       0x1c CMakeFiles/firmware.dir/C_/Users/nahue/.pico-sdk/sdk/2.1.1/lib/tinyusb/src/portable/raspberrypi/rp2040/dcd_rp2040.c.obj
                0x10004914                dcd_sof_enable
 .text.dcd_edpt0_status_complete
                0x10004930       0x1c CMakeFiles/firmware.dir/C_/Users/nahue/.pico-sdk/sdk/2.1.1/lib/tinyusb/src/portable/raspberrypi/rp2040/dcd_rp2040.c.obj
                0x10004930                dcd_edpt0_status_complete
 .text.dcd_edpt_open
                0x1000494c      0x104 CMakeFiles/firmware.dir/C_/Users/nahue/.pico-sdk/sdk/2.1.1/lib/tinyusb/src/portable/raspberrypi/rp2040/dcd_rp2040.c.obj
                0x1000494c                dcd_edpt_open
 .text.dcd_edpt_close_all
                0x10004a50        0x4 CMakeFiles/firmware.dir/C_/Users/nahue/.pico-sdk/sdk/2.1.1/lib/tinyusb/src/portable/raspberrypi/rp2040/dcd_rp2040.c.obj
                0x10004a50                dcd_edpt_close_all
 .text.dcd_edpt_xfer
                0x10004a54       0x28 CMakeFiles/firmware.dir/C_/Users/nahue/.pico-sdk/sdk/2.1.1/lib/tinyusb/src/portable/raspberrypi/rp2040/dcd_rp2040.c.obj
                0x10004a54                dcd_edpt_xfer
 .text.dcd_edpt_stall
                0x10004a7c       0x30 CMakeFiles/firmware.dir/C_/Users/nahue/.pico-sdk/sdk/2.1.1/lib/tinyusb/src/portable/raspberrypi/rp2040/dcd_rp2040.c.obj
                0x10004a7c                dcd_edpt_stall
 .text.dcd_edpt_clear_stall
                0x10004aac       0x24 CMakeFiles/firmware.dir/C_/Users/nahue/.pico-sdk/sdk/2.1.1/lib/tinyusb/src/portable/raspberrypi/rp2040/dcd_rp2040.c.obj
                0x10004aac                dcd_edpt_clear_stall
 .text.rp2040_usb_init
                0x10004ad0       0x40 CMakeFiles/firmware.dir/C_/Users/nahue/.pico-sdk/sdk/2.1.1/lib/tinyusb/src/portable/raspberrypi/rp2040/rp2040_usb.c.obj
                0x10004ad0                rp2040_usb_init
 .text.hw_endpoint_xfer_start
                0x10004b10       0x40 CMakeFiles/firmware.dir/C_/Users/nahue/.pico-sdk/sdk/2.1.1/lib/tinyusb/src/portable/raspberrypi/rp2040/rp2040_usb.c.obj
                0x10004b10                hw_endpoint_xfer_start
 .text.configuration_reset
                0x10004b50       0x8c CMakeFiles/firmware.dir/C_/Users/nahue/.pico-sdk/sdk/2.1.1/lib/tinyusb/src/device/usbd.c.obj
 .text.tud_event_hook_cb
                0x10004bdc        0x4 CMakeFiles/firmware.dir/C_/Users/nahue/.pico-sdk/sdk/2.1.1/lib/tinyusb/src/device/usbd.c.obj
                0x10004bdc                tud_event_hook_cb
 .text.tud_sof_cb
                0x10004be0        0x4 CMakeFiles/firmware.dir/C_/Users/nahue/.pico-sdk/sdk/2.1.1/lib/tinyusb/src/device/usbd.c.obj
                0x10004be0                tud_sof_cb
 .text.tud_descriptor_device_qualifier_cb
                0x10004be4        0x4 CMakeFiles/firmware.dir/C_/Users/nahue/.pico-sdk/sdk/2.1.1/lib/tinyusb/src/device/usbd.c.obj
                0x10004be4                tud_descriptor_device_qualifier_cb
 .text.tud_descriptor_other_speed_configuration_cb
                0x10004be8        0x4 CMakeFiles/firmware.dir/C_/Users/nahue/.pico-sdk/sdk/2.1.1/lib/tinyusb/src/device/usbd.c.obj
                0x10004be8                tud_descriptor_other_speed_configuration_cb
 .text.tud_mount_cb
                0x10004bec        0x4 CMakeFiles/firmware.dir/C_/Users/nahue/.pico-sdk/sdk/2.1.1/lib/tinyusb/src/device/usbd.c.obj
                0x10004bec                tud_mount_cb
 .text.tud_umount_cb
                0x10004bf0        0x4 CMakeFiles/firmware.dir/C_/Users/nahue/.pico-sdk/sdk/2.1.1/lib/tinyusb/src/device/usbd.c.obj
                0x10004bf0                tud_umount_cb
 .text.tud_suspend_cb
                0x10004bf4        0x4 CMakeFiles/firmware.dir/C_/Users/nahue/.pico-sdk/sdk/2.1.1/lib/tinyusb/src/device/usbd.c.obj
                0x10004bf4                tud_suspend_cb
 .text.tud_resume_cb
                0x10004bf8        0x4 CMakeFiles/firmware.dir/C_/Users/nahue/.pico-sdk/sdk/2.1.1/lib/tinyusb/src/device/usbd.c.obj
                0x10004bf8                tud_resume_cb
 .text.tud_mounted
                0x10004bfc       0x10 CMakeFiles/firmware.dir/C_/Users/nahue/.pico-sdk/sdk/2.1.1/lib/tinyusb/src/device/usbd.c.obj
                0x10004bfc                tud_mounted
 .text.tud_suspended
                0x10004c0c       0x10 CMakeFiles/firmware.dir/C_/Users/nahue/.pico-sdk/sdk/2.1.1/lib/tinyusb/src/device/usbd.c.obj
                0x10004c0c                tud_suspended
 .text.tud_rhport_init
                0x10004c1c       0xf4 CMakeFiles/firmware.dir/C_/Users/nahue/.pico-sdk/sdk/2.1.1/lib/tinyusb/src/device/usbd.c.obj
                0x10004c1c                tud_rhport_init
 .text.tud_task_ext
                0x10004d10      0x784 CMakeFiles/firmware.dir/C_/Users/nahue/.pico-sdk/sdk/2.1.1/lib/tinyusb/src/device/usbd.c.obj
                0x10004d10                tud_task_ext
 .text.usbd_open_edpt_pair
                0x10005494       0x9c CMakeFiles/firmware.dir/C_/Users/nahue/.pico-sdk/sdk/2.1.1/lib/tinyusb/src/device/usbd.c.obj
                0x10005494                usbd_open_edpt_pair
 .text.usbd_edpt_open
                0x10005530       0x44 CMakeFiles/firmware.dir/C_/Users/nahue/.pico-sdk/sdk/2.1.1/lib/tinyusb/src/device/usbd.c.obj
                0x10005530                usbd_edpt_open
 .text.usbd_edpt_claim
                0x10005574       0x24 CMakeFiles/firmware.dir/C_/Users/nahue/.pico-sdk/sdk/2.1.1/lib/tinyusb/src/device/usbd.c.obj
                0x10005574                usbd_edpt_claim
 .text.usbd_edpt_release
                0x10005598       0x24 CMakeFiles/firmware.dir/C_/Users/nahue/.pico-sdk/sdk/2.1.1/lib/tinyusb/src/device/usbd.c.obj
                0x10005598                usbd_edpt_release
 .text.usbd_edpt_xfer
                0x100055bc       0x70 CMakeFiles/firmware.dir/C_/Users/nahue/.pico-sdk/sdk/2.1.1/lib/tinyusb/src/device/usbd.c.obj
                0x100055bc                usbd_edpt_xfer
 .text.tud_control_status
                0x1000562c       0x34 CMakeFiles/firmware.dir/C_/Users/nahue/.pico-sdk/sdk/2.1.1/lib/tinyusb/src/device/usbd_control.c.obj
                0x1000562c                tud_control_status
 .text.tud_control_xfer
                0x10005660       0xb0 CMakeFiles/firmware.dir/C_/Users/nahue/.pico-sdk/sdk/2.1.1/lib/tinyusb/src/device/usbd_control.c.obj
                0x10005660                tud_control_xfer
 .text.usbd_control_reset
                0x10005710       0x14 CMakeFiles/firmware.dir/C_/Users/nahue/.pico-sdk/sdk/2.1.1/lib/tinyusb/src/device/usbd_control.c.obj
                0x10005710                usbd_control_reset
 .text.usbd_control_set_complete_callback
                0x10005724        0xc CMakeFiles/firmware.dir/C_/Users/nahue/.pico-sdk/sdk/2.1.1/lib/tinyusb/src/device/usbd_control.c.obj
                0x10005724                usbd_control_set_complete_callback
 .text.usbd_control_set_request
                0x10005730       0x1c CMakeFiles/firmware.dir/C_/Users/nahue/.pico-sdk/sdk/2.1.1/lib/tinyusb/src/device/usbd_control.c.obj
                0x10005730                usbd_control_set_request
 .text.usbd_control_xfer_cb
                0x1000574c      0x100 CMakeFiles/firmware.dir/C_/Users/nahue/.pico-sdk/sdk/2.1.1/lib/tinyusb/src/device/usbd_control.c.obj
                0x1000574c                usbd_control_xfer_cb
 .text._prep_out_transaction.isra.0
                0x1000584c       0x74 CMakeFiles/firmware.dir/C_/Users/nahue/.pico-sdk/sdk/2.1.1/lib/tinyusb/src/class/cdc/cdc_device.c.obj
 .text.tud_cdc_n_connected
                0x100058c0       0x2c CMakeFiles/firmware.dir/C_/Users/nahue/.pico-sdk/sdk/2.1.1/lib/tinyusb/src/class/cdc/cdc_device.c.obj
                0x100058c0                tud_cdc_n_connected
 .text.tud_cdc_n_available
                0x100058ec       0x14 CMakeFiles/firmware.dir/C_/Users/nahue/.pico-sdk/sdk/2.1.1/lib/tinyusb/src/class/cdc/cdc_device.c.obj
                0x100058ec                tud_cdc_n_available
 .text.tud_cdc_n_read
                0x10005900       0x90 CMakeFiles/firmware.dir/C_/Users/nahue/.pico-sdk/sdk/2.1.1/lib/tinyusb/src/class/cdc/cdc_device.c.obj
                0x10005900                tud_cdc_n_read
 .text.tud_cdc_n_write_flush
                0x10005990       0x8c CMakeFiles/firmware.dir/C_/Users/nahue/.pico-sdk/sdk/2.1.1/lib/tinyusb/src/class/cdc/cdc_device.c.obj
                0x10005990                tud_cdc_n_write_flush
 .text.tud_cdc_n_write
                0x10005a1c       0x40 CMakeFiles/firmware.dir/C_/Users/nahue/.pico-sdk/sdk/2.1.1/lib/tinyusb/src/class/cdc/cdc_device.c.obj
                0x10005a1c                tud_cdc_n_write
 .text.tud_cdc_n_write_available
                0x10005a5c       0x14 CMakeFiles/firmware.dir/C_/Users/nahue/.pico-sdk/sdk/2.1.1/lib/tinyusb/src/class/cdc/cdc_device.c.obj
                0x10005a5c                tud_cdc_n_write_available
 .text.cdcd_init
                0x10005a70       0x70 CMakeFiles/firmware.dir/C_/Users/nahue/.pico-sdk/sdk/2.1.1/lib/tinyusb/src/class/cdc/cdc_device.c.obj
                0x10005a70                cdcd_init
 .text.cdcd_deinit
                0x10005ae0       0x30 CMakeFiles/firmware.dir/C_/Users/nahue/.pico-sdk/sdk/2.1.1/lib/tinyusb/src/class/cdc/cdc_device.c.obj
                0x10005ae0                cdcd_deinit
 .text.cdcd_reset
                0x10005b10       0x4c CMakeFiles/firmware.dir/C_/Users/nahue/.pico-sdk/sdk/2.1.1/lib/tinyusb/src/class/cdc/cdc_device.c.obj
                0x10005b10                cdcd_reset
 .text.cdcd_open
                0x10005b5c       0xc0 CMakeFiles/firmware.dir/C_/Users/nahue/.pico-sdk/sdk/2.1.1/lib/tinyusb/src/class/cdc/cdc_device.c.obj
                0x10005b5c                cdcd_open
 .text.cdcd_control_xfer_cb
                0x10005c1c       0xc0 CMakeFiles/firmware.dir/C_/Users/nahue/.pico-sdk/sdk/2.1.1/lib/tinyusb/src/class/cdc/cdc_device.c.obj
                0x10005c1c                cdcd_control_xfer_cb
 .text.cdcd_xfer_cb
                0x10005cdc       0xf8 CMakeFiles/firmware.dir/C_/Users/nahue/.pico-sdk/sdk/2.1.1/lib/tinyusb/src/class/cdc/cdc_device.c.obj
                0x10005cdc                cdcd_xfer_cb
 .text.vendord_init
                0x10005dd4       0x5c CMakeFiles/firmware.dir/C_/Users/nahue/.pico-sdk/sdk/2.1.1/lib/tinyusb/src/class/vendor/vendor_device.c.obj
                0x10005dd4                vendord_init
 .text.vendord_deinit
                0x10005e30       0x1c CMakeFiles/firmware.dir/C_/Users/nahue/.pico-sdk/sdk/2.1.1/lib/tinyusb/src/class/vendor/vendor_device.c.obj
                0x10005e30                vendord_deinit
 .text.vendord_reset
                0x10005e4c       0x24 CMakeFiles/firmware.dir/C_/Users/nahue/.pico-sdk/sdk/2.1.1/lib/tinyusb/src/class/vendor/vendor_device.c.obj
                0x10005e4c                vendord_reset
 .text.vendord_open
                0x10005e70       0xf4 CMakeFiles/firmware.dir/C_/Users/nahue/.pico-sdk/sdk/2.1.1/lib/tinyusb/src/class/vendor/vendor_device.c.obj
                0x10005e70                vendord_open
 .text.vendord_xfer_cb
                0x10005f64       0x88 CMakeFiles/firmware.dir/C_/Users/nahue/.pico-sdk/sdk/2.1.1/lib/tinyusb/src/class/vendor/vendor_device.c.obj
                0x10005f64                vendord_xfer_cb
 .text.tusb_rhport_init
                0x10005fec       0x64 CMakeFiles/firmware.dir/C_/Users/nahue/.pico-sdk/sdk/2.1.1/lib/tinyusb/src/tusb.c.obj
                0x10005fec                tusb_rhport_init
 .text.tu_edpt_claim
                0x10006050       0x54 CMakeFiles/firmware.dir/C_/Users/nahue/.pico-sdk/sdk/2.1.1/lib/tinyusb/src/tusb.c.obj
                0x10006050                tu_edpt_claim
 .text.tu_edpt_release
                0x100060a4       0x38 CMakeFiles/firmware.dir/C_/Users/nahue/.pico-sdk/sdk/2.1.1/lib/tinyusb/src/tusb.c.obj
                0x100060a4                tu_edpt_release
 .text.tu_edpt_validate
                0x100060dc       0x60 CMakeFiles/firmware.dir/C_/Users/nahue/.pico-sdk/sdk/2.1.1/lib/tinyusb/src/tusb.c.obj
                0x100060dc                tu_edpt_validate
 .text.tu_edpt_bind_driver
                0x1000613c       0x58 CMakeFiles/firmware.dir/C_/Users/nahue/.pico-sdk/sdk/2.1.1/lib/tinyusb/src/tusb.c.obj
                0x1000613c                tu_edpt_bind_driver
 .text.tu_edpt_stream_init
                0x10006194       0x58 CMakeFiles/firmware.dir/C_/Users/nahue/.pico-sdk/sdk/2.1.1/lib/tinyusb/src/tusb.c.obj
                0x10006194                tu_edpt_stream_init
 .text.tu_edpt_stream_deinit
                0x100061ec        0x4 CMakeFiles/firmware.dir/C_/Users/nahue/.pico-sdk/sdk/2.1.1/lib/tinyusb/src/tusb.c.obj
                0x100061ec                tu_edpt_stream_deinit
 .text.tu_edpt_stream_write_zlp_if_needed
                0x100061f0       0x68 CMakeFiles/firmware.dir/C_/Users/nahue/.pico-sdk/sdk/2.1.1/lib/tinyusb/src/tusb.c.obj
                0x100061f0                tu_edpt_stream_write_zlp_if_needed
 .text.tu_edpt_stream_write_xfer
                0x10006258       0x70 CMakeFiles/firmware.dir/C_/Users/nahue/.pico-sdk/sdk/2.1.1/lib/tinyusb/src/tusb.c.obj
                0x10006258                tu_edpt_stream_write_xfer
 .text.tu_edpt_stream_read_xfer
                0x100062c8       0xc8 CMakeFiles/firmware.dir/C_/Users/nahue/.pico-sdk/sdk/2.1.1/lib/tinyusb/src/tusb.c.obj
                0x100062c8                tu_edpt_stream_read_xfer
 .text.tu_fifo_config
                0x10006390       0x60 CMakeFiles/firmware.dir/C_/Users/nahue/.pico-sdk/sdk/2.1.1/lib/tinyusb/src/common/tusb_fifo.c.obj
                0x10006390                tu_fifo_config
 .text.tu_fifo_count
                0x100063f0       0x20 CMakeFiles/firmware.dir/C_/Users/nahue/.pico-sdk/sdk/2.1.1/lib/tinyusb/src/common/tusb_fifo.c.obj
                0x100063f0                tu_fifo_count
 .text.tu_fifo_empty
                0x10006410       0x14 CMakeFiles/firmware.dir/C_/Users/nahue/.pico-sdk/sdk/2.1.1/lib/tinyusb/src/common/tusb_fifo.c.obj
                0x10006410                tu_fifo_empty
 .text.tu_fifo_remaining
                0x10006424       0x24 CMakeFiles/firmware.dir/C_/Users/nahue/.pico-sdk/sdk/2.1.1/lib/tinyusb/src/common/tusb_fifo.c.obj
                0x10006424                tu_fifo_remaining
 .text.tu_fifo_read
                0x10006448       0x94 CMakeFiles/firmware.dir/C_/Users/nahue/.pico-sdk/sdk/2.1.1/lib/tinyusb/src/common/tusb_fifo.c.obj
                0x10006448                tu_fifo_read
 .text.tu_fifo_read_n
                0x100064dc       0xd8 CMakeFiles/firmware.dir/C_/Users/nahue/.pico-sdk/sdk/2.1.1/lib/tinyusb/src/common/tusb_fifo.c.obj
                0x100064dc                tu_fifo_read_n
 .text.tu_fifo_write
                0x100065b4       0xa4 CMakeFiles/firmware.dir/C_/Users/nahue/.pico-sdk/sdk/2.1.1/lib/tinyusb/src/common/tusb_fifo.c.obj
                0x100065b4                tu_fifo_write
 .text.tu_fifo_write_n
                0x10006658      0x15c CMakeFiles/firmware.dir/C_/Users/nahue/.pico-sdk/sdk/2.1.1/lib/tinyusb/src/common/tusb_fifo.c.obj
                0x10006658                tu_fifo_write_n
 .text.tu_fifo_clear
                0x100067b4       0x38 CMakeFiles/firmware.dir/C_/Users/nahue/.pico-sdk/sdk/2.1.1/lib/tinyusb/src/common/tusb_fifo.c.obj
                0x100067b4                tu_fifo_clear
 .text.tu_fifo_set_overwritable
                0x100067ec       0x3c CMakeFiles/firmware.dir/C_/Users/nahue/.pico-sdk/sdk/2.1.1/lib/tinyusb/src/common/tusb_fifo.c.obj
                0x100067ec                tu_fifo_set_overwritable
 .text.exception_set_exclusive_handler
                0x10006828       0x4c CMakeFiles/firmware.dir/C_/Users/nahue/.pico-sdk/sdk/2.1.1/src/rp2_common/hardware_exception/exception.c.obj
                0x10006828                exception_set_exclusive_handler
 .text.i2c_read_blocking_internal.constprop.0
                0x10006874       0x70 CMakeFiles/firmware.dir/C_/Users/nahue/.pico-sdk/sdk/2.1.1/src/rp2_common/hardware_i2c/i2c.c.obj
 .text.i2c_write_blocking_internal.constprop.0
                0x100068e4       0x9c CMakeFiles/firmware.dir/C_/Users/nahue/.pico-sdk/sdk/2.1.1/src/rp2_common/hardware_i2c/i2c.c.obj
 .text.i2c_set_baudrate
                0x10006980       0xa4 CMakeFiles/firmware.dir/C_/Users/nahue/.pico-sdk/sdk/2.1.1/src/rp2_common/hardware_i2c/i2c.c.obj
                0x10006980                i2c_set_baudrate
 .text.i2c_init
                0x10006a24       0x4c CMakeFiles/firmware.dir/C_/Users/nahue/.pico-sdk/sdk/2.1.1/src/rp2_common/hardware_i2c/i2c.c.obj
                0x10006a24                i2c_init
 .text.i2c_write_blocking
                0x10006a70       0x10 CMakeFiles/firmware.dir/C_/Users/nahue/.pico-sdk/sdk/2.1.1/src/rp2_common/hardware_i2c/i2c.c.obj
                0x10006a70                i2c_write_blocking
 .text.i2c_read_blocking
                0x10006a80       0x10 CMakeFiles/firmware.dir/C_/Users/nahue/.pico-sdk/sdk/2.1.1/src/rp2_common/hardware_i2c/i2c.c.obj
                0x10006a80                i2c_read_blocking
 .text.adc_init
                0x10006a90       0x30 CMakeFiles/firmware.dir/C_/Users/nahue/.pico-sdk/sdk/2.1.1/src/rp2_common/hardware_adc/adc.c.obj
                0x10006a90                adc_init
 .text.startup.SystemInit
                0x10006ac0       0x14 CMakeFiles/firmware.dir/C_/Users/nahue/.pico-sdk/sdk/2.1.1/src/rp2_common/cmsis/stub/CMSIS/Device/RP2350/Source/system_RP2350.c.obj
                0x10006ac0                SystemInit
 .text.prvCopyDataToQueue
                0x10006ad4       0x78 freertos/libfreertos.a(queue.c.obj)
 .text.xQueueGenericCreate
                0x10006b4c       0x78 freertos/libfreertos.a(queue.c.obj)
                0x10006b4c                xQueueGenericCreate
 .text.xQueueGenericSend
                0x10006bc4      0x280 freertos/libfreertos.a(queue.c.obj)
                0x10006bc4                xQueueGenericSend
 .text.xQueueCreateMutex
                0x10006e44       0x68 freertos/libfreertos.a(queue.c.obj)
                0x10006e44                xQueueCreateMutex
 .text.xQueueReceive
                0x10006eac      0x288 freertos/libfreertos.a(queue.c.obj)
                0x10006eac                xQueueReceive
 .text.xQueueSemaphoreTake
                0x10007134      0x2c0 freertos/libfreertos.a(queue.c.obj)
                0x10007134                xQueueSemaphoreTake
 .text.xQueuePeek
                0x100073f4      0x284 freertos/libfreertos.a(queue.c.obj)
                0x100073f4                xQueuePeek
 .text.vQueueAddToRegistry
                0x10007678      0x180 freertos/libfreertos.a(queue.c.obj)
                0x10007678                vQueueAddToRegistry
 .text.vQueueWaitForMessageRestricted
                0x100077f8       0xc8 freertos/libfreertos.a(queue.c.obj)
                0x100077f8                vQueueWaitForMessageRestricted
 .text.prvAddNewTaskToReadyList
                0x100078c0      0x118 freertos/libfreertos.a(tasks.c.obj)
 .text.prvIdleTask
                0x100079d8       0x5c freertos/libfreertos.a(tasks.c.obj)
 .text.xTaskIncrementTick.part.0
                0x10007a34      0x15c freertos/libfreertos.a(tasks.c.obj)
 .text.xTaskCreate
                0x10007b90      0x104 freertos/libfreertos.a(tasks.c.obj)
                0x10007b90                xTaskCreate
 .text.vTaskStartScheduler
                0x10007c94       0xc0 freertos/libfreertos.a(tasks.c.obj)
                0x10007c94                vTaskStartScheduler
 .text.vTaskSuspendAll
                0x10007d54       0x10 freertos/libfreertos.a(tasks.c.obj)
                0x10007d54                vTaskSuspendAll
 .text.xTaskResumeAll
                0x10007d64      0x180 freertos/libfreertos.a(tasks.c.obj)
                0x10007d64                xTaskResumeAll
 .text.vTaskDelay
                0x10007ee4       0x84 freertos/libfreertos.a(tasks.c.obj)
                0x10007ee4                vTaskDelay
 .text.xTaskGetTickCount
                0x10007f68        0xc freertos/libfreertos.a(tasks.c.obj)
                0x10007f68                xTaskGetTickCount
 .text.xTaskIncrementTick
                0x10007f74       0x20 freertos/libfreertos.a(tasks.c.obj)
                0x10007f74                xTaskIncrementTick
 .text.vTaskSwitchContext
                0x10007f94       0xa4 freertos/libfreertos.a(tasks.c.obj)
                0x10007f94                vTaskSwitchContext
 .text.vTaskPlaceOnEventList
                0x10008038       0x98 freertos/libfreertos.a(tasks.c.obj)
                0x10008038                vTaskPlaceOnEventList
 .text.vTaskPlaceOnEventListRestricted
                0x100080d0       0xcc freertos/libfreertos.a(tasks.c.obj)
                0x100080d0                vTaskPlaceOnEventListRestricted
 .text.xTaskRemoveFromEventList
                0x1000819c       0xd0 freertos/libfreertos.a(tasks.c.obj)
                0x1000819c                xTaskRemoveFromEventList
 .text.vTaskInternalSetTimeOutState
                0x1000826c       0x18 freertos/libfreertos.a(tasks.c.obj)
                0x1000826c                vTaskInternalSetTimeOutState
 .text.xTaskCheckForTimeOut
                0x10008284       0x60 freertos/libfreertos.a(tasks.c.obj)
                0x10008284                xTaskCheckForTimeOut
 .text.vTaskMissedYield
                0x100082e4        0xc freertos/libfreertos.a(tasks.c.obj)
                0x100082e4                vTaskMissedYield
 .text.xTaskPriorityInherit
                0x100082f0       0x90 freertos/libfreertos.a(tasks.c.obj)
                0x100082f0                xTaskPriorityInherit
 .text.xTaskPriorityDisinherit
                0x10008380       0x6c freertos/libfreertos.a(tasks.c.obj)
                0x10008380                xTaskPriorityDisinherit
 .text.vTaskPriorityDisinheritAfterTimeout
                0x100083ec       0x78 freertos/libfreertos.a(tasks.c.obj)
                0x100083ec                vTaskPriorityDisinheritAfterTimeout
 .text.pvTaskIncrementMutexHeldCount
                0x10008464       0x14 freertos/libfreertos.a(tasks.c.obj)
                0x10008464                pvTaskIncrementMutexHeldCount
 .text.prvTimerTask
                0x10008478      0x350 freertos/libfreertos.a(timers.c.obj)
 .text.xTimerCreateTimerTask
                0x100087c8       0x84 freertos/libfreertos.a(timers.c.obj)
                0x100087c8                xTimerCreateTimerTask
 .text.pvPortMalloc
                0x1000884c       0x18 freertos/libfreertos.a(heap_3.c.obj)
                0x1000884c                pvPortMalloc
 .text.vPortFree
                0x10008864       0x1c freertos/libfreertos.a(heap_3.c.obj)
                0x10008864                vPortFree
 .text.prvTaskExitError
                0x10008880       0x18 freertos/libfreertos.a(port.c.obj)
 .text.isr_systick
                0x10008898       0x24 freertos/libfreertos.a(port.c.obj)
                0x10008898                isr_systick
 .text.vPortSetupTimerInterrupt
                0x100088bc       0x2c freertos/libfreertos.a(port.c.obj)
                0x100088bc                vPortSetupTimerInterrupt
 .text.vPortYield
                0x100088e8       0x18 freertos/libfreertos.a(port.c.obj)
                0x100088e8                vPortYield
 .text.vPortEnterCritical
                0x10008900       0x1c freertos/libfreertos.a(port.c.obj)
                0x10008900                vPortEnterCritical
 .text.vPortExitCritical
                0x1000891c       0x18 freertos/libfreertos.a(port.c.obj)
                0x1000891c                vPortExitCritical
 .text.vPortSVCHandler_C
                0x10008934       0x2c freertos/libfreertos.a(port.c.obj)
                0x10008934                vPortSVCHandler_C
 .text.pxPortInitialiseStack
                0x10008960       0x78 freertos/libfreertos.a(port.c.obj)
                0x10008960                pxPortInitialiseStack
 .text.xPortStartScheduler
                0x100089d8       0xdc freertos/libfreertos.a(port.c.obj)
                0x100089d8                xPortStartScheduler
 .text.startup.prvRuntimeInitializer
                0x10008ab4       0x24 freertos/libfreertos.a(port.c.obj)
 .text.vRestoreContextOfFirstTask
                0x10008ad8       0x2c freertos/libfreertos.a(portasm.c.obj)
                0x10008ad8                vRestoreContextOfFirstTask
 .text.vStartFirstTask
                0x10008b04       0x10 freertos/libfreertos.a(portasm.c.obj)
                0x10008b04                vStartFirstTask
 .text.ulSetInterruptMask
                0x10008b14       0x18 freertos/libfreertos.a(portasm.c.obj)
                0x10008b14                ulSetInterruptMask
 .text.vClearInterruptMask
                0x10008b2c       0x10 freertos/libfreertos.a(portasm.c.obj)
                0x10008b2c                vClearInterruptMask
 .text.isr_pendsv
                0x10008b3c       0x80 freertos/libfreertos.a(portasm.c.obj)
                0x10008b3c                isr_pendsv
 .text.isr_svcall
                0x10008bbc       0x18 freertos/libfreertos.a(portasm.c.obj)
                0x10008bbc                isr_svcall
 .text.xEventGroupCreate
                0x10008bd4       0x1c freertos/libfreertos.a(event_groups.c.obj)
                0x10008bd4                xEventGroupCreate
 .text.vListInitialise
                0x10008bf0       0x18 freertos/libfreertos.a(list.c.obj)
                0x10008bf0                vListInitialise
 .text.vListInitialiseItem
                0x10008c08        0x8 freertos/libfreertos.a(list.c.obj)
                0x10008c08                vListInitialiseItem
 .text.vListInsert
                0x10008c10       0x30 freertos/libfreertos.a(list.c.obj)
                0x10008c10                vListInsert
 .text.uxListRemove
                0x10008c40       0x28 freertos/libfreertos.a(list.c.obj)
                0x10008c40                uxListRemove
 .text.pwm_init_config
                0x10008c68       0x84 pwm_lib/libpwm_lib.a(pwm_lib.c.obj)
                0x10008c68                pwm_init_config
 .text.pwm_set_level
                0x10008cec       0x44 pwm_lib/libpwm_lib.a(pwm_lib.c.obj)
                0x10008cec                pwm_set_level
 .text.lcd_send_byte
                0x10008d30      0x100 lcd/liblcd.a(lcd.c.obj)
 .text.lcd_clear
                0x10008e30        0x8 lcd/liblcd.a(lcd.c.obj)
                0x10008e30                lcd_clear
 .text.lcd_set_cursor
                0x10008e38       0x30 lcd/liblcd.a(lcd.c.obj)
                0x10008e38                lcd_set_cursor
 .text.lcd_string
                0x10008e68       0x18 lcd/liblcd.a(lcd.c.obj)
                0x10008e68                lcd_string
 .text.lcd_init
                0x10008e80       0x5c lcd/liblcd.a(lcd.c.obj)
                0x10008e80                lcd_init
 .text.hc_sr04_init
                0x10008edc       0x30 HC_SR04/libHC_SR04.a(HC_SR04.c.obj)
                0x10008edc                hc_sr04_init
 *fill*         0x10008f0c        0x4 
 .text.hc_sr04_get_distance_cm
                0x10008f10       0xe0 HC_SR04/libHC_SR04.a(HC_SR04.c.obj)
                0x10008f10                hc_sr04_get_distance_cm
 .text.ds3231_get_time
                0x10008ff0       0xdc ds3231/libds3231.a(ds3231.c.obj)
                0x10008ff0                ds3231_get_time
 .text.PIDController_Init
                0x100090cc       0x10 pid_controller/libpid_controller.a(pid_controller.c.obj)
                0x100090cc                PIDController_Init
 .text.PIDController_Update
                0x100090dc       0xf8 pid_controller/libpid_controller.a(pid_controller.c.obj)
                0x100090dc                PIDController_Update
 .text.__NVIC_SystemReset
                0x100091d4       0x24 pico_sd_fatfs/libpico_sd_fatfs.a(crash.c.obj)
 .text.crc7.constprop.0
                0x100091f8       0x24 pico_sd_fatfs/libpico_sd_fatfs.a(crash.c.obj)
 .text.Hardfault_HandlerC
                0x1000921c       0x60 pico_sd_fatfs/libpico_sd_fatfs.a(crash.c.obj)
                0x1000921c                Hardfault_HandlerC
 .text.HardFault_Handler
                0x1000927c       0x1c pico_sd_fatfs/libpico_sd_fatfs.a(crash.c.obj)
                0x1000927c                HardFault_Handler
 .text.atoi     0x10009298        0x8 C:/Users/nahue/.pico-sdk/toolchain/14_2_Rel1/bin/../lib/gcc/arm-none-eabi/14.2.1/thumb/v8-m.main+fp/softfp\libg.a(libc_a-atoi.o)
                0x10009298                atoi
 .text.malloc   0x100092a0       0x10 C:/Users/nahue/.pico-sdk/toolchain/14_2_Rel1/bin/../lib/gcc/arm-none-eabi/14.2.1/thumb/v8-m.main+fp/softfp\libg.a(libc_a-malloc.o)
                0x100092a0                malloc
 .text.free     0x100092b0       0x10 C:/Users/nahue/.pico-sdk/toolchain/14_2_Rel1/bin/../lib/gcc/arm-none-eabi/14.2.1/thumb/v8-m.main+fp/softfp\libg.a(libc_a-malloc.o)
                0x100092b0                free
 .text._malloc_r
                0x100092c0      0x578 C:/Users/nahue/.pico-sdk/toolchain/14_2_Rel1/bin/../lib/gcc/arm-none-eabi/14.2.1/thumb/v8-m.main+fp/softfp\libg.a(libc_a-mallocr.o)
                0x100092c0                _malloc_r
 .text.__malloc_lock
                0x10009838        0xc C:/Users/nahue/.pico-sdk/toolchain/14_2_Rel1/bin/../lib/gcc/arm-none-eabi/14.2.1/thumb/v8-m.main+fp/softfp\libg.a(libc_a-mlock.o)
                0x10009838                __malloc_lock
 .text.__malloc_unlock
                0x10009844        0xc C:/Users/nahue/.pico-sdk/toolchain/14_2_Rel1/bin/../lib/gcc/arm-none-eabi/14.2.1/thumb/v8-m.main+fp/softfp\libg.a(libc_a-mlock.o)
                0x10009844                __malloc_unlock
 .text._strtol_l.part.0
                0x10009850      0x1c8 C:/Users/nahue/.pico-sdk/toolchain/14_2_Rel1/bin/../lib/gcc/arm-none-eabi/14.2.1/thumb/v8-m.main+fp/softfp\libg.a(libc_a-strtol.o)
 .text.strtol   0x10009a18       0x2c C:/Users/nahue/.pico-sdk/toolchain/14_2_Rel1/bin/../lib/gcc/arm-none-eabi/14.2.1/thumb/v8-m.main+fp/softfp\libg.a(libc_a-strtol.o)
                0x10009a18                strtol
 .text.memset   0x10009a44       0x9c C:/Users/nahue/.pico-sdk/toolchain/14_2_Rel1/bin/../lib/gcc/arm-none-eabi/14.2.1/thumb/v8-m.main+fp/softfp\libg.a(libc_a-memset.o)
                0x10009a44                memset
 .text.strncpy  0x10009ae0       0x64 C:/Users/nahue/.pico-sdk/toolchain/14_2_Rel1/bin/../lib/gcc/arm-none-eabi/14.2.1/thumb/v8-m.main+fp/softfp\libg.a(libc_a-strncpy.o)
                0x10009ae0                strncpy
 .text.strtok   0x10009b44       0x10 C:/Users/nahue/.pico-sdk/toolchain/14_2_Rel1/bin/../lib/gcc/arm-none-eabi/14.2.1/thumb/v8-m.main+fp/softfp\libg.a(libc_a-strtok.o)
                0x10009b44                strtok
 .text.__strtok_r
                0x10009b54       0x64 C:/Users/nahue/.pico-sdk/toolchain/14_2_Rel1/bin/../lib/gcc/arm-none-eabi/14.2.1/thumb/v8-m.main+fp/softfp\libg.a(libc_a-strtok_r.o)
                0x10009b54                __strtok_r
 .text._sbrk_r  0x10009bb8       0x24 C:/Users/nahue/.pico-sdk/toolchain/14_2_Rel1/bin/../lib/gcc/arm-none-eabi/14.2.1/thumb/v8-m.main+fp/softfp\libg.a(libc_a-sbrkr.o)
                0x10009bb8                _sbrk_r
 .text.__errno  0x10009bdc        0xc C:/Users/nahue/.pico-sdk/toolchain/14_2_Rel1/bin/../lib/gcc/arm-none-eabi/14.2.1/thumb/v8-m.main+fp/softfp\libg.a(libc_a-errno.o)
                0x10009bdc                __errno
 .text.__retarget_lock_acquire_recursive
                0x10009be8        0x4 C:/Users/nahue/.pico-sdk/toolchain/14_2_Rel1/bin/../lib/gcc/arm-none-eabi/14.2.1/thumb/v8-m.main+fp/softfp\libg.a(libc_a-lock.o)
                0x10009be8                __retarget_lock_acquire_recursive
 .text.__retarget_lock_release_recursive
                0x10009bec        0x4 C:/Users/nahue/.pico-sdk/toolchain/14_2_Rel1/bin/../lib/gcc/arm-none-eabi/14.2.1/thumb/v8-m.main+fp/softfp\libg.a(libc_a-lock.o)
                0x10009bec                __retarget_lock_release_recursive
 .text.sysconf  0x10009bf0       0x1c C:/Users/nahue/.pico-sdk/toolchain/14_2_Rel1/bin/../lib/gcc/arm-none-eabi/14.2.1/thumb/v8-m.main+fp/softfp\libg.a(libc_a-sysconf.o)
                0x10009bf0                sysconf
 .text          0x10009c0c       0xec C:/Users/nahue/.pico-sdk/toolchain/14_2_Rel1/bin/../lib/gcc/arm-none-eabi/14.2.1/thumb/v8-m.main+fp/softfp\libg.a(libc_a-memcpy.o)
                0x10009c0c                memcpy
 .text.strlen   0x10009cf8       0x5c C:/Users/nahue/.pico-sdk/toolchain/14_2_Rel1/bin/../lib/gcc/arm-none-eabi/14.2.1/thumb/v8-m.main+fp/softfp\libg.a(libc_a-strlen-stub.o)
                0x10009cf8                strlen
 .text._malloc_trim_r
                0x10009d54       0xb8 C:/Users/nahue/.pico-sdk/toolchain/14_2_Rel1/bin/../lib/gcc/arm-none-eabi/14.2.1/thumb/v8-m.main+fp/softfp\libg.a(libc_a-freer.o)
                0x10009d54                _malloc_trim_r
 .text._free_r  0x10009e0c      0x1e8 C:/Users/nahue/.pico-sdk/toolchain/14_2_Rel1/bin/../lib/gcc/arm-none-eabi/14.2.1/thumb/v8-m.main+fp/softfp\libg.a(libc_a-freer.o)
                0x10009e0c                _free_r
 *(.fini)
 .fini          0x10009ff4        0x4 C:/Users/nahue/.pico-sdk/toolchain/14_2_Rel1/bin/../lib/gcc/arm-none-eabi/14.2.1/thumb/v8-m.main+fp/softfp/crti.o
                0x10009ff4                _fini
 .fini.__stub   0x10009ff8       0x58 linker stubs
 *crtbegin.o(.ctors)
 *crtbegin?.o(.ctors)
 *(EXCLUDE_FILE(*crtend.o *crtend?.o) .ctors)
 *(SORT_BY_NAME(.ctors.*))
 *(.ctors)
 *crtbegin.o(.dtors)
 *crtbegin?.o(.dtors)
 *(EXCLUDE_FILE(*crtend.o *crtend?.o) .dtors)
 *(SORT_BY_NAME(.dtors.*))
 *(.dtors)
                0x1000a050                        . = ALIGN (0x4)
                0x1000a050                        PROVIDE (__preinit_array_start = .)
 *(SORT_BY_NAME(.preinit_array.*))
 .preinit_array.00050
                0x1000a050        0x4 CMakeFiles/firmware.dir/C_/Users/nahue/.pico-sdk/sdk/2.1.1/src/rp2_common/pico_runtime_init/runtime_init.c.obj
                0x1000a050                __pre_init_runtime_init_bootrom_reset
 .preinit_array.00100
                0x1000a054        0x4 CMakeFiles/firmware.dir/C_/Users/nahue/.pico-sdk/sdk/2.1.1/src/rp2_common/pico_runtime_init/runtime_init.c.obj
                0x1000a054                __pre_init_runtime_init_early_resets
 .preinit_array.00101
                0x1000a058        0x4 CMakeFiles/firmware.dir/C_/Users/nahue/.pico-sdk/sdk/2.1.1/src/rp2_common/pico_runtime_init/runtime_init.c.obj
                0x1000a058                __pre_init_runtime_init_usb_power_down
 .preinit_array.00500
                0x1000a05c        0x4 CMakeFiles/firmware.dir/C_/Users/nahue/.pico-sdk/sdk/2.1.1/src/rp2_common/pico_runtime_init/runtime_init.c.obj
                0x1000a05c                __pre_init_runtime_init_clocks
 .preinit_array.00600
                0x1000a060        0x4 CMakeFiles/firmware.dir/C_/Users/nahue/.pico-sdk/sdk/2.1.1/src/rp2_common/pico_runtime_init/runtime_init.c.obj
                0x1000a060                __pre_init_runtime_init_post_clock_resets
 .preinit_array.01000
                0x1000a064        0x4 CMakeFiles/firmware.dir/C_/Users/nahue/.pico-sdk/sdk/2.1.1/src/rp2_common/hardware_boot_lock/boot_lock.c.obj
                0x1000a064                __pre_init_runtime_init_boot_locks_reset
 .preinit_array.01000
                0x1000a068        0x4 CMakeFiles/firmware.dir/C_/Users/nahue/.pico-sdk/sdk/2.1.1/src/rp2_common/pico_runtime_init/runtime_init.c.obj
                0x1000a068                __pre_init_runtime_init_spin_locks_reset
 .preinit_array.01010
                0x1000a06c        0x4 CMakeFiles/firmware.dir/C_/Users/nahue/.pico-sdk/sdk/2.1.1/src/rp2_common/pico_bootrom/bootrom_lock.c.obj
                0x1000a06c                __pre_init_runtime_init_bootrom_locking_enable
 .preinit_array.01100
                0x1000a070        0x4 CMakeFiles/firmware.dir/C_/Users/nahue/.pico-sdk/sdk/2.1.1/src/common/pico_sync/mutex.c.obj
                0x1000a070                __pre_init_runtime_init_mutex
 .preinit_array.10080
                0x1000a074        0x4 CMakeFiles/firmware.dir/C_/Users/nahue/.pico-sdk/sdk/2.1.1/src/rp2_common/pico_runtime_init/runtime_init.c.obj
                0x1000a074                __pre_init_runtime_init_install_ram_vector_table
 .preinit_array.11000
                0x1000a078        0x4 CMakeFiles/firmware.dir/C_/Users/nahue/.pico-sdk/sdk/2.1.1/src/common/pico_time/time.c.obj
                0x1000a078                __pre_init_runtime_init_default_alarm_pool
 .preinit_array.YYYYY
                0x1000a07c        0x4 CMakeFiles/firmware.dir/C_/Users/nahue/.pico-sdk/sdk/2.1.1/src/rp2_common/pico_runtime/runtime.c.obj
                0x1000a07c                __pre_init_first_per_core_initializer
 .preinit_array.ZZZZZ.00051
                0x1000a080        0x4 CMakeFiles/firmware.dir/C_/Users/nahue/.pico-sdk/sdk/2.1.1/src/rp2_common/pico_runtime_init/runtime_init.c.obj
                0x1000a080                __pre_init_runtime_init_per_core_bootrom_reset
 .preinit_array.ZZZZZ.00200
                0x1000a084        0x4 CMakeFiles/firmware.dir/C_/Users/nahue/.pico-sdk/sdk/2.1.1/src/rp2_common/pico_runtime_init/runtime_init.c.obj
                0x1000a084                __pre_init_runtime_init_per_core_enable_coprocessors
 .preinit_array.ZZZZZ.01000
                0x1000a088        0x4 CMakeFiles/firmware.dir/C_/Users/nahue/.pico-sdk/sdk/2.1.1/src/rp2_common/hardware_sync_spin_lock/sync_spin_lock.c.obj
                0x1000a088                __pre_init_spinlock_set_extexclall
 .preinit_array.ZZZZZ.01200
                0x1000a08c        0x4 CMakeFiles/firmware.dir/C_/Users/nahue/.pico-sdk/sdk/2.1.1/src/rp2_common/hardware_irq/irq.c.obj
                0x1000a08c                __pre_init_runtime_init_per_core_irq_priorities
 *(.preinit_array)
                0x1000a090                        PROVIDE (__preinit_array_end = .)
                0x1000a090                        . = ALIGN (0x4)
                0x1000a090                        PROVIDE (__init_array_start = .)
 *(SORT_BY_NAME(.init_array.*))
 *(.init_array)
 .init_array    0x1000a090        0x4 C:/Users/nahue/.pico-sdk/toolchain/14_2_Rel1/bin/../lib/gcc/arm-none-eabi/14.2.1/thumb/v8-m.main+fp/softfp/crtbegin.o
 .init_array    0x1000a094        0x4 CMakeFiles/firmware.dir/C_/Users/nahue/.pico-sdk/sdk/2.1.1/src/rp2_common/pico_unique_id/unique_id.c.obj
 .init_array    0x1000a098        0x4 CMakeFiles/firmware.dir/C_/Users/nahue/.pico-sdk/sdk/2.1.1/src/rp2_common/cmsis/stub/CMSIS/Device/RP2350/Source/system_RP2350.c.obj
 .init_array    0x1000a09c        0x4 freertos/libfreertos.a(port.c.obj)
                0x1000a0a0                        PROVIDE (__init_array_end = .)
                0x1000a0a0                        . = ALIGN (0x4)
                [!provide]                        PROVIDE (__fini_array_start = .)
 *(SORT_BY_NAME(.fini_array.*))
 *(.fini_array)
                [!provide]                        PROVIDE (__fini_array_end = .)
 *(.eh_frame*)
 .eh_frame      0x1000a0a0        0x0 C:/Users/nahue/.pico-sdk/toolchain/14_2_Rel1/bin/../lib/gcc/arm-none-eabi/14.2.1/thumb/v8-m.main+fp/softfp/crtbegin.o
                0x1000a0a0                        . = ALIGN (0x4)

.glue_7         0x1000a0a0        0x0
 .glue_7        0x1000a0a0        0x0 linker stubs

.glue_7t        0x1000a0a0        0x0
 .glue_7t       0x1000a0a0        0x0 linker stubs

.vfp11_veneer   0x1000a0a0        0x0
 .vfp11_veneer  0x1000a0a0        0x0 linker stubs

.v4_bx          0x1000a0a0        0x0
 .v4_bx         0x1000a0a0        0x0 linker stubs

.iplt           0x1000a0a0        0x0
 .iplt          0x1000a0a0        0x0 C:/Users/nahue/.pico-sdk/toolchain/14_2_Rel1/bin/../lib/gcc/arm-none-eabi/14.2.1/thumb/v8-m.main+fp/softfp/crtbegin.o

.boot2          0x1000a0a0        0x0
                0x1000a0a0                        __boot2_start__ = .
 *(.boot2)
                0x1000a0a0                        __boot2_end__ = .
                0x00000001                        ASSERT (((__boot2_end__ - __boot2_start__) <= 0x100), ERROR: Pico second stage bootloader must be no more than 256 bytes in size)

.rodata         0x1000a0a0      0xaec
 *(EXCLUDE_FILE(*libm.a: *libc.a:*lib_a-mem*.o *libgcc.a:) .rodata*)
 .rodata.task_guardiana_leds.str1.4
                0x1000a0a0      0x664 CMakeFiles/firmware.dir/firmware.c.obj
                                 0x2a (size before relaxing)
 .rodata.task_rtc.str1.4
                0x1000a704       0x15 CMakeFiles/firmware.dir/firmware.c.obj
 .rodata.init_lcd.str1.4
                0x1000a704       0x13 CMakeFiles/firmware.dir/firmware.c.obj
 .rodata.task_guardiana_lcd.str1.4
                0x1000a704       0x64 CMakeFiles/firmware.dir/firmware.c.obj
 .rodata.procesar_comando_uart.str1.4
                0x1000a704      0x145 CMakeFiles/firmware.dir/firmware.c.obj
 .rodata.task_setpoint_uart.str1.4
                0x1000a704      0x26b CMakeFiles/firmware.dir/firmware.c.obj
 .rodata.main.str1.4
                0x1000a704       0x5e CMakeFiles/firmware.dir/firmware.c.obj
 .rodata.panic.str1.4
                0x1000a704       0x12 CMakeFiles/firmware.dir/C_/Users/nahue/.pico-sdk/sdk/2.1.1/src/rp2_common/pico_platform_panic/panic.c.obj
 .rodata.spin_lock_claim_unused.str1.4
                0x1000a704       0x1b CMakeFiles/firmware.dir/C_/Users/nahue/.pico-sdk/sdk/2.1.1/src/rp2_common/hardware_sync/sync.c.obj
 .rodata.user_irq_claim_unused.str1.4
                0x1000a704       0x1b CMakeFiles/firmware.dir/C_/Users/nahue/.pico-sdk/sdk/2.1.1/src/rp2_common/hardware_irq/irq.c.obj
 .rodata.timer_hardware_alarm_claim.str1.4
                0x1000a704       0x22 CMakeFiles/firmware.dir/C_/Users/nahue/.pico-sdk/sdk/2.1.1/src/rp2_common/hardware_timer/timer.c.obj
 .rodata.hard_assertion_failure.str1.4
                0x1000a704        0xc CMakeFiles/firmware.dir/C_/Users/nahue/.pico-sdk/sdk/2.1.1/src/rp2_common/pico_runtime/runtime.c.obj
 .rodata.__wrap_malloc.str1.4
                0x1000a704        0xe CMakeFiles/firmware.dir/C_/Users/nahue/.pico-sdk/sdk/2.1.1/src/rp2_common/pico_malloc/malloc.c.obj
 .rodata.str1.4
                0x1000a704       0x44 CMakeFiles/firmware.dir/C_/Users/nahue/.pico-sdk/sdk/2.1.1/src/rp2_common/pico_standard_binary_info/standard_binary_info.c.obj
 .rodata.__bi_84
                0x1000a704        0xc CMakeFiles/firmware.dir/C_/Users/nahue/.pico-sdk/sdk/2.1.1/src/rp2_common/pico_standard_binary_info/standard_binary_info.c.obj
 .rodata.__bi_78
                0x1000a710        0xc CMakeFiles/firmware.dir/C_/Users/nahue/.pico-sdk/sdk/2.1.1/src/rp2_common/pico_standard_binary_info/standard_binary_info.c.obj
 .rodata.__bi_60
                0x1000a71c        0xc CMakeFiles/firmware.dir/C_/Users/nahue/.pico-sdk/sdk/2.1.1/src/rp2_common/pico_standard_binary_info/standard_binary_info.c.obj
 .rodata.__bi_54
                0x1000a728        0xc CMakeFiles/firmware.dir/C_/Users/nahue/.pico-sdk/sdk/2.1.1/src/rp2_common/pico_standard_binary_info/standard_binary_info.c.obj
 .rodata.__bi_48
                0x1000a734        0xc CMakeFiles/firmware.dir/C_/Users/nahue/.pico-sdk/sdk/2.1.1/src/rp2_common/pico_standard_binary_info/standard_binary_info.c.obj
 .rodata.__bi_42
                0x1000a740        0xc CMakeFiles/firmware.dir/C_/Users/nahue/.pico-sdk/sdk/2.1.1/src/rp2_common/pico_standard_binary_info/standard_binary_info.c.obj
 .rodata.__bi_34
                0x1000a74c        0xc CMakeFiles/firmware.dir/C_/Users/nahue/.pico-sdk/sdk/2.1.1/src/rp2_common/pico_standard_binary_info/standard_binary_info.c.obj
 .rodata.__bi_26
                0x1000a758        0xc CMakeFiles/firmware.dir/C_/Users/nahue/.pico-sdk/sdk/2.1.1/src/rp2_common/pico_standard_binary_info/standard_binary_info.c.obj
 .rodata._ftoa.str1.4
                0x1000a764       0x15 CMakeFiles/firmware.dir/C_/Users/nahue/.pico-sdk/sdk/2.1.1/src/rp2_common/pico_printf/printf.c.obj
 *fill*         0x1000a764        0x4 
 .rodata.pow10.0
                0x1000a768       0x50 CMakeFiles/firmware.dir/C_/Users/nahue/.pico-sdk/sdk/2.1.1/src/rp2_common/pico_printf/printf.c.obj
 .rodata.crlf_str.0
                0x1000a7b8        0x2 CMakeFiles/firmware.dir/C_/Users/nahue/.pico-sdk/sdk/2.1.1/src/rp2_common/pico_stdio/stdio.c.obj
 *fill*         0x1000a7ba        0x2 
 .rodata._resetd_driver
                0x1000a7bc       0x20 CMakeFiles/firmware.dir/C_/Users/nahue/.pico-sdk/sdk/2.1.1/src/rp2_common/pico_stdio_usb/reset_interface.c.obj
 .rodata.desc_ms_os_20
                0x1000a7dc       0xa6 CMakeFiles/firmware.dir/C_/Users/nahue/.pico-sdk/sdk/2.1.1/src/rp2_common/pico_stdio_usb/reset_interface.c.obj
 *fill*         0x1000a882        0x2 
 .rodata.desc_bos
                0x1000a884       0x21 CMakeFiles/firmware.dir/C_/Users/nahue/.pico-sdk/sdk/2.1.1/src/rp2_common/pico_stdio_usb/reset_interface.c.obj
                0x1000a884                desc_bos
 .rodata.str1.4
                0x1000a8a5       0x13 CMakeFiles/firmware.dir/C_/Users/nahue/.pico-sdk/sdk/2.1.1/src/rp2_common/pico_stdio_usb/stdio_usb.c.obj
 *fill*         0x1000a8a5        0x3 
 .rodata.__bi_197.0
                0x1000a8a8        0xc CMakeFiles/firmware.dir/C_/Users/nahue/.pico-sdk/sdk/2.1.1/src/rp2_common/pico_stdio_usb/stdio_usb.c.obj
 .rodata.str1.4
                0x1000a8b4       0x2a CMakeFiles/firmware.dir/C_/Users/nahue/.pico-sdk/sdk/2.1.1/src/rp2_common/pico_stdio_usb/stdio_usb_descriptors.c.obj
 .rodata.usbd_desc_str
                0x1000a8b4       0x18 CMakeFiles/firmware.dir/C_/Users/nahue/.pico-sdk/sdk/2.1.1/src/rp2_common/pico_stdio_usb/stdio_usb_descriptors.c.obj
 .rodata.usbd_desc_cfg
                0x1000a8cc       0x54 CMakeFiles/firmware.dir/C_/Users/nahue/.pico-sdk/sdk/2.1.1/src/rp2_common/pico_stdio_usb/stdio_usb_descriptors.c.obj
 .rodata.usbd_desc_device
                0x1000a920       0x12 CMakeFiles/firmware.dir/C_/Users/nahue/.pico-sdk/sdk/2.1.1/src/rp2_common/pico_stdio_usb/stdio_usb_descriptors.c.obj
 .rodata.str1.4
                0x1000a932       0x14 CMakeFiles/firmware.dir/C_/Users/nahue/.pico-sdk/sdk/2.1.1/lib/tinyusb/src/portable/raspberrypi/rp2040/dcd_rp2040.c.obj
 .rodata.str1.4
                0x1000a932       0x48 CMakeFiles/firmware.dir/C_/Users/nahue/.pico-sdk/sdk/2.1.1/lib/tinyusb/src/portable/raspberrypi/rp2040/rp2040_usb.c.obj
 *fill*         0x1000a932        0x2 
 .rodata._usbd_driver
                0x1000a934       0x40 CMakeFiles/firmware.dir/C_/Users/nahue/.pico-sdk/sdk/2.1.1/lib/tinyusb/src/device/usbd.c.obj
 .rodata.uxTopUsedPriority
                0x1000a974        0x4 freertos/libfreertos.a(tasks.c.obj)
 .rodata.xTimerCreateTimerTask.str1.4
                0x1000a978       0x10 freertos/libfreertos.a(timers.c.obj)
 .rodata        0x1000a978       0x10 lcd/liblcd.a(lcd.c.obj)
 .rodata.m_Crc7Table
                0x1000a988      0x100 pico_sd_fatfs/libpico_sd_fatfs.a(crc.c.obj)
                0x1000a988                m_Crc7Table
 .rodata._ctype_
                0x1000aa88      0x101 C:/Users/nahue/.pico-sdk/toolchain/14_2_Rel1/bin/../lib/gcc/arm-none-eabi/14.2.1/thumb/v8-m.main+fp/softfp\libg.a(libc_a-ctype_.o)
                0x1000aa88                _ctype_
 *(.srodata*)
                0x1000ab8c                        . = ALIGN (0x4)
 *fill*         0x1000ab89        0x3 
 *(SORT_BY_ALIGNMENT(SORT_BY_NAME(.flashdata*)))
                0x1000ab8c                        . = ALIGN (0x4)

.ARM.extab
 *(.ARM.extab* .gnu.linkonce.armextab.*)
                0x1000ab8c                        __exidx_start = .

.ARM.exidx      0x1000ab8c        0x8
 *(.ARM.exidx* .gnu.linkonce.armexidx.*)
 .ARM.exidx     0x1000ab8c        0x8 C:/Users/nahue/.pico-sdk/toolchain/14_2_Rel1/bin/../lib/gcc/arm-none-eabi/14.2.1/thumb/v8-m.main+fp/softfp\libg.a(libc_a-memcpy.o)
 .ARM.exidx.text.__udivmoddi4
                0x1000ab94        0x0 C:/Users/nahue/.pico-sdk/toolchain/14_2_Rel1/bin/../lib/gcc/arm-none-eabi/14.2.1/thumb/v8-m.main+fp/softfp\libgcc.a(_udivmoddi4.o)
                                  0x8 (size before relaxing)
                0x1000ab94                        __exidx_end = .
                0x1000ab94                        . = ALIGN (0x4)
                0x1000ab94                        __binary_info_start = .

.binary_info    0x1000ab94       0x24
 *(.binary_info.keep.*)
 .binary_info.keep.__bi_ptr84
                0x1000ab94        0x4 CMakeFiles/firmware.dir/C_/Users/nahue/.pico-sdk/sdk/2.1.1/src/rp2_common/pico_standard_binary_info/standard_binary_info.c.obj
 .binary_info.keep.__bi_ptr78
                0x1000ab98        0x4 CMakeFiles/firmware.dir/C_/Users/nahue/.pico-sdk/sdk/2.1.1/src/rp2_common/pico_standard_binary_info/standard_binary_info.c.obj
 .binary_info.keep.__bi_ptr60
                0x1000ab9c        0x4 CMakeFiles/firmware.dir/C_/Users/nahue/.pico-sdk/sdk/2.1.1/src/rp2_common/pico_standard_binary_info/standard_binary_info.c.obj
 .binary_info.keep.__bi_ptr54
                0x1000aba0        0x4 CMakeFiles/firmware.dir/C_/Users/nahue/.pico-sdk/sdk/2.1.1/src/rp2_common/pico_standard_binary_info/standard_binary_info.c.obj
 .binary_info.keep.__bi_ptr48
                0x1000aba4        0x4 CMakeFiles/firmware.dir/C_/Users/nahue/.pico-sdk/sdk/2.1.1/src/rp2_common/pico_standard_binary_info/standard_binary_info.c.obj
 .binary_info.keep.__bi_ptr42
                0x1000aba8        0x4 CMakeFiles/firmware.dir/C_/Users/nahue/.pico-sdk/sdk/2.1.1/src/rp2_common/pico_standard_binary_info/standard_binary_info.c.obj
 .binary_info.keep.__bi_ptr34
                0x1000abac        0x4 CMakeFiles/firmware.dir/C_/Users/nahue/.pico-sdk/sdk/2.1.1/src/rp2_common/pico_standard_binary_info/standard_binary_info.c.obj
 .binary_info.keep.__bi_ptr26
                0x1000abb0        0x4 CMakeFiles/firmware.dir/C_/Users/nahue/.pico-sdk/sdk/2.1.1/src/rp2_common/pico_standard_binary_info/standard_binary_info.c.obj
 *(.binary_info.*)
 .binary_info.__bi_ptr197
                0x1000abb4        0x4 CMakeFiles/firmware.dir/C_/Users/nahue/.pico-sdk/sdk/2.1.1/src/rp2_common/pico_stdio_usb/stdio_usb.c.obj
                0x1000abb8                        __binary_info_end = .
                0x1000abb8                        . = ALIGN (0x4)

.ram_vector_table
                0x20000000      0x110
 *(.ram_vector_table)
 .ram_vector_table
                0x20000000      0x110 CMakeFiles/firmware.dir/C_/Users/nahue/.pico-sdk/sdk/2.1.1/src/rp2_common/pico_runtime_init/runtime_init.c.obj
                0x20000000                ram_vector_table

.uninitialized_data
                0x20000110       0x78
                0x20000110                        . = ALIGN (0x4)
 *(.uninitialized_data*)
 .uninitialized_data
                0x20000110       0x78 pico_sd_fatfs/libpico_sd_fatfs.a(crash.c.obj)

.data           0x20000188     0x1a20 load address 0x1000abb8
                0x20000188                        __data_start__ = .
 *(vtable)
 *(.time_critical*)
 .time_critical.mutex_try_enter
                0x20000188       0x50 CMakeFiles/firmware.dir/C_/Users/nahue/.pico-sdk/sdk/2.1.1/src/common/pico_sync/mutex.c.obj
                0x20000188                mutex_try_enter
 .time_critical.mutex_enter_block_until
                0x200001d8       0x6c CMakeFiles/firmware.dir/C_/Users/nahue/.pico-sdk/sdk/2.1.1/src/common/pico_sync/mutex.c.obj
                0x200001d8                mutex_enter_block_until
 .time_critical.mutex_try_enter_block_until
                0x20000244       0x68 CMakeFiles/firmware.dir/C_/Users/nahue/.pico-sdk/sdk/2.1.1/src/common/pico_sync/mutex.c.obj
                0x20000244                mutex_try_enter_block_until
 .time_critical.mutex_enter_timeout_ms
                0x200002ac       0x38 CMakeFiles/firmware.dir/C_/Users/nahue/.pico-sdk/sdk/2.1.1/src/common/pico_sync/mutex.c.obj
                0x200002ac                mutex_enter_timeout_ms
 .time_critical.mutex_exit
                0x200002e4       0x3c CMakeFiles/firmware.dir/C_/Users/nahue/.pico-sdk/sdk/2.1.1/src/common/pico_sync/mutex.c.obj
                0x200002e4                mutex_exit
 .time_critical.reset_non_control_endpoints
                0x20000320       0x64 CMakeFiles/firmware.dir/C_/Users/nahue/.pico-sdk/sdk/2.1.1/lib/tinyusb/src/portable/raspberrypi/rp2040/dcd_rp2040.c.obj
 .time_critical.hw_handle_buff_status
                0x20000384       0x90 CMakeFiles/firmware.dir/C_/Users/nahue/.pico-sdk/sdk/2.1.1/lib/tinyusb/src/portable/raspberrypi/rp2040/dcd_rp2040.c.obj
 .time_critical.dcd_rp2040_irq
                0x20000414      0x530 CMakeFiles/firmware.dir/C_/Users/nahue/.pico-sdk/sdk/2.1.1/lib/tinyusb/src/portable/raspberrypi/rp2040/dcd_rp2040.c.obj
 .time_critical.prepare_ep_buffer
                0x20000944       0xc0 CMakeFiles/firmware.dir/C_/Users/nahue/.pico-sdk/sdk/2.1.1/lib/tinyusb/src/portable/raspberrypi/rp2040/rp2040_usb.c.obj
 .time_critical.sync_ep_buffer
                0x20000a04       0xb4 CMakeFiles/firmware.dir/C_/Users/nahue/.pico-sdk/sdk/2.1.1/lib/tinyusb/src/portable/raspberrypi/rp2040/rp2040_usb.c.obj
 .time_critical._hw_endpoint_xfer_sync
                0x20000ab8       0x2c CMakeFiles/firmware.dir/C_/Users/nahue/.pico-sdk/sdk/2.1.1/lib/tinyusb/src/portable/raspberrypi/rp2040/rp2040_usb.c.obj
 .time_critical.e15_is_bulkin_ep
                0x20000ae4       0x28 CMakeFiles/firmware.dir/C_/Users/nahue/.pico-sdk/sdk/2.1.1/lib/tinyusb/src/portable/raspberrypi/rp2040/rp2040_usb.c.obj
 .time_critical.e15_is_critical_frame_period
                0x20000b0c       0x28 CMakeFiles/firmware.dir/C_/Users/nahue/.pico-sdk/sdk/2.1.1/lib/tinyusb/src/portable/raspberrypi/rp2040/rp2040_usb.c.obj
 .time_critical.hw_endpoint_reset_transfer
                0x20000b34        0xc CMakeFiles/firmware.dir/C_/Users/nahue/.pico-sdk/sdk/2.1.1/lib/tinyusb/src/portable/raspberrypi/rp2040/rp2040_usb.c.obj
                0x20000b34                hw_endpoint_reset_transfer
 .time_critical._hw_endpoint_buffer_control_update32
                0x20000b40       0x44 CMakeFiles/firmware.dir/C_/Users/nahue/.pico-sdk/sdk/2.1.1/lib/tinyusb/src/portable/raspberrypi/rp2040/rp2040_usb.c.obj
                0x20000b40                _hw_endpoint_buffer_control_update32
 .time_critical.hw_endpoint_start_next_buffer
                0x20000b84       0x64 CMakeFiles/firmware.dir/C_/Users/nahue/.pico-sdk/sdk/2.1.1/lib/tinyusb/src/portable/raspberrypi/rp2040/rp2040_usb.c.obj
                0x20000b84                hw_endpoint_start_next_buffer
 .time_critical.hw_endpoint_xfer_continue
                0x20000be8       0x3c CMakeFiles/firmware.dir/C_/Users/nahue/.pico-sdk/sdk/2.1.1/lib/tinyusb/src/portable/raspberrypi/rp2040/rp2040_usb.c.obj
                0x20000be8                hw_endpoint_xfer_continue
 .time_critical.tinyusb
                0x20000c24      0x224 CMakeFiles/firmware.dir/C_/Users/nahue/.pico-sdk/sdk/2.1.1/lib/tinyusb/src/device/usbd.c.obj
                0x20000c24                dcd_event_handler
 *(.text*)
 .text          0x20000e48      0x378 C:/Users/nahue/.pico-sdk/toolchain/14_2_Rel1/bin/../lib/gcc/arm-none-eabi/14.2.1/thumb/v8-m.main+fp/softfp\libgcc.a(_arm_addsubdf3.o)
                0x20000e48                __aeabi_drsub
                0x20000e50                __aeabi_dsub
                0x20000e50                __subdf3
                0x20000e54                __aeabi_dadd
                0x20000e54                __adddf3
                0x200010cc                __floatunsidf
                0x200010cc                __aeabi_ui2d
                0x200010ec                __floatsidf
                0x200010ec                __aeabi_i2d
                0x20001110                __aeabi_f2d
                0x20001110                __extendsfdf2
                0x20001154                __floatundidf
                0x20001154                __aeabi_ul2d
                0x20001164                __floatdidf
                0x20001164                __aeabi_l2d
 .text          0x200011c0       0x30 C:/Users/nahue/.pico-sdk/toolchain/14_2_Rel1/bin/../lib/gcc/arm-none-eabi/14.2.1/thumb/v8-m.main+fp/softfp\libgcc.a(_aeabi_uldivmod.o)
                0x200011c0                __aeabi_uldivmod
 .text.__udivmoddi4
                0x200011f0      0x34c C:/Users/nahue/.pico-sdk/toolchain/14_2_Rel1/bin/../lib/gcc/arm-none-eabi/14.2.1/thumb/v8-m.main+fp/softfp\libgcc.a(_udivmoddi4.o)
                0x200011f0                __udivmoddi4
 .text          0x2000153c        0x4 C:/Users/nahue/.pico-sdk/toolchain/14_2_Rel1/bin/../lib/gcc/arm-none-eabi/14.2.1/thumb/v8-m.main+fp/softfp\libgcc.a(_dvmd_tls.o)
                0x2000153c                __aeabi_idiv0
                0x2000153c                __aeabi_ldiv0
 .text.__stub   0x20001540       0x30 linker stubs
                0x20001570                        . = ALIGN (0x4)
 *(.rodata*)
                0x20001570                        . = ALIGN (0x4)
 *(.data*)
 .data.last_pwm.0
                0x20001570        0x2 CMakeFiles/firmware.dir/firmware.c.obj
 *fill*         0x20001572        0x2 
 .data.cooler   0x20001574       0x14 CMakeFiles/firmware.dir/firmware.c.obj
                0x20001574                cooler
 .data.striped_spin_lock_num